../Core/Src/app_freertos.c:208:6:vApplicationStackOverflowHook	16	static
../Core/Src/app_freertos.c:221:6:MX_FREERTOS_Init	8	static
../Core/Src/app_freertos.c:291:6:StartDefaultTask	16	static
../Core/Src/app_freertos.c:311:6:StartUsbSendTask	32	static
../Core/Src/app_freertos.c:340:6:StartLoraSendTask	32	static
../Core/Src/app_freertos.c:366:6:StartUsbReceiveTask	336	static
../Core/Src/app_freertos.c:500:6:StartLoraReceiveTask	64	static
../Core/Src/app_freertos.c:560:6:StartUsbTask	3160	static
../Core/Src/app_freertos.c:688:13:OnTxDone	48	static
../Core/Src/app_freertos.c:702:13:OnRxDone	208	dynamic
../Core/Src/app_freertos.c:725:13:OnTxTimeout	40	static
../Core/Src/app_freertos.c:736:13:OnRxTimeout	8	static
../Core/Src/app_freertos.c:743:13:OnRxError	40	static
