../Core/Src/stm32wlxx_it.c:72:6:NMI_Handler	4	static
../Core/Src/stm32wlxx_it.c:87:6:HardFault_Handler	4	static
../Core/Src/stm32wlxx_it.c:102:6:MemManage_Handler	4	static
../Core/Src/stm32wlxx_it.c:117:6:BusFault_Handler	4	static
../Core/Src/stm32wlxx_it.c:132:6:UsageFault_Handler	4	static
../Core/Src/stm32wlxx_it.c:147:6:DebugMon_Handler	4	static
../Core/Src/stm32wlxx_it.c:167:6:RCC_IRQHandler	4	static
../Core/Src/stm32wlxx_it.c:180:6:TIM1_UP_IRQHandler	8	static
../Core/Src/stm32wlxx_it.c:194:6:USART1_IRQHandler	8	static
../Core/Src/stm32wlxx_it.c:208:6:HSEM_IRQHandler	8	static
../Core/Src/stm32wlxx_it.c:222:6:SUBGHZ_Radio_IRQHandler	8	static
