Archive member included to satisfy reference by file (symbol)

C:/ST/STM32CubeIDE_1.15.1/STM32CubeIDE/plugins/com.st.stm32cube.ide.mcu.externaltools.gnu-tools-for-stm32.12.3.rel1.win32_1.0.100.202403111256/tools/bin/../lib/gcc/arm-none-eabi/12.3.1/../../../../arm-none-eabi/lib/thumb/v7e-m/nofp\libc_nano.a(libc_a-exit.o)
                              C:/ST/STM32CubeIDE_1.15.1/STM32CubeIDE/plugins/com.st.stm32cube.ide.mcu.externaltools.gnu-tools-for-stm32.12.3.rel1.win32_1.0.100.202403111256/tools/bin/../lib/gcc/arm-none-eabi/12.3.1/../../../../arm-none-eabi/lib/thumb/v7e-m/nofp/crt0.o (exit)
C:/ST/STM32CubeIDE_1.15.1/STM32CubeIDE/plugins/com.st.stm32cube.ide.mcu.externaltools.gnu-tools-for-stm32.12.3.rel1.win32_1.0.100.202403111256/tools/bin/../lib/gcc/arm-none-eabi/12.3.1/../../../../arm-none-eabi/lib/thumb/v7e-m/nofp\libc_nano.a(libc_a-malloc.o)
                              ./Core/Src/app_freertos.o (malloc)
C:/ST/STM32CubeIDE_1.15.1/STM32CubeIDE/plugins/com.st.stm32cube.ide.mcu.externaltools.gnu-tools-for-stm32.12.3.rel1.win32_1.0.100.202403111256/tools/bin/../lib/gcc/arm-none-eabi/12.3.1/../../../../arm-none-eabi/lib/thumb/v7e-m/nofp\libc_nano.a(libc_a-mallocr.o)
                              C:/ST/STM32CubeIDE_1.15.1/STM32CubeIDE/plugins/com.st.stm32cube.ide.mcu.externaltools.gnu-tools-for-stm32.12.3.rel1.win32_1.0.100.202403111256/tools/bin/../lib/gcc/arm-none-eabi/12.3.1/../../../../arm-none-eabi/lib/thumb/v7e-m/nofp\libc_nano.a(libc_a-malloc.o) (_malloc_r)
C:/ST/STM32CubeIDE_1.15.1/STM32CubeIDE/plugins/com.st.stm32cube.ide.mcu.externaltools.gnu-tools-for-stm32.12.3.rel1.win32_1.0.100.202403111256/tools/bin/../lib/gcc/arm-none-eabi/12.3.1/../../../../arm-none-eabi/lib/thumb/v7e-m/nofp\libc_nano.a(libc_a-mlock.o)
                              C:/ST/STM32CubeIDE_1.15.1/STM32CubeIDE/plugins/com.st.stm32cube.ide.mcu.externaltools.gnu-tools-for-stm32.12.3.rel1.win32_1.0.100.202403111256/tools/bin/../lib/gcc/arm-none-eabi/12.3.1/../../../../arm-none-eabi/lib/thumb/v7e-m/nofp\libc_nano.a(libc_a-mallocr.o) (__malloc_lock)
C:/ST/STM32CubeIDE_1.15.1/STM32CubeIDE/plugins/com.st.stm32cube.ide.mcu.externaltools.gnu-tools-for-stm32.12.3.rel1.win32_1.0.100.202403111256/tools/bin/../lib/gcc/arm-none-eabi/12.3.1/../../../../arm-none-eabi/lib/thumb/v7e-m/nofp\libc_nano.a(libc_a-findfp.o)
                              ./Middlewares/Third_Party/FreeRTOS/Source/tasks.o (__sf)
C:/ST/STM32CubeIDE_1.15.1/STM32CubeIDE/plugins/com.st.stm32cube.ide.mcu.externaltools.gnu-tools-for-stm32.12.3.rel1.win32_1.0.100.202403111256/tools/bin/../lib/gcc/arm-none-eabi/12.3.1/../../../../arm-none-eabi/lib/thumb/v7e-m/nofp\libc_nano.a(libc_a-fwalk.o)
                              C:/ST/STM32CubeIDE_1.15.1/STM32CubeIDE/plugins/com.st.stm32cube.ide.mcu.externaltools.gnu-tools-for-stm32.12.3.rel1.win32_1.0.100.202403111256/tools/bin/../lib/gcc/arm-none-eabi/12.3.1/../../../../arm-none-eabi/lib/thumb/v7e-m/nofp\libc_nano.a(libc_a-findfp.o) (_fwalk_sglue)
C:/ST/STM32CubeIDE_1.15.1/STM32CubeIDE/plugins/com.st.stm32cube.ide.mcu.externaltools.gnu-tools-for-stm32.12.3.rel1.win32_1.0.100.202403111256/tools/bin/../lib/gcc/arm-none-eabi/12.3.1/../../../../arm-none-eabi/lib/thumb/v7e-m/nofp\libc_nano.a(libc_a-stdio.o)
                              C:/ST/STM32CubeIDE_1.15.1/STM32CubeIDE/plugins/com.st.stm32cube.ide.mcu.externaltools.gnu-tools-for-stm32.12.3.rel1.win32_1.0.100.202403111256/tools/bin/../lib/gcc/arm-none-eabi/12.3.1/../../../../arm-none-eabi/lib/thumb/v7e-m/nofp\libc_nano.a(libc_a-findfp.o) (__sread)
C:/ST/STM32CubeIDE_1.15.1/STM32CubeIDE/plugins/com.st.stm32cube.ide.mcu.externaltools.gnu-tools-for-stm32.12.3.rel1.win32_1.0.100.202403111256/tools/bin/../lib/gcc/arm-none-eabi/12.3.1/../../../../arm-none-eabi/lib/thumb/v7e-m/nofp\libc_nano.a(libc_a-memset.o)
                              C:/ST/STM32CubeIDE_1.15.1/STM32CubeIDE/plugins/com.st.stm32cube.ide.mcu.externaltools.gnu-tools-for-stm32.12.3.rel1.win32_1.0.100.202403111256/tools/bin/../lib/gcc/arm-none-eabi/12.3.1/../../../../arm-none-eabi/lib/thumb/v7e-m/nofp/crt0.o (memset)
C:/ST/STM32CubeIDE_1.15.1/STM32CubeIDE/plugins/com.st.stm32cube.ide.mcu.externaltools.gnu-tools-for-stm32.12.3.rel1.win32_1.0.100.202403111256/tools/bin/../lib/gcc/arm-none-eabi/12.3.1/../../../../arm-none-eabi/lib/thumb/v7e-m/nofp\libc_nano.a(libc_a-strncmp.o)
                              ./Core/Src/app_freertos.o (strncmp)
C:/ST/STM32CubeIDE_1.15.1/STM32CubeIDE/plugins/com.st.stm32cube.ide.mcu.externaltools.gnu-tools-for-stm32.12.3.rel1.win32_1.0.100.202403111256/tools/bin/../lib/gcc/arm-none-eabi/12.3.1/../../../../arm-none-eabi/lib/thumb/v7e-m/nofp\libc_nano.a(libc_a-strncpy.o)
                              ./Core/Src/app_freertos.o (strncpy)
C:/ST/STM32CubeIDE_1.15.1/STM32CubeIDE/plugins/com.st.stm32cube.ide.mcu.externaltools.gnu-tools-for-stm32.12.3.rel1.win32_1.0.100.202403111256/tools/bin/../lib/gcc/arm-none-eabi/12.3.1/../../../../arm-none-eabi/lib/thumb/v7e-m/nofp\libc_nano.a(libc_a-strtok_r.o)
[...]
Memory Configuration

Name             Origin             Length             Attributes
RAM              0x20000000         0x00010000         xrw
RAM2             0x10000000         0x00008000         xrw
FLASH            0x08000000         0x00040000         xr
*default*        0x00000000         0xffffffff

Linker script and memory map

LOAD C:/ST/STM32CubeIDE_1.15.1/STM32CubeIDE/plugins/com.st.stm32cube.ide.mcu.externaltools.gnu-tools-for-stm32.12.3.rel1.win32_1.0.100.202403111256/tools/bin/../lib/gcc/arm-none-eabi/12.3.1/thumb/v7e-m/nofp/crti.o
LOAD C:/ST/STM32CubeIDE_1.15.1/STM32CubeIDE/plugins/com.st.stm32cube.ide.mcu.externaltools.gnu-tools-for-stm32.12.3.rel1.win32_1.0.100.202403111256/tools/bin/../lib/gcc/arm-none-eabi/12.3.1/thumb/v7e-m/nofp/crtbegin.o
LOAD C:/ST/STM32CubeIDE_1.15.1/STM32CubeIDE/plugins/com.st.stm32cube.ide.mcu.externaltools.gnu-tools-for-stm32.12.3.rel1.win32_1.0.100.202403111256/tools/bin/../lib/gcc/arm-none-eabi/12.3.1/../../../../arm-none-eabi/lib/thumb/v7e-m/nofp/crt0.o
LOAD ./Core/Src/app_freertos.o
LOAD ./Core/Src/gpio.o
LOAD ./Core/Src/main.o
LOAD ./Core/Src/stm32_adv_trace_if.o
LOAD ./Core/Src/stm32_lpm_if.o
LOAD ./Core/Src/stm32wlxx_hal_msp.o
LOAD ./Core/Src/stm32wlxx_hal_timebase_tim.o
LOAD ./Core/Src/stm32wlxx_it.o
LOAD ./Core/Src/subghz.o
LOAD ./Core/Src/sys_app.o
LOAD ./Core/Src/syscalls.o
LOAD ./Core/Src/sysmem.o
LOAD ./Core/Src/system_stm32wlxx.o
LOAD ./Core/Src/timer_if.o
LOAD ./Core/Src/usart.o
LOAD ./Core/Startup/startup_stm32wle5ccux.o
LOAD ./Drivers/STM32WLxx_HAL_Driver/Src/stm32wlxx_hal.o
LOAD ./Drivers/STM32WLxx_HAL_Driver/Src/stm32wlxx_hal_cortex.o
LOAD ./Drivers/STM32WLxx_HAL_Driver/Src/stm32wlxx_hal_dma.o
LOAD ./Drivers/STM32WLxx_HAL_Driver/Src/stm32wlxx_hal_dma_ex.o
LOAD ./Drivers/STM32WLxx_HAL_Driver/Src/stm32wlxx_hal_exti.o
LOAD ./Drivers/STM32WLxx_HAL_Driver/Src/stm32wlxx_hal_flash.o
LOAD ./Drivers/STM32WLxx_HAL_Driver/Src/stm32wlxx_hal_flash_ex.o
LOAD ./Drivers/STM32WLxx_HAL_Driver/Src/stm32wlxx_hal_gpio.o
LOAD ./Drivers/STM32WLxx_HAL_Driver/Src/stm32wlxx_hal_hsem.o
LOAD ./Drivers/STM32WLxx_HAL_Driver/Src/stm32wlxx_hal_pwr.o
LOAD ./Drivers/STM32WLxx_HAL_Driver/Src/stm32wlxx_hal_pwr_ex.o
LOAD ./Drivers/STM32WLxx_HAL_Driver/Src/stm32wlxx_hal_rcc.o
LOAD ./Drivers/STM32WLxx_HAL_Driver/Src/stm32wlxx_hal_rcc_ex.o
LOAD ./Drivers/STM32WLxx_HAL_Driver/Src/stm32wlxx_hal_subghz.o
LOAD ./Drivers/STM32WLxx_HAL_Driver/Src/stm32wlxx_hal_tim.o
LOAD ./Drivers/STM32WLxx_HAL_Driver/Src/stm32wlxx_hal_tim_ex.o
LOAD ./Drivers/STM32WLxx_HAL_Driver/Src/stm32wlxx_hal_uart.o
LOAD ./Drivers/STM32WLxx_HAL_Driver/Src/stm32wlxx_hal_uart_ex.o
LOAD ./Middlewares/Third_Party/FreeRTOS/Source/CMSIS_RTOS_V2/cmsis_os2.o
LOAD ./Middlewares/Third_Party/FreeRTOS/Source/croutine.o
LOAD ./Middlewares/Third_Party/FreeRTOS/Source/event_groups.o
LOAD ./Middlewares/Third_Party/FreeRTOS/Source/list.o
LOAD ./Middlewares/Third_Party/FreeRTOS/Source/queue.o
LOAD ./Middlewares/Third_Party/FreeRTOS/Source/stream_buffer.o
LOAD ./Middlewares/Third_Party/FreeRTOS/Source/tasks.o
LOAD ./Middlewares/Third_Party/FreeRTOS/Source/timers.o
LOAD ./Middlewares/Third_Party/FreeRTOS/Source/portable/GCC/ARM_CM3/port.o
LOAD ./Middlewares/Third_Party/FreeRTOS/Source/portable/MemMang/heap_1.o
LOAD ./Middlewares/Third_Party/SubGHz_Phy/stm32_radio_driver/lr_fhss_mac.o
LOAD ./Middlewares/Third_Party/SubGHz_Phy/stm32_radio_driver/radio.o
LOAD ./Middlewares/Third_Party/SubGHz_Phy/stm32_radio_driver/radio_driver.o
LOAD ./Middlewares/Third_Party/SubGHz_Phy/stm32_radio_driver/radio_fw.o
LOAD ./Middlewares/Third_Party/SubGHz_Phy/stm32_radio_driver/wl_lr_fhss.o
LOAD ./SubGHz_Phy/App/app_subghz_phy.o
LOAD ./SubGHz_Phy/App/subghz_phy_app.o
LOAD ./SubGHz_Phy/Target/radio_board_if.o
LOAD ./Utilities/lpm/tiny_lpm/stm32_lpm.o
LOAD ./Utilities/misc/stm32_mem.o
LOAD ./Utilities/misc/stm32_systime.o
LOAD ./Utilities/misc/stm32_tiny_sscanf.o
LOAD ./Utilities/misc/stm32_tiny_vsnprintf.o
LOAD ./Utilities/timer/stm32_timer.o
LOAD ./Utilities/trace/adv_trace/stm32_adv_trace.o
START GROUP
LOAD C:/ST/STM32CubeIDE_1.15.1/STM32CubeIDE/plugins/com.st.stm32cube.ide.mcu.externaltools.gnu-tools-for-stm32.12.3.rel1.win32_1.0.100.202403111256/tools/bin/../lib/gcc/arm-none-eabi/12.3.1/../../../../arm-none-eabi/lib/thumb/v7e-m/nofp\libc_nano.a
LOAD C:/ST/STM32CubeIDE_1.15.1/STM32CubeIDE/plugins/com.st.stm32cube.ide.mcu.externaltools.gnu-tools-for-stm32.12.3.rel1.win32_1.0.100.202403111256/tools/bin/../lib/gcc/arm-none-eabi/12.3.1/../../../../arm-none-eabi/lib/thumb/v7e-m/nofp\libm.a
END GROUP
START GROUP
LOAD C:/ST/STM32CubeIDE_1.15.1/STM32CubeIDE/plugins/com.st.stm32cube.ide.mcu.externaltools.gnu-tools-for-stm32.12.3.rel1.win32_1.0.100.202403111256/tools/bin/../lib/gcc/arm-none-eabi/12.3.1/thumb/v7e-m/nofp\libgcc.a
LOAD C:/ST/STM32CubeIDE_1.15.1/STM32CubeIDE/plugins/com.st.stm32cube.ide.mcu.externaltools.gnu-tools-for-stm32.12.3.rel1.win32_1.0.100.202403111256/tools/bin/../lib/gcc/arm-none-eabi/12.3.1/../../../../arm-none-eabi/lib/thumb/v7e-m/nofp\libc_nano.a
END GROUP
START GROUP
LOAD C:/ST/STM32CubeIDE_1.15.1/STM32CubeIDE/plugins/com.st.stm32cube.ide.mcu.externaltools.gnu-tools-for-stm32.12.3.rel1.win32_1.0.100.202403111256/tools/bin/../lib/gcc/arm-none-eabi/12.3.1/thumb/v7e-m/nofp\libgcc.a
LOAD C:/ST/STM32CubeIDE_1.15.1/STM32CubeIDE/plugins/com.st.stm32cube.ide.mcu.externaltools.gnu-tools-for-stm32.12.3.rel1.win32_1.0.100.202403111256/tools/bin/../lib/gcc/arm-none-eabi/12.3.1/../../../../arm-none-eabi/lib/thumb/v7e-m/nofp\libc_nano.a
LOAD C:/ST/STM32CubeIDE_1.15.1/STM32CubeIDE/plugins/com.st.stm32cube.ide.mcu.externaltools.gnu-tools-for-stm32.12.3.rel1.win32_1.0.100.202403111256/tools/bin/../lib/gcc/arm-none-eabi/12.3.1/../../../../arm-none-eabi/lib/thumb/v7e-m/nofp\libnosys.a
END GROUP
START GROUP
LOAD C:/ST/STM32CubeIDE_1.15.1/STM32CubeIDE/plugins/com.st.stm32cube.ide.mcu.externaltools.gnu-tools-for-stm32.12.3.rel1.win32_1.0.100.202403111256/tools/bin/../lib/gcc/arm-none-eabi/12.3.1/thumb/v7e-m/nofp\libgcc.a
LOAD C:/ST/STM32CubeIDE_1.15.1/STM32CubeIDE/plugins/com.st.stm32cube.ide.mcu.externaltools.gnu-tools-for-stm32.12.3.rel1.win32_1.0.100.202403111256/tools/bin/../lib/gcc/arm-none-eabi/12.3.1/../../../../arm-none-eabi/lib/thumb/v7e-m/nofp\libc_nano.a
LOAD C:/ST/STM32CubeIDE_1.15.1/STM32CubeIDE/plugins/com.st.stm32cube.ide.mcu.externaltools.gnu-tools-for-stm32.12.3.rel1.win32_1.0.100.202403111256/tools/bin/../lib/gcc/arm-none-eabi/12.3.1/../../../../arm-none-eabi/lib/thumb/v7e-m/nofp\libnosys.a
END GROUP
LOAD C:/ST/STM32CubeIDE_1.15.1/STM32CubeIDE/plugins/com.st.stm32cube.ide.mcu.externaltools.gnu-tools-for-stm32.12.3.rel1.win32_1.0.100.202403111256/tools/bin/../lib/gcc/arm-none-eabi/12.3.1/thumb/v7e-m/nofp/crtend.o
LOAD C:/ST/STM32CubeIDE_1.15.1/STM32CubeIDE/plugins/com.st.stm32cube.ide.mcu.externaltools.gnu-tools-for-stm32.12.3.rel1.win32_1.0.100.202403111256/tools/bin/../lib/gcc/arm-none-eabi/12.3.1/thumb/v7e-m/nofp/crtn.o
                0x20010000                        _estack = (ORIGIN (RAM) + LENGTH (RAM))
                0x00000200                        _Min_Heap_Size = 0x200
                0x00000400                        _Min_Stack_Size = 0x400

.isr_vector     0x08000000      0x138
                0x08000000                        . = ALIGN (0x4)
 *(.isr_vector)
 .isr_vector    0x08000000      0x138 ./Core/Startup/startup_stm32wle5ccux.o
                0x08000000                g_pfnVectors
                0x08000138                        . = ALIGN (0x4)

.text           0x08000140     0xc72c
                0x08000140                        . = ALIGN (0x4)
 *(.text)
 .text          0x08000140       0x40 C:/ST/STM32CubeIDE_1.15.1/STM32CubeIDE/plugins/com.st.stm32cube.ide.mcu.externaltools.gnu-tools-for-stm32.12.3.rel1.win32_1.0.100.202403111256/tools/bin/../lib/gcc/arm-none-eabi/12.3.1/thumb/v7e-m/nofp/crtbegin.o
 .text          0x08000180       0x10 C:/ST/STM32CubeIDE_1.15.1/STM32CubeIDE/plugins/com.st.stm32cube.ide.mcu.externaltools.gnu-tools-for-stm32.12.3.rel1.win32_1.0.100.202403111256/tools/bin/../lib/gcc/arm-none-eabi/12.3.1/../../../../arm-none-eabi/lib/thumb/v7e-m/nofp\libc_nano.a(libc_a-strlen.o)
                0x08000180                strlen
 .text          0x08000190       0x30 C:/ST/STM32CubeIDE_1.15.1/STM32CubeIDE/plugins/com.st.stm32cube.ide.mcu.externaltools.gnu-tools-for-stm32.12.3.rel1.win32_1.0.100.202403111256/tools/bin/../lib/gcc/arm-none-eabi/12.3.1/thumb/v7e-m/nofp\libgcc.a(_aeabi_uldivmod.o)
                0x08000190                __aeabi_uldivmod
 .text          0x080001c0      0x2bc C:/ST/STM32CubeIDE_1.15.1/STM32CubeIDE/plugins/com.st.stm32cube.ide.mcu.externaltools.gnu-tools-for-stm32.12.3.rel1.win32_1.0.100.202403111256/tools/bin/../lib/gcc/arm-none-eabi/12.3.1/thumb/v7e-m/nofp\libgcc.a(_udivmoddi4.o)
                0x080001c0                __udivmoddi4
 .text          0x0800047c        0x4 C:/ST/STM32CubeIDE_1.15.1/STM32CubeIDE/plugins/com.st.stm32cube.ide.mcu.externaltools.gnu-tools-for-stm32.12.3.rel1.win32_1.0.100.202403111256/tools/bin/../lib/gcc/arm-none-eabi/12.3.1/thumb/v7e-m/nofp\libgcc.a(_dvmd_tls.o)
                0x0800047c                __aeabi_idiv0
                0x0800047c                __aeabi_ldiv0
 *(.text*)
 .text.vApplicationStackOverflowHook
                0x08000480       0x14 ./Core/Src/app_freertos.o
                0x08000480                vApplicationStackOverflowHook
 .text.MX_FREERTOS_Init
                0x08000494      0x100 ./Core/Src/app_freertos.o
                0x08000494                MX_FREERTOS_Init
 .text.StartDefaultTask
                0x08000594       0x14 ./Core/Src/app_freertos.o
                0x08000594                StartDefaultTask
 .text.StartUsbSendTask
                0x080005a8       0xb8 ./Core/Src/app_freertos.o
                0x080005a8                StartUsbSendTask
 .text.StartLoraSendTask
                0x08000660       0x50 ./Core/Src/app_freertos.o
                0x08000660                StartLoraSendTask
 .text.StartUsbReceiveTask
                0x080006b0      0x438 ./Core/Src/app_freertos.o
                0x080006b0                StartUsbReceiveTask
 .text.StartLoraReceiveTask
                0x08000ae8       0xb0 ./Core/Src/app_freertos.o
                0x08000ae8                StartLoraReceiveTask
 .text.LL_AHB2_GRP1_EnableClock
                0x08000b98       0x30 ./Core/Src/gpio.o
 .text.MX_GPIO_Init
                0x08000bc8       0x50 ./Core/Src/gpio.o
                0x08000bc8                MX_GPIO_Init
 .text.main     0x08000c18       0x24 ./Core/Src/main.o
                0x08000c18                main
 .text.SystemClock_Config
                0x08000c3c       0xa4 ./Core/Src/main.o
                0x08000c3c                SystemClock_Config
 .text.HAL_TIM_PeriodElapsedCallback
                0x08000ce0       0x24 ./Core/Src/main.o
                0x08000ce0                HAL_TIM_PeriodElapsedCallback
 .text.Error_Handler
                0x08000d04        0xc ./Core/Src/main.o
                0x08000d04                Error_Handler
 .text.LL_AHB3_GRP1_EnableClock
                0x08000d10       0x30 ./Core/Src/stm32wlxx_hal_msp.o
 .text.HAL_MspInit
                0x08000d40       0x3c ./Core/Src/stm32wlxx_hal_msp.o
                0x08000d40                HAL_MspInit
 .text.LL_APB2_GRP1_EnableClock
                0x08000d7c       0x30 ./Core/Src/stm32wlxx_hal_timebase_tim.o
 .text.HAL_InitTick
                0x08000dac       0xcc ./Core/Src/stm32wlxx_hal_timebase_tim.o
                0x08000dac                HAL_InitTick
 .text.NMI_Handler
                0x08000e78        0x8 ./Core/Src/stm32wlxx_it.o
                0x08000e78                NMI_Handler
 .text.HardFault_Handler
                0x08000e80        0x8 ./Core/Src/stm32wlxx_it.o
                0x08000e80                HardFault_Handler
 .text.MemManage_Handler
                0x08000e88        0x8 ./Core/Src/stm32wlxx_it.o
                0x08000e88                MemManage_Handler
 .text.BusFault_Handler
                0x08000e90        0x8 ./Core/Src/stm32wlxx_it.o
                0x08000e90                BusFault_Handler
 .text.UsageFault_Handler
                0x08000e98        0x8 ./Core/Src/stm32wlxx_it.o
                0x08000e98                UsageFault_Handler
 .text.DebugMon_Handler
                0x08000ea0        0xc ./Core/Src/stm32wlxx_it.o
                0x08000ea0                DebugMon_Handler
 .text.RCC_IRQHandler
                0x08000eac        0xc ./Core/Src/stm32wlxx_it.o
                0x08000eac                RCC_IRQHandler
 .text.TIM1_UP_IRQHandler
                0x08000eb8       0x14 ./Core/Src/stm32wlxx_it.o
                0x08000eb8                TIM1_UP_IRQHandler
 .text.USART1_IRQHandler
                0x08000ecc       0x14 ./Core/Src/stm32wlxx_it.o
                0x08000ecc                USART1_IRQHandler
 .text.HSEM_IRQHandler
                0x08000ee0        0xc ./Core/Src/stm32wlxx_it.o
                0x08000ee0                HSEM_IRQHandler
 .text.SUBGHZ_Radio_IRQHandler
                0x08000eec       0x14 ./Core/Src/stm32wlxx_it.o
                0x08000eec                SUBGHZ_Radio_IRQHandler
 .text.LL_APB3_GRP1_EnableClock
                0x08000f00       0x30 ./Core/Src/subghz.o
 .text.MX_SUBGHZ_Init
                0x08000f30       0x24 ./Core/Src/subghz.o
                0x08000f30                MX_SUBGHZ_Init
 .text.HAL_SUBGHZ_MspInit
                0x08000f54       0x26 ./Core/Src/subghz.o
                0x08000f54                HAL_SUBGHZ_MspInit
 .text.SystemApp_Init
                0x08000f7a        0xc ./Core/Src/sys_app.o
                0x08000f7a                SystemApp_Init
 *fill*         0x08000f86        0x2 
 .text.HAL_GetTick
                0x08000f88       0x28 ./Core/Src/sys_app.o
                0x08000f88                HAL_GetTick
 .text.HAL_Delay
                0x08000fb0       0x18 ./Core/Src/sys_app.o
                0x08000fb0                HAL_Delay
 .text._sbrk    0x08000fc8       0x6c ./Core/Src/sysmem.o
                0x08000fc8                _sbrk
 .text.SystemInit
                0x08001034        0xc ./Core/Src/system_stm32wlxx.o
                0x08001034                SystemInit
 .text.TIMER_IF_Init
                0x08001040       0x16 ./Core/Src/timer_if.o
                0x08001040                TIMER_IF_Init
 .text.TIMER_IF_StartTimer
                0x08001056       0x18 ./Core/Src/timer_if.o
                0x08001056                TIMER_IF_StartTimer
 .text.TIMER_IF_StopTimer
                0x0800106e       0x16 ./Core/Src/timer_if.o
                0x0800106e                TIMER_IF_StopTimer
 .text.TIMER_IF_SetTimerContext
                0x08001084       0x14 ./Core/Src/timer_if.o
                0x08001084                TIMER_IF_SetTimerContext
 .text.TIMER_IF_GetTimerContext
                0x08001098       0x14 ./Core/Src/timer_if.o
                0x08001098                TIMER_IF_GetTimerContext
 .text.TIMER_IF_GetTimerElapsedTime
                0x080010ac       0x16 ./Core/Src/timer_if.o
                0x080010ac                TIMER_IF_GetTimerElapsedTime
 .text.TIMER_IF_GetTimerValue
                0x080010c2       0x16 ./Core/Src/timer_if.o
                0x080010c2                TIMER_IF_GetTimerValue
 .text.TIMER_IF_GetMinimumTimeout
                0x080010d8       0x16 ./Core/Src/timer_if.o
                0x080010d8                TIMER_IF_GetMinimumTimeout
 .text.TIMER_IF_Convert_ms2Tick
                0x080010ee       0x18 ./Core/Src/timer_if.o
                0x080010ee                TIMER_IF_Convert_ms2Tick
 .text.TIMER_IF_Convert_Tick2ms
                0x08001106       0x18 ./Core/Src/timer_if.o
                0x08001106                TIMER_IF_Convert_Tick2ms
 .text.TIMER_IF_DelayMs
                0x0800111e       0x12 ./Core/Src/timer_if.o
                0x0800111e                TIMER_IF_DelayMs
 .text.LL_AHB2_GRP1_EnableClock
                0x08001130       0x30 ./Core/Src/usart.o
 .text.LL_APB2_GRP1_EnableClock
                0x08001160       0x30 ./Core/Src/usart.o
 .text.MX_USART1_UART_Init
                0x08001190       0x9c ./Core/Src/usart.o
                0x08001190                MX_USART1_UART_Init
 .text.HAL_UART_MspInit
                0x0800122c       0x9c ./Core/Src/usart.o
                0x0800122c                HAL_UART_MspInit
 .text.Reset_Handler
                0x080012c8       0x50 ./Core/Startup/startup_stm32wle5ccux.o
                0x080012c8                Reset_Handler
 .text.Default_Handler
                0x08001318        0x2 ./Core/Startup/startup_stm32wle5ccux.o
                0x08001318                RTC_Alarm_IRQHandler
                0x08001318                EXTI2_IRQHandler
                0x08001318                TIM1_CC_IRQHandler
                0x08001318                EXTI3_IRQHandler
                0x08001318                LPTIM2_IRQHandler
                0x08001318                I2C3_ER_IRQHandler
                0x08001318                LPTIM3_IRQHandler
                0x08001318                EXTI0_IRQHandler
                0x08001318                I2C2_EV_IRQHandler
                0x08001318                TAMP_STAMP_LSECSS_SSRU_IRQHandler
                0x08001318                SPI1_IRQHandler
                0x08001318                DMA2_Channel2_IRQHandler
                0x08001318                DMA1_Channel4_IRQHandler
                0x08001318                PKA_IRQHandler
                0x08001318                TIM17_IRQHandler
                0x08001318                DMA1_Channel7_IRQHandler
                0x08001318                SUBGHZSPI_IRQHandler
                0x08001318                DMA2_Channel1_IRQHandler
                0x08001318                I2C1_EV_IRQHandler
                0x08001318                DMAMUX1_OVR_IRQHandler
                0x08001318                DMA1_Channel6_IRQHandler
                0x08001318                TIM16_IRQHandler
                0x08001318                DMA2_Channel4_IRQHandler
                0x08001318                TIM1_TRG_COM_IRQHandler
                0x08001318                DMA1_Channel1_IRQHandler
                0x08001318                Default_Handler
                0x08001318                DMA2_Channel7_IRQHandler
                0x08001318                EXTI15_10_IRQHandler
                0x08001318                ADC_IRQHandler
                0x08001318                I2C3_EV_IRQHandler
                0x08001318                EXTI9_5_IRQHandler
                0x08001318                RTC_WKUP_IRQHandler
                0x08001318                PVD_PVM_IRQHandler
                0x08001318                SPI2_IRQHandler
                0x08001318                DMA2_Channel5_IRQHandler
                0x08001318                DMA1_Channel5_IRQHandler
                0x08001318                EXTI4_IRQHandler
                0x08001318                RNG_IRQHandler
                0x08001318                DMA1_Channel3_IRQHandler
                0x08001318                COMP_IRQHandler
                0x08001318                WWDG_IRQHandler
                0x08001318                LPUART1_IRQHandler
                0x08001318                DMA2_Channel6_IRQHandler
                0x08001318                TIM2_IRQHandler
                0x08001318                TIM1_BRK_IRQHandler
                0x08001318                DAC_IRQHandler
                0x08001318                EXTI1_IRQHandler
                0x08001318                AES_IRQHandler
                0x08001318                USART2_IRQHandler
                0x08001318                I2C2_ER_IRQHandler
                0x08001318                DMA1_Channel2_IRQHandler
                0x08001318                FLASH_IRQHandler
                0x08001318                I2C1_ER_IRQHandler
                0x08001318                LPTIM1_IRQHandler
                0x08001318                DMA2_Channel3_IRQHandler
 *fill*         0x0800131a        0x2 
 .text.HAL_Init
                0x0800131c       0x40 ./Drivers/STM32WLxx_HAL_Driver/Src/stm32wlxx_hal.o
                0x0800131c                HAL_Init
 .text.HAL_IncTick
                0x0800135c       0x24 ./Drivers/STM32WLxx_HAL_Driver/Src/stm32wlxx_hal.o
                0x0800135c                HAL_IncTick
 .text.__NVIC_SetPriorityGrouping
                0x08001380       0x48 ./Drivers/STM32WLxx_HAL_Driver/Src/stm32wlxx_hal_cortex.o
 .text.__NVIC_GetPriorityGrouping
                0x080013c8       0x1c ./Drivers/STM32WLxx_HAL_Driver/Src/stm32wlxx_hal_cortex.o
 .text.__NVIC_EnableIRQ
                0x080013e4       0x38 ./Drivers/STM32WLxx_HAL_Driver/Src/stm32wlxx_hal_cortex.o
 .text.__NVIC_SetPriority
                0x0800141c       0x54 ./Drivers/STM32WLxx_HAL_Driver/Src/stm32wlxx_hal_cortex.o
 .text.NVIC_EncodePriority
                0x08001470       0x64 ./Drivers/STM32WLxx_HAL_Driver/Src/stm32wlxx_hal_cortex.o
 .text.HAL_NVIC_SetPriorityGrouping
                0x080014d4       0x16 ./Drivers/STM32WLxx_HAL_Driver/Src/stm32wlxx_hal_cortex.o
                0x080014d4                HAL_NVIC_SetPriorityGrouping
 .text.HAL_NVIC_SetPriority
                0x080014ea       0x34 ./Drivers/STM32WLxx_HAL_Driver/Src/stm32wlxx_hal_cortex.o
                0x080014ea                HAL_NVIC_SetPriority
 .text.HAL_NVIC_EnableIRQ
                0x0800151e       0x1c ./Drivers/STM32WLxx_HAL_Driver/Src/stm32wlxx_hal_cortex.o
                0x0800151e                HAL_NVIC_EnableIRQ
 .text.HAL_DMA_Abort
                0x0800153a       0xbc ./Drivers/STM32WLxx_HAL_Driver/Src/stm32wlxx_hal_dma.o
                0x0800153a                HAL_DMA_Abort
 .text.HAL_DMA_Abort_IT
                0x080015f6       0xbe ./Drivers/STM32WLxx_HAL_Driver/Src/stm32wlxx_hal_dma.o
                0x080015f6                HAL_DMA_Abort_IT
 .text.HAL_GPIO_Init
                0x080016b4      0x2c0 ./Drivers/STM32WLxx_HAL_Driver/Src/stm32wlxx_hal_gpio.o
                0x080016b4                HAL_GPIO_Init
 .text.HAL_GPIO_WritePin
                0x08001974       0x2e ./Drivers/STM32WLxx_HAL_Driver/Src/stm32wlxx_hal_gpio.o
                0x08001974                HAL_GPIO_WritePin
 *fill*         0x080019a2        0x2 
 .text.HAL_HSEM_IRQHandler
                0x080019a4       0x34 ./Drivers/STM32WLxx_HAL_Driver/Src/stm32wlxx_hal_hsem.o
                0x080019a4                HAL_HSEM_IRQHandler
 .text.HAL_HSEM_FreeCallback
                0x080019d8       0x12 ./Drivers/STM32WLxx_HAL_Driver/Src/stm32wlxx_hal_hsem.o
                0x080019d8                HAL_HSEM_FreeCallback
 *fill*         0x080019ea        0x2 
 .text.HAL_PWR_EnableBkUpAccess
                0x080019ec       0x1c ./Drivers/STM32WLxx_HAL_Driver/Src/stm32wlxx_hal_pwr.o
                0x080019ec                HAL_PWR_EnableBkUpAccess
 .text.HAL_PWREx_GetVoltageRange
                0x08001a08       0x18 ./Drivers/STM32WLxx_HAL_Driver/Src/stm32wlxx_hal_pwr_ex.o
                0x08001a08                HAL_PWREx_GetVoltageRange
 .text.LL_PWR_IsEnabledBkUpAccess
                0x08001a20       0x24 ./Drivers/STM32WLxx_HAL_Driver/Src/stm32wlxx_hal_rcc.o
 .text.LL_RCC_HSE_EnableTcxo
                0x08001a44       0x1c ./Drivers/STM32WLxx_HAL_Driver/Src/stm32wlxx_hal_rcc.o
 .text.LL_RCC_HSE_DisableTcxo
                0x08001a60       0x1c ./Drivers/STM32WLxx_HAL_Driver/Src/stm32wlxx_hal_rcc.o
 .text.LL_RCC_HSE_IsEnabledDiv2
                0x08001a7c       0x22 ./Drivers/STM32WLxx_HAL_Driver/Src/stm32wlxx_hal_rcc.o
 .text.LL_RCC_HSE_Enable
                0x08001a9e       0x1c ./Drivers/STM32WLxx_HAL_Driver/Src/stm32wlxx_hal_rcc.o
 .text.LL_RCC_HSE_Disable
                0x08001aba       0x1c ./Drivers/STM32WLxx_HAL_Driver/Src/stm32wlxx_hal_rcc.o
 .text.LL_RCC_HSE_IsReady
                0x08001ad6       0x22 ./Drivers/STM32WLxx_HAL_Driver/Src/stm32wlxx_hal_rcc.o
 .text.LL_RCC_HSI_Enable
                0x08001af8       0x1c ./Drivers/STM32WLxx_HAL_Driver/Src/stm32wlxx_hal_rcc.o
 .text.LL_RCC_HSI_Disable
                0x08001b14       0x1c ./Drivers/STM32WLxx_HAL_Driver/Src/stm32wlxx_hal_rcc.o
 .text.LL_RCC_HSI_IsReady
                0x08001b30       0x22 ./Drivers/STM32WLxx_HAL_Driver/Src/stm32wlxx_hal_rcc.o
 .text.LL_RCC_HSI_SetCalibTrimming
                0x08001b52       0x28 ./Drivers/STM32WLxx_HAL_Driver/Src/stm32wlxx_hal_rcc.o
 .text.LL_RCC_LSE_IsReady
                0x08001b7a       0x22 ./Drivers/STM32WLxx_HAL_Driver/Src/stm32wlxx_hal_rcc.o
 .text.LL_RCC_LSI_Enable
                0x08001b9c       0x20 ./Drivers/STM32WLxx_HAL_Driver/Src/stm32wlxx_hal_rcc.o
 .text.LL_RCC_LSI_Disable
                0x08001bbc       0x20 ./Drivers/STM32WLxx_HAL_Driver/Src/stm32wlxx_hal_rcc.o
 .text.LL_RCC_LSI_IsReady
                0x08001bdc       0x22 ./Drivers/STM32WLxx_HAL_Driver/Src/stm32wlxx_hal_rcc.o
 .text.LL_RCC_MSI_Enable
                0x08001bfe       0x1c ./Drivers/STM32WLxx_HAL_Driver/Src/stm32wlxx_hal_rcc.o
 .text.LL_RCC_MSI_Disable
                0x08001c1a       0x1c ./Drivers/STM32WLxx_HAL_Driver/Src/stm32wlxx_hal_rcc.o
 .text.LL_RCC_MSI_IsReady
                0x08001c36       0x20 ./Drivers/STM32WLxx_HAL_Driver/Src/stm32wlxx_hal_rcc.o
 .text.LL_RCC_MSI_IsEnabledRangeSelect
                0x08001c56       0x20 ./Drivers/STM32WLxx_HAL_Driver/Src/stm32wlxx_hal_rcc.o
 .text.LL_RCC_MSI_GetRange
                0x08001c76       0x16 ./Drivers/STM32WLxx_HAL_Driver/Src/stm32wlxx_hal_rcc.o
 .text.LL_RCC_MSI_GetRangeAfterStandby
                0x08001c8c       0x18 ./Drivers/STM32WLxx_HAL_Driver/Src/stm32wlxx_hal_rcc.o
 .text.LL_RCC_MSI_SetCalibTrimming
                0x08001ca4       0x28 ./Drivers/STM32WLxx_HAL_Driver/Src/stm32wlxx_hal_rcc.o
 .text.LL_RCC_SetSysClkSource
                0x08001ccc       0x26 ./Drivers/STM32WLxx_HAL_Driver/Src/stm32wlxx_hal_rcc.o
 .text.LL_RCC_GetSysClkSource
                0x08001cf2       0x16 ./Drivers/STM32WLxx_HAL_Driver/Src/stm32wlxx_hal_rcc.o
 .text.LL_RCC_SetAHBPrescaler
                0x08001d08       0x26 ./Drivers/STM32WLxx_HAL_Driver/Src/stm32wlxx_hal_rcc.o
 .text.LL_RCC_SetAHB3Prescaler
                0x08001d2e       0x2c ./Drivers/STM32WLxx_HAL_Driver/Src/stm32wlxx_hal_rcc.o
 .text.LL_RCC_SetAPB1Prescaler
                0x08001d5a       0x26 ./Drivers/STM32WLxx_HAL_Driver/Src/stm32wlxx_hal_rcc.o
 .text.LL_RCC_SetAPB2Prescaler
                0x08001d80       0x26 ./Drivers/STM32WLxx_HAL_Driver/Src/stm32wlxx_hal_rcc.o
 .text.LL_RCC_GetAHBPrescaler
                0x08001da6       0x16 ./Drivers/STM32WLxx_HAL_Driver/Src/stm32wlxx_hal_rcc.o
 .text.LL_RCC_GetAHB3Prescaler
                0x08001dbc       0x1a ./Drivers/STM32WLxx_HAL_Driver/Src/stm32wlxx_hal_rcc.o
 .text.LL_RCC_GetAPB1Prescaler
                0x08001dd6       0x16 ./Drivers/STM32WLxx_HAL_Driver/Src/stm32wlxx_hal_rcc.o
 .text.LL_RCC_GetAPB2Prescaler
                0x08001dec       0x16 ./Drivers/STM32WLxx_HAL_Driver/Src/stm32wlxx_hal_rcc.o
 .text.LL_RCC_PLL_Enable
                0x08001e02       0x1c ./Drivers/STM32WLxx_HAL_Driver/Src/stm32wlxx_hal_rcc.o
 .text.LL_RCC_PLL_Disable
                0x08001e1e       0x1c ./Drivers/STM32WLxx_HAL_Driver/Src/stm32wlxx_hal_rcc.o
 .text.LL_RCC_PLL_IsReady
                0x08001e3a       0x22 ./Drivers/STM32WLxx_HAL_Driver/Src/stm32wlxx_hal_rcc.o
 .text.LL_RCC_PLL_GetN
                0x08001e5c       0x18 ./Drivers/STM32WLxx_HAL_Driver/Src/stm32wlxx_hal_rcc.o
 .text.LL_RCC_PLL_GetR
                0x08001e74       0x16 ./Drivers/STM32WLxx_HAL_Driver/Src/stm32wlxx_hal_rcc.o
 .text.LL_RCC_PLL_GetDivider
                0x08001e8a       0x16 ./Drivers/STM32WLxx_HAL_Driver/Src/stm32wlxx_hal_rcc.o
 .text.LL_RCC_PLL_GetMainSource
                0x08001ea0       0x16 ./Drivers/STM32WLxx_HAL_Driver/Src/stm32wlxx_hal_rcc.o
 .text.LL_RCC_IsActiveFlag_HPRE
                0x08001eb6       0x22 ./Drivers/STM32WLxx_HAL_Driver/Src/stm32wlxx_hal_rcc.o
 .text.LL_RCC_IsActiveFlag_SHDHPRE
                0x08001ed8       0x24 ./Drivers/STM32WLxx_HAL_Driver/Src/stm32wlxx_hal_rcc.o
 .text.LL_RCC_IsActiveFlag_PPRE1
                0x08001efc       0x22 ./Drivers/STM32WLxx_HAL_Driver/Src/stm32wlxx_hal_rcc.o
 .text.LL_RCC_IsActiveFlag_PPRE2
                0x08001f1e       0x22 ./Drivers/STM32WLxx_HAL_Driver/Src/stm32wlxx_hal_rcc.o
 .text.HAL_RCC_OscConfig
                0x08001f40      0x704 ./Drivers/STM32WLxx_HAL_Driver/Src/stm32wlxx_hal_rcc.o
                0x08001f40                HAL_RCC_OscConfig
 .text.HAL_RCC_ClockConfig
                0x08002644      0x248 ./Drivers/STM32WLxx_HAL_Driver/Src/stm32wlxx_hal_rcc.o
                0x08002644                HAL_RCC_ClockConfig
 .text.HAL_RCC_GetSysClockFreq
                0x0800288c      0x140 ./Drivers/STM32WLxx_HAL_Driver/Src/stm32wlxx_hal_rcc.o
                0x0800288c                HAL_RCC_GetSysClockFreq
 .text.HAL_RCC_GetHCLKFreq
                0x080029cc       0x28 ./Drivers/STM32WLxx_HAL_Driver/Src/stm32wlxx_hal_rcc.o
                0x080029cc                HAL_RCC_GetHCLKFreq
 .text.HAL_RCC_GetPCLK1Freq
                0x080029f4       0x24 ./Drivers/STM32WLxx_HAL_Driver/Src/stm32wlxx_hal_rcc.o
                0x080029f4                HAL_RCC_GetPCLK1Freq
 .text.HAL_RCC_GetPCLK2Freq
                0x08002a18       0x24 ./Drivers/STM32WLxx_HAL_Driver/Src/stm32wlxx_hal_rcc.o
                0x08002a18                HAL_RCC_GetPCLK2Freq
 .text.HAL_RCC_GetClockConfig
                0x08002a3c       0x7c ./Drivers/STM32WLxx_HAL_Driver/Src/stm32wlxx_hal_rcc.o
                0x08002a3c                HAL_RCC_GetClockConfig
 .text.RCC_SetFlashLatencyFromMSIRange
                0x08002ab8       0x60 ./Drivers/STM32WLxx_HAL_Driver/Src/stm32wlxx_hal_rcc.o
 .text.RCC_SetFlashLatency
                0x08002b18      0x104 ./Drivers/STM32WLxx_HAL_Driver/Src/stm32wlxx_hal_rcc.o
 .text.LL_RCC_LSE_IsReady
                0x08002c1c       0x22 ./Drivers/STM32WLxx_HAL_Driver/Src/stm32wlxx_hal_rcc_ex.o
 .text.LL_RCC_SetUSARTClockSource
                0x08002c3e       0x30 ./Drivers/STM32WLxx_HAL_Driver/Src/stm32wlxx_hal_rcc_ex.o
 .text.LL_RCC_SetI2SClockSource
                0x08002c6e       0x2a ./Drivers/STM32WLxx_HAL_Driver/Src/stm32wlxx_hal_rcc_ex.o
 .text.LL_RCC_SetLPUARTClockSource
                0x08002c98       0x2a ./Drivers/STM32WLxx_HAL_Driver/Src/stm32wlxx_hal_rcc_ex.o
 .text.LL_RCC_SetI2CClockSource
                0x08002cc2       0x38 ./Drivers/STM32WLxx_HAL_Driver/Src/stm32wlxx_hal_rcc_ex.o
 .text.LL_RCC_SetLPTIMClockSource
                0x08002cfa       0x32 ./Drivers/STM32WLxx_HAL_Driver/Src/stm32wlxx_hal_rcc_ex.o
 .text.LL_RCC_SetRNGClockSource
                0x08002d2c       0x2a ./Drivers/STM32WLxx_HAL_Driver/Src/stm32wlxx_hal_rcc_ex.o
 .text.LL_RCC_SetADCClockSource
                0x08002d56       0x2a ./Drivers/STM32WLxx_HAL_Driver/Src/stm32wlxx_hal_rcc_ex.o
 .text.LL_RCC_SetRTCClockSource
                0x08002d80       0x2a ./Drivers/STM32WLxx_HAL_Driver/Src/stm32wlxx_hal_rcc_ex.o
 .text.LL_RCC_GetRTCClockSource
                0x08002daa       0x18 ./Drivers/STM32WLxx_HAL_Driver/Src/stm32wlxx_hal_rcc_ex.o
 .text.LL_RCC_ForceBackupDomainReset
                0x08002dc2       0x20 ./Drivers/STM32WLxx_HAL_Driver/Src/stm32wlxx_hal_rcc_ex.o
 .text.LL_RCC_ReleaseBackupDomainReset
                0x08002de2       0x20 ./Drivers/STM32WLxx_HAL_Driver/Src/stm32wlxx_hal_rcc_ex.o
 *fill*         0x08002e02        0x2 
 .text.HAL_RCCEx_PeriphCLKConfig
                0x08002e04      0x234 ./Drivers/STM32WLxx_HAL_Driver/Src/stm32wlxx_hal_rcc_ex.o
                0x08002e04                HAL_RCCEx_PeriphCLKConfig
 .text.LL_PWR_SetRadioBusyTrigger
                0x08003038       0x28 ./Drivers/STM32WLxx_HAL_Driver/Src/stm32wlxx_hal_subghz.o
 .text.LL_PWR_UnselectSUBGHZSPI_NSS
                0x08003060       0x20 ./Drivers/STM32WLxx_HAL_Driver/Src/stm32wlxx_hal_subghz.o
 .text.LL_PWR_SelectSUBGHZSPI_NSS
                0x08003080       0x20 ./Drivers/STM32WLxx_HAL_Driver/Src/stm32wlxx_hal_subghz.o
 .text.LL_PWR_ClearFlag_RFBUSY
                0x080030a0       0x18 ./Drivers/STM32WLxx_HAL_Driver/Src/stm32wlxx_hal_subghz.o
 .text.LL_PWR_IsActiveFlag_RFBUSYS
                0x080030b8       0x24 ./Drivers/STM32WLxx_HAL_Driver/Src/stm32wlxx_hal_subghz.o
 .text.LL_PWR_IsActiveFlag_RFBUSYMS
                0x080030dc       0x24 ./Drivers/STM32WLxx_HAL_Driver/Src/stm32wlxx_hal_subghz.o
 .text.LL_RCC_RF_DisableReset
                0x08003100       0x20 ./Drivers/STM32WLxx_HAL_Driver/Src/stm32wlxx_hal_subghz.o
 .text.LL_RCC_IsRFUnderReset
                0x08003120       0x24 ./Drivers/STM32WLxx_HAL_Driver/Src/stm32wlxx_hal_subghz.o
 .text.LL_EXTI_EnableIT_32_63
                0x08003144       0x28 ./Drivers/STM32WLxx_HAL_Driver/Src/stm32wlxx_hal_subghz.o
 .text.HAL_SUBGHZ_Init
                0x0800316c       0xc8 ./Drivers/STM32WLxx_HAL_Driver/Src/stm32wlxx_hal_subghz.o
                0x0800316c                HAL_SUBGHZ_Init
 .text.HAL_SUBGHZ_WriteRegisters
                0x08003234       0xbe ./Drivers/STM32WLxx_HAL_Driver/Src/stm32wlxx_hal_subghz.o
                0x08003234                HAL_SUBGHZ_WriteRegisters
 .text.HAL_SUBGHZ_ReadRegisters
                0x080032f2       0xc2 ./Drivers/STM32WLxx_HAL_Driver/Src/stm32wlxx_hal_subghz.o
                0x080032f2                HAL_SUBGHZ_ReadRegisters
 .text.HAL_SUBGHZ_ExecSetCmd
                0x080033b4       0xbe ./Drivers/STM32WLxx_HAL_Driver/Src/stm32wlxx_hal_subghz.o
                0x080033b4                HAL_SUBGHZ_ExecSetCmd
 .text.HAL_SUBGHZ_ExecGetCmd
                0x08003472       0xa8 ./Drivers/STM32WLxx_HAL_Driver/Src/stm32wlxx_hal_subghz.o
                0x08003472                HAL_SUBGHZ_ExecGetCmd
 .text.HAL_SUBGHZ_WriteBuffer
                0x0800351a       0xa6 ./Drivers/STM32WLxx_HAL_Driver/Src/stm32wlxx_hal_subghz.o
                0x0800351a                HAL_SUBGHZ_WriteBuffer
 .text.HAL_SUBGHZ_ReadBuffer
                0x080035c0       0xb0 ./Drivers/STM32WLxx_HAL_Driver/Src/stm32wlxx_hal_subghz.o
                0x080035c0                HAL_SUBGHZ_ReadBuffer
 .text.HAL_SUBGHZ_IRQHandler
                0x08003670       0xfa ./Drivers/STM32WLxx_HAL_Driver/Src/stm32wlxx_hal_subghz.o
                0x08003670                HAL_SUBGHZ_IRQHandler
 *fill*         0x0800376a        0x2 
 .text.SUBGHZSPI_Init
                0x0800376c       0x40 ./Drivers/STM32WLxx_HAL_Driver/Src/stm32wlxx_hal_subghz.o
                0x0800376c                SUBGHZSPI_Init
 .text.SUBGHZSPI_Transmit
                0x080037ac       0xac ./Drivers/STM32WLxx_HAL_Driver/Src/stm32wlxx_hal_subghz.o
                0x080037ac                SUBGHZSPI_Transmit
 .text.SUBGHZSPI_Receive
                0x08003858       0xb0 ./Drivers/STM32WLxx_HAL_Driver/Src/stm32wlxx_hal_subghz.o
                0x08003858                SUBGHZSPI_Receive
 .text.SUBGHZ_CheckDeviceReady
                0x08003908       0x48 ./Drivers/STM32WLxx_HAL_Driver/Src/stm32wlxx_hal_subghz.o
                0x08003908                SUBGHZ_CheckDeviceReady
 .text.SUBGHZ_WaitOnBusy
                0x08003950       0x5c ./Drivers/STM32WLxx_HAL_Driver/Src/stm32wlxx_hal_subghz.o
                0x08003950                SUBGHZ_WaitOnBusy
 .text.HAL_TIM_Base_Init
                0x080039ac       0xae ./Drivers/STM32WLxx_HAL_Driver/Src/stm32wlxx_hal_tim.o
                0x080039ac                HAL_TIM_Base_Init
 .text.HAL_TIM_Base_MspInit
                0x08003a5a       0x12 ./Drivers/STM32WLxx_HAL_Driver/Src/stm32wlxx_hal_tim.o
                0x08003a5a                HAL_TIM_Base_MspInit
 .text.HAL_TIM_Base_Start_IT
                0x08003a6c       0x98 ./Drivers/STM32WLxx_HAL_Driver/Src/stm32wlxx_hal_tim.o
                0x08003a6c                HAL_TIM_Base_Start_IT
 .text.HAL_TIM_IRQHandler
                0x08003b04      0x23e ./Drivers/STM32WLxx_HAL_Driver/Src/stm32wlxx_hal_tim.o
                0x08003b04                HAL_TIM_IRQHandler
 .text.HAL_TIM_OC_DelayElapsedCallback
                0x08003d42       0x12 ./Drivers/STM32WLxx_HAL_Driver/Src/stm32wlxx_hal_tim.o
                0x08003d42                HAL_TIM_OC_DelayElapsedCallback
 .text.HAL_TIM_IC_CaptureCallback
                0x08003d54       0x12 ./Drivers/STM32WLxx_HAL_Driver/Src/stm32wlxx_hal_tim.o
                0x08003d54                HAL_TIM_IC_CaptureCallback
 .text.HAL_TIM_PWM_PulseFinishedCallback
                0x08003d66       0x12 ./Drivers/STM32WLxx_HAL_Driver/Src/stm32wlxx_hal_tim.o
                0x08003d66                HAL_TIM_PWM_PulseFinishedCallback
 .text.HAL_TIM_TriggerCallback
                0x08003d78       0x12 ./Drivers/STM32WLxx_HAL_Driver/Src/stm32wlxx_hal_tim.o
                0x08003d78                HAL_TIM_TriggerCallback
 *fill*         0x08003d8a        0x2 
 .text.TIM_Base_SetConfig
                0x08003d8c       0xc4 ./Drivers/STM32WLxx_HAL_Driver/Src/stm32wlxx_hal_tim.o
                0x08003d8c                TIM_Base_SetConfig
 .text.HAL_TIMEx_CommutCallback
                0x08003e50       0x12 ./Drivers/STM32WLxx_HAL_Driver/Src/stm32wlxx_hal_tim_ex.o
                0x08003e50                HAL_TIMEx_CommutCallback
 .text.HAL_TIMEx_BreakCallback
                0x08003e62       0x12 ./Drivers/STM32WLxx_HAL_Driver/Src/stm32wlxx_hal_tim_ex.o
                0x08003e62                HAL_TIMEx_BreakCallback
 .text.HAL_TIMEx_Break2Callback
                0x08003e74       0x12 ./Drivers/STM32WLxx_HAL_Driver/Src/stm32wlxx_hal_tim_ex.o
                0x08003e74                HAL_TIMEx_Break2Callback
 .text.LL_RCC_GetUSARTClockSource
                0x08003e86       0x24 ./Drivers/STM32WLxx_HAL_Driver/Src/stm32wlxx_hal_uart.o
 .text.LL_RCC_GetLPUARTClockSource
                0x08003eaa       0x1e ./Drivers/STM32WLxx_HAL_Driver/Src/stm32wlxx_hal_uart.o
 .text.HAL_UART_Init
                0x08003ec8       0xa0 ./Drivers/STM32WLxx_HAL_Driver/Src/stm32wlxx_hal_uart.o
                0x08003ec8                HAL_UART_Init
 .text.HAL_UART_Transmit
                0x08003f68      0x10c ./Drivers/STM32WLxx_HAL_Driver/Src/stm32wlxx_hal_uart.o
                0x08003f68                HAL_UART_Transmit
 .text.HAL_UART_Receive
                0x08004074      0x188 ./Drivers/STM32WLxx_HAL_Driver/Src/stm32wlxx_hal_uart.o
                0x08004074                HAL_UART_Receive
 .text.HAL_UART_IRQHandler
                0x080041fc      0x648 ./Drivers/STM32WLxx_HAL_Driver/Src/stm32wlxx_hal_uart.o
                0x080041fc                HAL_UART_IRQHandler
 .text.HAL_UART_TxCpltCallback
                0x08004844       0x12 ./Drivers/STM32WLxx_HAL_Driver/Src/stm32wlxx_hal_uart.o
                0x08004844                HAL_UART_TxCpltCallback
 .text.HAL_UART_ErrorCallback
                0x08004856       0x12 ./Drivers/STM32WLxx_HAL_Driver/Src/stm32wlxx_hal_uart.o
                0x08004856                HAL_UART_ErrorCallback
 .text.HAL_UARTEx_RxEventCallback
                0x08004868       0x16 ./Drivers/STM32WLxx_HAL_Driver/Src/stm32wlxx_hal_uart.o
                0x08004868                HAL_UARTEx_RxEventCallback
 *fill*         0x0800487e        0x2 
 .text.UART_SetConfig
                0x08004880      0x4e8 ./Drivers/STM32WLxx_HAL_Driver/Src/stm32wlxx_hal_uart.o
                0x08004880                UART_SetConfig
 .text.UART_AdvFeatureConfig
                0x08004d68      0x142 ./Drivers/STM32WLxx_HAL_Driver/Src/stm32wlxx_hal_uart.o
                0x08004d68                UART_AdvFeatureConfig
 .text.UART_CheckIdleState
                0x08004eaa       0x9c ./Drivers/STM32WLxx_HAL_Driver/Src/stm32wlxx_hal_uart.o
                0x08004eaa                UART_CheckIdleState
 .text.UART_WaitOnFlagUntilTimeout
                0x08004f46      0x190 ./Drivers/STM32WLxx_HAL_Driver/Src/stm32wlxx_hal_uart.o
                0x08004f46                UART_WaitOnFlagUntilTimeout
 .text.UART_EndRxTransfer
                0x080050d6       0xca ./Drivers/STM32WLxx_HAL_Driver/Src/stm32wlxx_hal_uart.o
 .text.UART_DMAAbortOnError
                0x080051a0       0x2c ./Drivers/STM32WLxx_HAL_Driver/Src/stm32wlxx_hal_uart.o
 .text.UART_EndTransmit_IT
                0x080051cc       0x56 ./Drivers/STM32WLxx_HAL_Driver/Src/stm32wlxx_hal_uart.o
 .text.HAL_UARTEx_WakeupCallback
                0x08005222       0x12 ./Drivers/STM32WLxx_HAL_Driver/Src/stm32wlxx_hal_uart_ex.o
                0x08005222                HAL_UARTEx_WakeupCallback
 .text.HAL_UARTEx_RxFifoFullCallback
                0x08005234       0x12 ./Drivers/STM32WLxx_HAL_Driver/Src/stm32wlxx_hal_uart_ex.o
                0x08005234                HAL_UARTEx_RxFifoFullCallback
 .text.HAL_UARTEx_TxFifoEmptyCallback
                0x08005246       0x12 ./Drivers/STM32WLxx_HAL_Driver/Src/stm32wlxx_hal_uart_ex.o
                0x08005246                HAL_UARTEx_TxFifoEmptyCallback
 .text.HAL_UARTEx_EnableFifoMode
                0x08005258       0x76 ./Drivers/STM32WLxx_HAL_Driver/Src/stm32wlxx_hal_uart_ex.o
                0x08005258                HAL_UARTEx_EnableFifoMode
 .text.HAL_UARTEx_SetTxFifoThreshold
                0x080052ce       0x7c ./Drivers/STM32WLxx_HAL_Driver/Src/stm32wlxx_hal_uart_ex.o
                0x080052ce                HAL_UARTEx_SetTxFifoThreshold
 .text.HAL_UARTEx_SetRxFifoThreshold
                0x0800534a       0x7c ./Drivers/STM32WLxx_HAL_Driver/Src/stm32wlxx_hal_uart_ex.o
                0x0800534a                HAL_UARTEx_SetRxFifoThreshold
 *fill*         0x080053c6        0x2 
 .text.UARTEx_SetNbDataToProcess
                0x080053c8       0x98 ./Drivers/STM32WLxx_HAL_Driver/Src/stm32wlxx_hal_uart_ex.o
 .text.SVC_Setup
                0x08005460        0xc ./Middlewares/Third_Party/FreeRTOS/Source/CMSIS_RTOS_V2/cmsis_os2.o
 .text.osKernelInitialize
                0x0800546c       0x64 ./Middlewares/Third_Party/FreeRTOS/Source/CMSIS_RTOS_V2/cmsis_os2.o
                0x0800546c                osKernelInitialize
 .text.osKernelStart
                0x080054d0       0x6c ./Middlewares/Third_Party/FreeRTOS/Source/CMSIS_RTOS_V2/cmsis_os2.o
                0x080054d0                osKernelStart
 .text.osThreadNew
                0x0800553c      0x14c ./Middlewares/Third_Party/FreeRTOS/Source/CMSIS_RTOS_V2/cmsis_os2.o
                0x0800553c                osThreadNew
 .text.osDelay  0x08005688       0x5c ./Middlewares/Third_Party/FreeRTOS/Source/CMSIS_RTOS_V2/cmsis_os2.o
                0x08005688                osDelay
 .text.osEventFlagsNew
                0x080056e4       0xa4 ./Middlewares/Third_Party/FreeRTOS/Source/CMSIS_RTOS_V2/cmsis_os2.o
                0x080056e4                osEventFlagsNew
 .text.osMutexNew
                0x08005788      0x134 ./Middlewares/Third_Party/FreeRTOS/Source/CMSIS_RTOS_V2/cmsis_os2.o
                0x08005788                osMutexNew
 .text.osMutexAcquire
                0x080058bc       0xbc ./Middlewares/Third_Party/FreeRTOS/Source/CMSIS_RTOS_V2/cmsis_os2.o
                0x080058bc                osMutexAcquire
 .text.osMutexRelease
                0x08005978       0xa0 ./Middlewares/Third_Party/FreeRTOS/Source/CMSIS_RTOS_V2/cmsis_os2.o
                0x08005978                osMutexRelease
 .text.osMessageQueueNew
                0x08005a18      0x10c ./Middlewares/Third_Party/FreeRTOS/Source/CMSIS_RTOS_V2/cmsis_os2.o
                0x08005a18                osMessageQueueNew
 .text.osMessageQueuePut
                0x08005b24       0xe8 ./Middlewares/Third_Party/FreeRTOS/Source/CMSIS_RTOS_V2/cmsis_os2.o
                0x08005b24                osMessageQueuePut
 .text.osMessageQueueGet
                0x08005c0c       0xe4 ./Middlewares/Third_Party/FreeRTOS/Source/CMSIS_RTOS_V2/cmsis_os2.o
                0x08005c0c                osMessageQueueGet
 .text.vApplicationGetIdleTaskMemory
                0x08005cf0       0x30 ./Middlewares/Third_Party/FreeRTOS/Source/CMSIS_RTOS_V2/cmsis_os2.o
                0x08005cf0                vApplicationGetIdleTaskMemory
 .text.vApplicationGetTimerTaskMemory
                0x08005d20       0x34 ./Middlewares/Third_Party/FreeRTOS/Source/CMSIS_RTOS_V2/cmsis_os2.o
                0x08005d20                vApplicationGetTimerTaskMemory
 .text.xEventGroupCreateStatic
                0x08005d54       0x72 ./Middlewares/Third_Party/FreeRTOS/Source/event_groups.o
                0x08005d54                xEventGroupCreateStatic
 .text.xEventGroupCreate
                0x08005dc6       0x34 ./Middlewares/Third_Party/FreeRTOS/Source/event_groups.o
                0x08005dc6                xEventGroupCreate
 .text.vListInitialise
                0x08005dfa       0x3e ./Middlewares/Third_Party/FreeRTOS/Source/list.o
                0x08005dfa                vListInitialise
 .text.vListInitialiseItem
                0x08005e38       0x18 ./Middlewares/Third_Party/FreeRTOS/Source/list.o
                0x08005e38                vListInitialiseItem
 .text.vListInsertEnd
                0x08005e50       0x46 ./Middlewares/Third_Party/FreeRTOS/Source/list.o
                0x08005e50                vListInsertEnd
 .text.vListInsert
                0x08005e96       0x70 ./Middlewares/Third_Party/FreeRTOS/Source/list.o
                0x08005e96                vListInsert
 .text.uxListRemove
                0x08005f06       0x52 ./Middlewares/Third_Party/FreeRTOS/Source/list.o
                0x08005f06                uxListRemove
 .text.xQueueGenericReset
                0x08005f58       0xd4 ./Middlewares/Third_Party/FreeRTOS/Source/queue.o
                0x08005f58                xQueueGenericReset
 .text.xQueueGenericCreateStatic
                0x0800602c       0xfa ./Middlewares/Third_Party/FreeRTOS/Source/queue.o
                0x0800602c                xQueueGenericCreateStatic
 .text.xQueueGenericCreate
                0x08006126       0x82 ./Middlewares/Third_Party/FreeRTOS/Source/queue.o
                0x08006126                xQueueGenericCreate
 .text.prvInitialiseNewQueue
                0x080061a8       0x46 ./Middlewares/Third_Party/FreeRTOS/Source/queue.o
 .text.prvInitialiseMutex
                0x080061ee       0x34 ./Middlewares/Third_Party/FreeRTOS/Source/queue.o
 .text.xQueueCreateMutex
                0x08006222       0x30 ./Middlewares/Third_Party/FreeRTOS/Source/queue.o
                0x08006222                xQueueCreateMutex
 .text.xQueueCreateMutexStatic
                0x08006252       0x36 ./Middlewares/Third_Party/FreeRTOS/Source/queue.o
                0x08006252                xQueueCreateMutexStatic
 .text.xQueueGiveMutexRecursive
                0x08006288       0x6a ./Middlewares/Third_Party/FreeRTOS/Source/queue.o
                0x08006288                xQueueGiveMutexRecursive
 .text.xQueueTakeMutexRecursive
                0x080062f2       0x6e ./Middlewares/Third_Party/FreeRTOS/Source/queue.o
                0x080062f2                xQueueTakeMutexRecursive
 .text.xQueueGenericSend
                0x08006360      0x204 ./Middlewares/Third_Party/FreeRTOS/Source/queue.o
                0x08006360                xQueueGenericSend
 .text.xQueueGenericSendFromISR
                0x08006564      0x136 ./Middlewares/Third_Party/FreeRTOS/Source/queue.o
                0x08006564                xQueueGenericSendFromISR
 *fill*         0x0800669a        0x2 
 .text.xQueueReceive
                0x0800669c      0x1c4 ./Middlewares/Third_Party/FreeRTOS/Source/queue.o
                0x0800669c                xQueueReceive
 .text.xQueueSemaphoreTake
                0x08006860      0x220 ./Middlewares/Third_Party/FreeRTOS/Source/queue.o
                0x08006860                xQueueSemaphoreTake
 .text.xQueueReceiveFromISR
                0x08006a80      0x104 ./Middlewares/Third_Party/FreeRTOS/Source/queue.o
                0x08006a80                xQueueReceiveFromISR
 .text.prvGetDisinheritPriorityAfterTimeout
                0x08006b84       0x2e ./Middlewares/Third_Party/FreeRTOS/Source/queue.o
 .text.prvCopyDataToQueue
                0x08006bb2       0xd4 ./Middlewares/Third_Party/FreeRTOS/Source/queue.o
 .text.prvCopyDataFromQueue
                0x08006c86       0x4c ./Middlewares/Third_Party/FreeRTOS/Source/queue.o
 .text.prvUnlockQueue
                0x08006cd2       0xa4 ./Middlewares/Third_Party/FreeRTOS/Source/queue.o
 .text.prvIsQueueEmpty
                0x08006d76       0x2c ./Middlewares/Third_Party/FreeRTOS/Source/queue.o
 .text.prvIsQueueFull
                0x08006da2       0x30 ./Middlewares/Third_Party/FreeRTOS/Source/queue.o
 *fill*         0x08006dd2        0x2 
 .text.vQueueAddToRegistry
                0x08006dd4       0x50 ./Middlewares/Third_Party/FreeRTOS/Source/queue.o
                0x08006dd4                vQueueAddToRegistry
 .text.vQueueWaitForMessageRestricted
                0x08006e24       0x68 ./Middlewares/Third_Party/FreeRTOS/Source/queue.o
                0x08006e24                vQueueWaitForMessageRestricted
 .text.xTaskCreateStatic
                0x08006e8c       0xc0 ./Middlewares/Third_Party/FreeRTOS/Source/tasks.o
                0x08006e8c                xTaskCreateStatic
 .text.xTaskCreate
                0x08006f4c       0x8a ./Middlewares/Third_Party/FreeRTOS/Source/tasks.o
                0x08006f4c                xTaskCreate
 *fill*         0x08006fd6        0x2 
 .text.prvInitialiseNewTask
                0x08006fd8      0x150 ./Middlewares/Third_Party/FreeRTOS/Source/tasks.o
 .text.prvAddNewTaskToReadyList
                0x08007128       0xe0 ./Middlewares/Third_Party/FreeRTOS/Source/tasks.o
 .text.vTaskDelay
                0x08007208       0x6c ./Middlewares/Third_Party/FreeRTOS/Source/tasks.o
                0x08007208                vTaskDelay
 .text.vTaskStartScheduler
                0x08007274       0xe0 ./Middlewares/Third_Party/FreeRTOS/Source/tasks.o
                0x08007274                vTaskStartScheduler
 .text.vTaskSuspendAll
                0x08007354       0x1c ./Middlewares/Third_Party/FreeRTOS/Source/tasks.o
                0x08007354                vTaskSuspendAll
 .text.xTaskResumeAll
                0x08007370      0x13c ./Middlewares/Third_Party/FreeRTOS/Source/tasks.o
                0x08007370                xTaskResumeAll
 .text.xTaskGetTickCount
                0x080074ac       0x1c ./Middlewares/Third_Party/FreeRTOS/Source/tasks.o
                0x080074ac                xTaskGetTickCount
 .text.xTaskIncrementTick
                0x080074c8      0x174 ./Middlewares/Third_Party/FreeRTOS/Source/tasks.o
                0x080074c8                xTaskIncrementTick
 .text.vTaskSwitchContext
                0x0800763c       0xe8 ./Middlewares/Third_Party/FreeRTOS/Source/tasks.o
                0x0800763c                vTaskSwitchContext
 .text.vTaskPlaceOnEventList
                0x08007724       0x4c ./Middlewares/Third_Party/FreeRTOS/Source/tasks.o
                0x08007724                vTaskPlaceOnEventList
 .text.vTaskPlaceOnEventListRestricted
                0x08007770       0x58 ./Middlewares/Third_Party/FreeRTOS/Source/tasks.o
                0x08007770                vTaskPlaceOnEventListRestricted
 .text.xTaskRemoveFromEventList
                0x080077c8       0xc8 ./Middlewares/Third_Party/FreeRTOS/Source/tasks.o
                0x080077c8                xTaskRemoveFromEventList
 .text.vTaskInternalSetTimeOutState
                0x08007890       0x2c ./Middlewares/Third_Party/FreeRTOS/Source/tasks.o
                0x08007890                vTaskInternalSetTimeOutState
 .text.xTaskCheckForTimeOut
                0x080078bc       0xc8 ./Middlewares/Third_Party/FreeRTOS/Source/tasks.o
                0x080078bc                xTaskCheckForTimeOut
 .text.vTaskMissedYield
                0x08007984       0x18 ./Middlewares/Third_Party/FreeRTOS/Source/tasks.o
                0x08007984                vTaskMissedYield
 .text.prvIdleTask
                0x0800799c       0x30 ./Middlewares/Third_Party/FreeRTOS/Source/tasks.o
 .text.prvInitialiseTaskLists
                0x080079cc       0x80 ./Middlewares/Third_Party/FreeRTOS/Source/tasks.o
 .text.prvCheckTasksWaitingTermination
                0x08007a4c       0x5c ./Middlewares/Third_Party/FreeRTOS/Source/tasks.o
 .text.prvDeleteTCB
                0x08007aa8       0x6a ./Middlewares/Third_Party/FreeRTOS/Source/tasks.o
 *fill*         0x08007b12        0x2 
 .text.prvResetNextTaskUnblockTime
                0x08007b14       0x40 ./Middlewares/Third_Party/FreeRTOS/Source/tasks.o
 .text.xTaskGetCurrentTaskHandle
                0x08007b54       0x1c ./Middlewares/Third_Party/FreeRTOS/Source/tasks.o
                0x08007b54                xTaskGetCurrentTaskHandle
 .text.xTaskGetSchedulerState
                0x08007b70       0x3c ./Middlewares/Third_Party/FreeRTOS/Source/tasks.o
                0x08007b70                xTaskGetSchedulerState
 .text.xTaskPriorityInherit
                0x08007bac       0xd0 ./Middlewares/Third_Party/FreeRTOS/Source/tasks.o
                0x08007bac                xTaskPriorityInherit
 .text.xTaskPriorityDisinherit
                0x08007c7c       0xe0 ./Middlewares/Third_Party/FreeRTOS/Source/tasks.o
                0x08007c7c                xTaskPriorityDisinherit
 .text.vTaskPriorityDisinheritAfterTimeout
                0x08007d5c      0x108 ./Middlewares/Third_Party/FreeRTOS/Source/tasks.o
                0x08007d5c                vTaskPriorityDisinheritAfterTimeout
 .text.pvTaskIncrementMutexHeldCount
                0x08007e64       0x28 ./Middlewares/Third_Party/FreeRTOS/Source/tasks.o
                0x08007e64                pvTaskIncrementMutexHeldCount
 .text.prvAddCurrentTaskToDelayedList
                0x08007e8c       0xa8 ./Middlewares/Third_Party/FreeRTOS/Source/tasks.o
 .text.xTimerCreateTimerTask
                0x08007f34       0x94 ./Middlewares/Third_Party/FreeRTOS/Source/timers.o
                0x08007f34                xTimerCreateTimerTask
 .text.xTimerGenericCommand
                0x08007fc8       0x9c ./Middlewares/Third_Party/FreeRTOS/Source/timers.o
                0x08007fc8                xTimerGenericCommand
 .text.prvProcessExpiredTimer
                0x08008064       0x9c ./Middlewares/Third_Party/FreeRTOS/Source/timers.o
 .text.prvTimerTask
                0x08008100       0x26 ./Middlewares/Third_Party/FreeRTOS/Source/timers.o
 *fill*         0x08008126        0x2 
 .text.prvProcessTimerOrBlockTask
                0x08008128       0x9c ./Middlewares/Third_Party/FreeRTOS/Source/timers.o
 .text.prvGetNextExpireTime
                0x080081c4       0x44 ./Middlewares/Third_Party/FreeRTOS/Source/timers.o
 .text.prvSampleTimeNow
                0x08008208       0x40 ./Middlewares/Third_Party/FreeRTOS/Source/timers.o
 .text.prvInsertTimerInActiveList
                0x08008248       0x84 ./Middlewares/Third_Party/FreeRTOS/Source/timers.o
 .text.prvProcessReceivedCommands
                0x080082cc      0x1cc ./Middlewares/Third_Party/FreeRTOS/Source/timers.o
 .text.prvSwitchTimerLists
                0x08008498       0xcc ./Middlewares/Third_Party/FreeRTOS/Source/timers.o
 .text.prvCheckForValidListAndQueue
                0x08008564       0x80 ./Middlewares/Third_Party/FreeRTOS/Source/timers.o
 .text.pxPortInitialiseStack
                0x080085e4       0x58 ./Middlewares/Third_Party/FreeRTOS/Source/portable/GCC/ARM_CM3/port.o
                0x080085e4                pxPortInitialiseStack
 .text.prvTaskExitError
                0x0800863c       0x58 ./Middlewares/Third_Party/FreeRTOS/Source/portable/GCC/ARM_CM3/port.o
 *fill*         0x08008694        0xc 
 .text.SVC_Handler
                0x080086a0       0x28 ./Middlewares/Third_Party/FreeRTOS/Source/portable/GCC/ARM_CM3/port.o
                0x080086a0                SVC_Handler
 .text.prvPortStartFirstTask
                0x080086c8       0x20 ./Middlewares/Third_Party/FreeRTOS/Source/portable/GCC/ARM_CM3/port.o
 .text.xPortStartScheduler
                0x080086e8       0xe4 ./Middlewares/Third_Party/FreeRTOS/Source/portable/GCC/ARM_CM3/port.o
                0x080086e8                xPortStartScheduler
 .text.vPortEnterCritical
                0x080087cc       0x60 ./Middlewares/Third_Party/FreeRTOS/Source/portable/GCC/ARM_CM3/port.o
                0x080087cc                vPortEnterCritical
 .text.vPortExitCritical
                0x0800882c       0x54 ./Middlewares/Third_Party/FreeRTOS/Source/portable/GCC/ARM_CM3/port.o
                0x0800882c                vPortExitCritical
 .text.PendSV_Handler
                0x08008880       0x48 ./Middlewares/Third_Party/FreeRTOS/Source/portable/GCC/ARM_CM3/port.o
                0x08008880                PendSV_Handler
 .text.SysTick_Handler
                0x080088c8       0x44 ./Middlewares/Third_Party/FreeRTOS/Source/portable/GCC/ARM_CM3/port.o
                0x080088c8                SysTick_Handler
 .text.vPortSetupTimerInterrupt
                0x0800890c       0x44 ./Middlewares/Third_Party/FreeRTOS/Source/portable/GCC/ARM_CM3/port.o
                0x0800890c                vPortSetupTimerInterrupt
 .text.vPortValidateInterruptPriority
                0x08008950       0x80 ./Middlewares/Third_Party/FreeRTOS/Source/portable/GCC/ARM_CM3/port.o
                0x08008950                vPortValidateInterruptPriority
 .text.pvPortMalloc
                0x080089d0       0x8c ./Middlewares/Third_Party/FreeRTOS/Source/portable/MemMang/heap_1.o
                0x080089d0                pvPortMalloc
 .text.vPortFree
                0x08008a5c       0x30 ./Middlewares/Third_Party/FreeRTOS/Source/portable/MemMang/heap_1.o
                0x08008a5c                vPortFree
 .text.RadioInit
                0x08008a8c       0xb8 ./Middlewares/Third_Party/SubGHz_Phy/stm32_radio_driver/radio.o
 .text.RadioGetStatus
                0x08008b44       0x2e ./Middlewares/Third_Party/SubGHz_Phy/stm32_radio_driver/radio.o
 *fill*         0x08008b72        0x2 
 .text.RadioSetModem
                0x08008b74       0xb8 ./Middlewares/Third_Party/SubGHz_Phy/stm32_radio_driver/radio.o
 .text.RadioSetChannel
                0x08008c2c       0x16 ./Middlewares/Third_Party/SubGHz_Phy/stm32_radio_driver/radio.o
 .text.RadioIsChannelFree
                0x08008c42       0xb4 ./Middlewares/Third_Party/SubGHz_Phy/stm32_radio_driver/radio.o
 .text.RadioRandom
                0x08008cf6       0x26 ./Middlewares/Third_Party/SubGHz_Phy/stm32_radio_driver/radio.o
 .text.RadioSetRxConfig
                0x08008d1c      0x418 ./Middlewares/Third_Party/SubGHz_Phy/stm32_radio_driver/radio.o
 .text.RadioSetTxConfig
                0x08009134      0x224 ./Middlewares/Third_Party/SubGHz_Phy/stm32_radio_driver/radio.o
 .text.RadioCheckRfFrequency
                0x08009358       0x14 ./Middlewares/Third_Party/SubGHz_Phy/stm32_radio_driver/radio.o
 .text.RadioGetLoRaBandwidthInHz
                0x0800936c       0xac ./Middlewares/Third_Party/SubGHz_Phy/stm32_radio_driver/radio.o
 .text.RadioGetGfskTimeOnAirNumerator
                0x08009418       0x54 ./Middlewares/Third_Party/SubGHz_Phy/stm32_radio_driver/radio.o
 .text.RadioGetLoRaTimeOnAirNumerator
                0x0800946c      0x102 ./Middlewares/Third_Party/SubGHz_Phy/stm32_radio_driver/radio.o
 *fill*         0x0800956e        0x2 
 .text.RadioTimeOnAir
                0x08009570       0xb0 ./Middlewares/Third_Party/SubGHz_Phy/stm32_radio_driver/radio.o
 .text.RadioSend
                0x08009620      0x1f0 ./Middlewares/Third_Party/SubGHz_Phy/stm32_radio_driver/radio.o
 .text.RadioSleep
                0x08009810       0x26 ./Middlewares/Third_Party/SubGHz_Phy/stm32_radio_driver/radio.o
 .text.RadioStandby
                0x08009836        0xe ./Middlewares/Third_Party/SubGHz_Phy/stm32_radio_driver/radio.o
 .text.RadioRx  0x08009844       0x80 ./Middlewares/Third_Party/SubGHz_Phy/stm32_radio_driver/radio.o
 .text.RadioRxBoosted
                0x080098c4       0x80 ./Middlewares/Third_Party/SubGHz_Phy/stm32_radio_driver/radio.o
 .text.RadioSetRxDutyCycle
                0x08009944       0x48 ./Middlewares/Third_Party/SubGHz_Phy/stm32_radio_driver/radio.o
 .text.RadioStartCad
                0x0800998c       0x30 ./Middlewares/Third_Party/SubGHz_Phy/stm32_radio_driver/radio.o
 .text.RadioSetTxContinuousWave
                0x080099bc       0x64 ./Middlewares/Third_Party/SubGHz_Phy/stm32_radio_driver/radio.o
 .text.RadioRssi
                0x08009a20       0x18 ./Middlewares/Third_Party/SubGHz_Phy/stm32_radio_driver/radio.o
 .text.RadioWrite
                0x08009a38       0x24 ./Middlewares/Third_Party/SubGHz_Phy/stm32_radio_driver/radio.o
 .text.RadioRead
                0x08009a5c       0x1c ./Middlewares/Third_Party/SubGHz_Phy/stm32_radio_driver/radio.o
 .text.RadioWriteRegisters
                0x08009a78       0x26 ./Middlewares/Third_Party/SubGHz_Phy/stm32_radio_driver/radio.o
 .text.RadioReadRegisters
                0x08009a9e       0x26 ./Middlewares/Third_Party/SubGHz_Phy/stm32_radio_driver/radio.o
 .text.RadioSetMaxPayloadLength
                0x08009ac4       0x5c ./Middlewares/Third_Party/SubGHz_Phy/stm32_radio_driver/radio.o
 .text.RadioSetPublicNetwork
                0x08009b20       0x5c ./Middlewares/Third_Party/SubGHz_Phy/stm32_radio_driver/radio.o
 .text.RadioGetWakeupTime
                0x08009b7c       0x10 ./Middlewares/Third_Party/SubGHz_Phy/stm32_radio_driver/radio.o
 .text.RadioOnTxTimeoutIrq
                0x08009b8c       0x14 ./Middlewares/Third_Party/SubGHz_Phy/stm32_radio_driver/radio.o
 .text.RadioOnRxTimeoutIrq
                0x08009ba0       0x14 ./Middlewares/Third_Party/SubGHz_Phy/stm32_radio_driver/radio.o
 .text.RadioOnTxTimeoutProcess
                0x08009bb4       0x28 ./Middlewares/Third_Party/SubGHz_Phy/stm32_radio_driver/radio.o
 .text.RadioOnRxTimeoutProcess
                0x08009bdc       0x28 ./Middlewares/Third_Party/SubGHz_Phy/stm32_radio_driver/radio.o
 .text.RadioOnDioIrq
                0x08009c04       0x24 ./Middlewares/Third_Party/SubGHz_Phy/stm32_radio_driver/radio.o
 .text.RadioIrqProcess
                0x08009c28      0x3e8 ./Middlewares/Third_Party/SubGHz_Phy/stm32_radio_driver/radio.o
 .text.RadioTxPrbs
                0x0800a010       0x38 ./Middlewares/Third_Party/SubGHz_Phy/stm32_radio_driver/radio.o
 .text.RadioTxCw
                0x0800a048       0x38 ./Middlewares/Third_Party/SubGHz_Phy/stm32_radio_driver/radio.o
 .text.payload_integration
                0x0800a080      0x120 ./Middlewares/Third_Party/SubGHz_Phy/stm32_radio_driver/radio.o
 .text.RadioSetRxGenericConfig
                0x0800a1a0      0x388 ./Middlewares/Third_Party/SubGHz_Phy/stm32_radio_driver/radio.o
 .text.RadioSetTxGenericConfig
                0x0800a528      0x46c ./Middlewares/Third_Party/SubGHz_Phy/stm32_radio_driver/radio.o
 .text.RadioLrFhssSetCfg
                0x0800a994       0x18 ./Middlewares/Third_Party/SubGHz_Phy/stm32_radio_driver/radio.o
 .text.RadioLrFhssGetTimeOnAirInMs
                0x0800a9ac       0x16 ./Middlewares/Third_Party/SubGHz_Phy/stm32_radio_driver/radio.o
 *fill*         0x0800a9c2        0x2 
 .text.SUBGRF_Init
                0x0800a9c4       0x90 ./Middlewares/Third_Party/SubGHz_Phy/stm32_radio_driver/radio_driver.o
                0x0800a9c4                SUBGRF_Init
 .text.SUBGRF_GetOperatingMode
                0x0800aa54       0x14 ./Middlewares/Third_Party/SubGHz_Phy/stm32_radio_driver/radio_driver.o
                0x0800aa54                SUBGRF_GetOperatingMode
 .text.SUBGRF_SetPayload
                0x0800aa68       0x20 ./Middlewares/Third_Party/SubGHz_Phy/stm32_radio_driver/radio_driver.o
                0x0800aa68                SUBGRF_SetPayload
 .text.SUBGRF_GetPayload
                0x0800aa88       0x44 ./Middlewares/Third_Party/SubGHz_Phy/stm32_radio_driver/radio_driver.o
                0x0800aa88                SUBGRF_GetPayload
 .text.SUBGRF_SendPayload
                0x0800aacc       0x26 ./Middlewares/Third_Party/SubGHz_Phy/stm32_radio_driver/radio_driver.o
                0x0800aacc                SUBGRF_SendPayload
 .text.SUBGRF_SetSyncWord
                0x0800aaf2       0x1e ./Middlewares/Third_Party/SubGHz_Phy/stm32_radio_driver/radio_driver.o
                0x0800aaf2                SUBGRF_SetSyncWord
 .text.SUBGRF_SetCrcSeed
                0x0800ab10       0x40 ./Middlewares/Third_Party/SubGHz_Phy/stm32_radio_driver/radio_driver.o
                0x0800ab10                SUBGRF_SetCrcSeed
 .text.SUBGRF_SetCrcPolynomial
                0x0800ab50       0x40 ./Middlewares/Third_Party/SubGHz_Phy/stm32_radio_driver/radio_driver.o
                0x0800ab50                SUBGRF_SetCrcPolynomial
 .text.SUBGRF_SetWhiteningSeed
                0x0800ab90       0x66 ./Middlewares/Third_Party/SubGHz_Phy/stm32_radio_driver/radio_driver.o
                0x0800ab90                SUBGRF_SetWhiteningSeed
 .text.SUBGRF_GetRandom
                0x0800abf6       0x8c ./Middlewares/Third_Party/SubGHz_Phy/stm32_radio_driver/radio_driver.o
                0x0800abf6                SUBGRF_GetRandom
 *fill*         0x0800ac82        0x2 
 .text.SUBGRF_SetSleep
                0x0800ac84       0x64 ./Middlewares/Third_Party/SubGHz_Phy/stm32_radio_driver/radio_driver.o
                0x0800ac84                SUBGRF_SetSleep
 .text.SUBGRF_SetStandby
                0x0800ace8       0x38 ./Middlewares/Third_Party/SubGHz_Phy/stm32_radio_driver/radio_driver.o
                0x0800ace8                SUBGRF_SetStandby
 .text.SUBGRF_SetTx
                0x0800ad20       0x40 ./Middlewares/Third_Party/SubGHz_Phy/stm32_radio_driver/radio_driver.o
                0x0800ad20                SUBGRF_SetTx
 .text.SUBGRF_SetRx
                0x0800ad60       0x40 ./Middlewares/Third_Party/SubGHz_Phy/stm32_radio_driver/radio_driver.o
                0x0800ad60                SUBGRF_SetRx
 .text.SUBGRF_SetRxBoosted
                0x0800ada0       0x48 ./Middlewares/Third_Party/SubGHz_Phy/stm32_radio_driver/radio_driver.o
                0x0800ada0                SUBGRF_SetRxBoosted
 .text.SUBGRF_SetRxDutyCycle
                0x0800ade8       0x58 ./Middlewares/Third_Party/SubGHz_Phy/stm32_radio_driver/radio_driver.o
                0x0800ade8                SUBGRF_SetRxDutyCycle
 .text.SUBGRF_SetCad
                0x0800ae40       0x1c ./Middlewares/Third_Party/SubGHz_Phy/stm32_radio_driver/radio_driver.o
                0x0800ae40                SUBGRF_SetCad
 .text.SUBGRF_SetTxContinuousWave
                0x0800ae5c       0x12 ./Middlewares/Third_Party/SubGHz_Phy/stm32_radio_driver/radio_driver.o
                0x0800ae5c                SUBGRF_SetTxContinuousWave
 .text.SUBGRF_SetTxInfinitePreamble
                0x0800ae6e       0x12 ./Middlewares/Third_Party/SubGHz_Phy/stm32_radio_driver/radio_driver.o
                0x0800ae6e                SUBGRF_SetTxInfinitePreamble
 .text.SUBGRF_SetStopRxTimerOnPreambleDetect
                0x0800ae80       0x1e ./Middlewares/Third_Party/SubGHz_Phy/stm32_radio_driver/radio_driver.o
                0x0800ae80                SUBGRF_SetStopRxTimerOnPreambleDetect
 .text.SUBGRF_SetLoRaSymbNumTimeout
                0x0800ae9e       0x5e ./Middlewares/Third_Party/SubGHz_Phy/stm32_radio_driver/radio_driver.o
                0x0800ae9e                SUBGRF_SetLoRaSymbNumTimeout
 .text.SUBGRF_SetRegulatorMode
                0x0800aefc       0x2e ./Middlewares/Third_Party/SubGHz_Phy/stm32_radio_driver/radio_driver.o
                0x0800aefc                SUBGRF_SetRegulatorMode
 .text.SUBGRF_Calibrate
                0x0800af2a       0x8c ./Middlewares/Third_Party/SubGHz_Phy/stm32_radio_driver/radio_driver.o
                0x0800af2a                SUBGRF_Calibrate
 *fill*         0x0800afb6        0x2 
 .text.SUBGRF_CalibrateImage
                0x0800afb8       0x94 ./Middlewares/Third_Party/SubGHz_Phy/stm32_radio_driver/radio_driver.o
                0x0800afb8                SUBGRF_CalibrateImage
 .text.SUBGRF_SetPaConfig
                0x0800b04c       0x44 ./Middlewares/Third_Party/SubGHz_Phy/stm32_radio_driver/radio_driver.o
                0x0800b04c                SUBGRF_SetPaConfig
 .text.SUBGRF_SetDioIrqParams
                0x0800b090       0x74 ./Middlewares/Third_Party/SubGHz_Phy/stm32_radio_driver/radio_driver.o
                0x0800b090                SUBGRF_SetDioIrqParams
 .text.SUBGRF_SetTcxoMode
                0x0800b104       0x42 ./Middlewares/Third_Party/SubGHz_Phy/stm32_radio_driver/radio_driver.o
                0x0800b104                SUBGRF_SetTcxoMode
 *fill*         0x0800b146        0x2 
 .text.SUBGRF_SetRfFrequency
                0x0800b148       0x8c ./Middlewares/Third_Party/SubGHz_Phy/stm32_radio_driver/radio_driver.o
                0x0800b148                SUBGRF_SetRfFrequency
 .text.SUBGRF_SetPacketType
                0x0800b1d4       0x38 ./Middlewares/Third_Party/SubGHz_Phy/stm32_radio_driver/radio_driver.o
                0x0800b1d4                SUBGRF_SetPacketType
 .text.SUBGRF_GetPacketType
                0x0800b20c       0x14 ./Middlewares/Third_Party/SubGHz_Phy/stm32_radio_driver/radio_driver.o
                0x0800b20c                SUBGRF_GetPacketType
 .text.SUBGRF_SetTxParams
                0x0800b220      0x19a ./Middlewares/Third_Party/SubGHz_Phy/stm32_radio_driver/radio_driver.o
                0x0800b220                SUBGRF_SetTxParams
 *fill*         0x0800b3ba        0x2 
 .text.SUBGRF_SetModulationParams
                0x0800b3bc      0x1a4 ./Middlewares/Third_Party/SubGHz_Phy/stm32_radio_driver/radio_driver.o
                0x0800b3bc                SUBGRF_SetModulationParams
 .text.SUBGRF_SetPacketParams
                0x0800b560      0x13c ./Middlewares/Third_Party/SubGHz_Phy/stm32_radio_driver/radio_driver.o
                0x0800b560                SUBGRF_SetPacketParams
 .text.SUBGRF_SetBufferBaseAddress
                0x0800b69c       0x2e ./Middlewares/Third_Party/SubGHz_Phy/stm32_radio_driver/radio_driver.o
                0x0800b69c                SUBGRF_SetBufferBaseAddress
 .text.SUBGRF_GetRssiInst
                0x0800b6ca       0x2a ./Middlewares/Third_Party/SubGHz_Phy/stm32_radio_driver/radio_driver.o
                0x0800b6ca                SUBGRF_GetRssiInst
 .text.SUBGRF_GetRxBufferStatus
                0x0800b6f4       0x58 ./Middlewares/Third_Party/SubGHz_Phy/stm32_radio_driver/radio_driver.o
                0x0800b6f4                SUBGRF_GetRxBufferStatus
 .text.SUBGRF_GetPacketStatus
                0x0800b74c       0xa4 ./Middlewares/Third_Party/SubGHz_Phy/stm32_radio_driver/radio_driver.o
                0x0800b74c                SUBGRF_GetPacketStatus
 .text.SUBGRF_WriteRegister
                0x0800b7f0       0x28 ./Middlewares/Third_Party/SubGHz_Phy/stm32_radio_driver/radio_driver.o
                0x0800b7f0                SUBGRF_WriteRegister
 .text.SUBGRF_ReadRegister
                0x0800b818       0x28 ./Middlewares/Third_Party/SubGHz_Phy/stm32_radio_driver/radio_driver.o
                0x0800b818                SUBGRF_ReadRegister
 .text.SUBGRF_WriteRegisters
                0x0800b840       0x44 ./Middlewares/Third_Party/SubGHz_Phy/stm32_radio_driver/radio_driver.o
                0x0800b840                SUBGRF_WriteRegisters
 .text.SUBGRF_ReadRegisters
                0x0800b884       0x44 ./Middlewares/Third_Party/SubGHz_Phy/stm32_radio_driver/radio_driver.o
                0x0800b884                SUBGRF_ReadRegisters
 .text.SUBGRF_WriteBuffer
                0x0800b8c8       0x44 ./Middlewares/Third_Party/SubGHz_Phy/stm32_radio_driver/radio_driver.o
                0x0800b8c8                SUBGRF_WriteBuffer
 .text.SUBGRF_ReadBuffer
                0x0800b90c       0x44 ./Middlewares/Third_Party/SubGHz_Phy/stm32_radio_driver/radio_driver.o
                0x0800b90c                SUBGRF_ReadBuffer
 .text.SUBGRF_WriteCommand
                0x0800b950       0x44 ./Middlewares/Third_Party/SubGHz_Phy/stm32_radio_driver/radio_driver.o
                0x0800b950                SUBGRF_WriteCommand
 .text.SUBGRF_ReadCommand
                0x0800b994       0x44 ./Middlewares/Third_Party/SubGHz_Phy/stm32_radio_driver/radio_driver.o
                0x0800b994                SUBGRF_ReadCommand
 .text.SUBGRF_SetSwitch
                0x0800b9d8       0x50 ./Middlewares/Third_Party/SubGHz_Phy/stm32_radio_driver/radio_driver.o
                0x0800b9d8                SUBGRF_SetSwitch
 .text.SUBGRF_SetRfTxPower
                0x0800ba28       0x68 ./Middlewares/Third_Party/SubGHz_Phy/stm32_radio_driver/radio_driver.o
                0x0800ba28                SUBGRF_SetRfTxPower
 .text.SUBGRF_GetRadioWakeUpTime
                0x0800ba90        0xe ./Middlewares/Third_Party/SubGHz_Phy/stm32_radio_driver/radio_driver.o
                0x0800ba90                SUBGRF_GetRadioWakeUpTime
 *fill*         0x0800ba9e        0x2 
 .text.HAL_SUBGHZ_TxCpltCallback
                0x0800baa0       0x1c ./Middlewares/Third_Party/SubGHz_Phy/stm32_radio_driver/radio_driver.o
                0x0800baa0                HAL_SUBGHZ_TxCpltCallback
 .text.HAL_SUBGHZ_RxCpltCallback
                0x0800babc       0x1c ./Middlewares/Third_Party/SubGHz_Phy/stm32_radio_driver/radio_driver.o
                0x0800babc                HAL_SUBGHZ_RxCpltCallback
 .text.HAL_SUBGHZ_CRCErrorCallback
                0x0800bad8       0x1c ./Middlewares/Third_Party/SubGHz_Phy/stm32_radio_driver/radio_driver.o
                0x0800bad8                HAL_SUBGHZ_CRCErrorCallback
 .text.HAL_SUBGHZ_CADStatusCallback
                0x0800baf4       0x3c ./Middlewares/Third_Party/SubGHz_Phy/stm32_radio_driver/radio_driver.o
                0x0800baf4                HAL_SUBGHZ_CADStatusCallback
 .text.HAL_SUBGHZ_RxTxTimeoutCallback
                0x0800bb30       0x20 ./Middlewares/Third_Party/SubGHz_Phy/stm32_radio_driver/radio_driver.o
                0x0800bb30                HAL_SUBGHZ_RxTxTimeoutCallback
 .text.HAL_SUBGHZ_HeaderErrorCallback
                0x0800bb50       0x1c ./Middlewares/Third_Party/SubGHz_Phy/stm32_radio_driver/radio_driver.o
                0x0800bb50                HAL_SUBGHZ_HeaderErrorCallback
 .text.HAL_SUBGHZ_PreambleDetectedCallback
                0x0800bb6c       0x1c ./Middlewares/Third_Party/SubGHz_Phy/stm32_radio_driver/radio_driver.o
                0x0800bb6c                HAL_SUBGHZ_PreambleDetectedCallback
 .text.HAL_SUBGHZ_SyncWordValidCallback
                0x0800bb88       0x1c ./Middlewares/Third_Party/SubGHz_Phy/stm32_radio_driver/radio_driver.o
                0x0800bb88                HAL_SUBGHZ_SyncWordValidCallback
 .text.HAL_SUBGHZ_HeaderValidCallback
                0x0800bba4       0x1c ./Middlewares/Third_Party/SubGHz_Phy/stm32_radio_driver/radio_driver.o
                0x0800bba4                HAL_SUBGHZ_HeaderValidCallback
 .text.HAL_SUBGHZ_LrFhssHopCallback
                0x0800bbc0       0x20 ./Middlewares/Third_Party/SubGHz_Phy/stm32_radio_driver/radio_driver.o
                0x0800bbc0                HAL_SUBGHZ_LrFhssHopCallback
 .text.Radio_SMPS_Set
                0x0800bbe0       0x42 ./Middlewares/Third_Party/SubGHz_Phy/stm32_radio_driver/radio_driver.o
 *fill*         0x0800bc22        0x2 
 .text.SUBGRF_GetFskBandwidthRegValue
                0x0800bc24       0x50 ./Middlewares/Third_Party/SubGHz_Phy/stm32_radio_driver/radio_driver.o
                0x0800bc24                SUBGRF_GetFskBandwidthRegValue
 .text.SUBGRF_GetCFO
                0x0800bc74       0xe8 ./Middlewares/Third_Party/SubGHz_Phy/stm32_radio_driver/radio_driver.o
                0x0800bc74                SUBGRF_GetCFO
 .text.RFW_TransmitLongPacket
                0x0800bd5c       0x24 ./Middlewares/Third_Party/SubGHz_Phy/stm32_radio_driver/radio_fw.o
                0x0800bd5c                RFW_TransmitLongPacket
 .text.RFW_ReceiveLongPacket
                0x0800bd80       0x24 ./Middlewares/Third_Party/SubGHz_Phy/stm32_radio_driver/radio_fw.o
                0x0800bd80                RFW_ReceiveLongPacket
 .text.RFW_Init
                0x0800bda4       0x1a ./Middlewares/Third_Party/SubGHz_Phy/stm32_radio_driver/radio_fw.o
                0x0800bda4                RFW_Init
 .text.RFW_DeInit
                0x0800bdbe        0xc ./Middlewares/Third_Party/SubGHz_Phy/stm32_radio_driver/radio_fw.o
                0x0800bdbe                RFW_DeInit
 .text.RFW_Is_Init
                0x0800bdca        0xe ./Middlewares/Third_Party/SubGHz_Phy/stm32_radio_driver/radio_fw.o
                0x0800bdca                RFW_Is_Init
 .text.RFW_Is_LongPacketModeEnabled
                0x0800bdd8        0xe ./Middlewares/Third_Party/SubGHz_Phy/stm32_radio_driver/radio_fw.o
                0x0800bdd8                RFW_Is_LongPacketModeEnabled
 .text.RFW_SetAntSwitch
                0x0800bde6       0x14 ./Middlewares/Third_Party/SubGHz_Phy/stm32_radio_driver/radio_fw.o
                0x0800bde6                RFW_SetAntSwitch
 .text.RFW_TransmitInit
                0x0800bdfa       0x20 ./Middlewares/Third_Party/SubGHz_Phy/stm32_radio_driver/radio_fw.o
                0x0800bdfa                RFW_TransmitInit
 .text.RFW_ReceiveInit
                0x0800be1a       0x10 ./Middlewares/Third_Party/SubGHz_Phy/stm32_radio_driver/radio_fw.o
                0x0800be1a                RFW_ReceiveInit
 .text.RFW_DeInit_TxLongPacket
                0x0800be2a        0xc ./Middlewares/Third_Party/SubGHz_Phy/stm32_radio_driver/radio_fw.o
                0x0800be2a                RFW_DeInit_TxLongPacket
 .text.RFW_ReceivePayload
                0x0800be36        0xc ./Middlewares/Third_Party/SubGHz_Phy/stm32_radio_driver/radio_fw.o
                0x0800be36                RFW_ReceivePayload
 .text.RFW_SetRadioModem
                0x0800be42       0x14 ./Middlewares/Third_Party/SubGHz_Phy/stm32_radio_driver/radio_fw.o
                0x0800be42                RFW_SetRadioModem
 .text.MX_SubGHz_Phy_Init
                0x0800be56       0x10 ./SubGHz_Phy/App/app_subghz_phy.o
                0x0800be56                MX_SubGHz_Phy_Init
 *fill*         0x0800be66        0x2 
 .text.SubghzApp_Init
                0x0800be68       0x4c ./SubGHz_Phy/App/subghz_phy_app.o
                0x0800be68                SubghzApp_Init
 .text.OnTxDone
                0x0800beb4        0xc ./SubGHz_Phy/App/subghz_phy_app.o
 .text.OnRxDone
                0x0800bec0       0x24 ./SubGHz_Phy/App/subghz_phy_app.o
 .text.OnTxTimeout
                0x0800bee4        0xc ./SubGHz_Phy/App/subghz_phy_app.o
 .text.OnRxTimeout
                0x0800bef0        0xc ./SubGHz_Phy/App/subghz_phy_app.o
 .text.OnRxError
                0x0800befc        0xc ./SubGHz_Phy/App/subghz_phy_app.o
 .text.RBI_Init
                0x0800bf08       0x16 ./SubGHz_Phy/Target/radio_board_if.o
                0x0800bf08                RBI_Init
 .text.RBI_ConfigRFSwitch
                0x0800bf1e       0x56 ./SubGHz_Phy/Target/radio_board_if.o
                0x0800bf1e                RBI_ConfigRFSwitch
 .text.RBI_GetTxConfig
                0x0800bf74       0x16 ./SubGHz_Phy/Target/radio_board_if.o
                0x0800bf74                RBI_GetTxConfig
 .text.RBI_IsTCXO
                0x0800bf8a       0x16 ./SubGHz_Phy/Target/radio_board_if.o
                0x0800bf8a                RBI_IsTCXO
 .text.RBI_IsDCDC
                0x0800bfa0       0x16 ./SubGHz_Phy/Target/radio_board_if.o
                0x0800bfa0                RBI_IsDCDC
 .text.RBI_GetRFOMaxPowerConfig
                0x0800bfb6       0x2a ./SubGHz_Phy/Target/radio_board_if.o
                0x0800bfb6                RBI_GetRFOMaxPowerConfig
 .text.UTIL_MEM_cpy_8
                0x0800bfe0       0x3e ./Utilities/misc/stm32_mem.o
                0x0800bfe0                UTIL_MEM_cpy_8
 .text.UTIL_MEM_set_8
                0x0800c01e       0x36 ./Utilities/misc/stm32_mem.o
                0x0800c01e                UTIL_MEM_set_8
 .text.UTIL_TIMER_Create
                0x0800c054       0x6c ./Utilities/timer/stm32_timer.o
                0x0800c054                UTIL_TIMER_Create
 .text.UTIL_TIMER_Start
                0x0800c0c0       0xdc ./Utilities/timer/stm32_timer.o
                0x0800c0c0                UTIL_TIMER_Start
 .text.UTIL_TIMER_Stop
                0x0800c19c       0xe0 ./Utilities/timer/stm32_timer.o
                0x0800c19c                UTIL_TIMER_Stop
 .text.UTIL_TIMER_SetPeriod
                0x0800c27c       0x54 ./Utilities/timer/stm32_timer.o
                0x0800c27c                UTIL_TIMER_SetPeriod
 .text.UTIL_TIMER_GetCurrentTime
                0x0800c2d0       0x24 ./Utilities/timer/stm32_timer.o
                0x0800c2d0                UTIL_TIMER_GetCurrentTime
 .text.UTIL_TIMER_GetElapsedTime
                0x0800c2f4       0x38 ./Utilities/timer/stm32_timer.o
                0x0800c2f4                UTIL_TIMER_GetElapsedTime
 .text.TimerExists
                0x0800c32c       0x38 ./Utilities/timer/stm32_timer.o
                0x0800c32c                TimerExists
 .text.TimerSetTimeout
                0x0800c364       0x54 ./Utilities/timer/stm32_timer.o
                0x0800c364                TimerSetTimeout
 .text.TimerInsertTimer
                0x0800c3b8       0x60 ./Utilities/timer/stm32_timer.o
                0x0800c3b8                TimerInsertTimer
 .text.TimerInsertNewHeadTimer
                0x0800c418       0x3c ./Utilities/timer/stm32_timer.o
                0x0800c418                TimerInsertNewHeadTimer
 .text.malloc   0x0800c454       0x10 C:/ST/STM32CubeIDE_1.15.1/STM32CubeIDE/plugins/com.st.stm32cube.ide.mcu.externaltools.gnu-tools-for-stm32.12.3.rel1.win32_1.0.100.202403111256/tools/bin/../lib/gcc/arm-none-eabi/12.3.1/../../../../arm-none-eabi/lib/thumb/v7e-m/nofp\libc_nano.a(libc_a-malloc.o)
                0x0800c454                malloc
 .text.free     0x0800c464       0x10 C:/ST/STM32CubeIDE_1.15.1/STM32CubeIDE/plugins/com.st.stm32cube.ide.mcu.externaltools.gnu-tools-for-stm32.12.3.rel1.win32_1.0.100.202403111256/tools/bin/../lib/gcc/arm-none-eabi/12.3.1/../../../../arm-none-eabi/lib/thumb/v7e-m/nofp\libc_nano.a(libc_a-malloc.o)
                0x0800c464                free
 .text.sbrk_aligned
                0x0800c474       0x44 C:/ST/STM32CubeIDE_1.15.1/STM32CubeIDE/plugins/com.st.stm32cube.ide.mcu.externaltools.gnu-tools-for-stm32.12.3.rel1.win32_1.0.100.202403111256/tools/bin/../lib/gcc/arm-none-eabi/12.3.1/../../../../arm-none-eabi/lib/thumb/v7e-m/nofp\libc_nano.a(libc_a-mallocr.o)
 .text._malloc_r
                0x0800c4b8      0x100 C:/ST/STM32CubeIDE_1.15.1/STM32CubeIDE/plugins/com.st.stm32cube.ide.mcu.externaltools.gnu-tools-for-stm32.12.3.rel1.win32_1.0.100.202403111256/tools/bin/../lib/gcc/arm-none-eabi/12.3.1/../../../../arm-none-eabi/lib/thumb/v7e-m/nofp\libc_nano.a(libc_a-mallocr.o)
                0x0800c4b8                _malloc_r
 .text.__malloc_lock
                0x0800c5b8        0xc C:/ST/STM32CubeIDE_1.15.1/STM32CubeIDE/plugins/com.st.stm32cube.ide.mcu.externaltools.gnu-tools-for-stm32.12.3.rel1.win32_1.0.100.202403111256/tools/bin/../lib/gcc/arm-none-eabi/12.3.1/../../../../arm-none-eabi/lib/thumb/v7e-m/nofp\libc_nano.a(libc_a-mlock.o)
                0x0800c5b8                __malloc_lock
 .text.__malloc_unlock
                0x0800c5c4        0xc C:/ST/STM32CubeIDE_1.15.1/STM32CubeIDE/plugins/com.st.stm32cube.ide.mcu.externaltools.gnu-tools-for-stm32.12.3.rel1.win32_1.0.100.202403111256/tools/bin/../lib/gcc/arm-none-eabi/12.3.1/../../../../arm-none-eabi/lib/thumb/v7e-m/nofp\libc_nano.a(libc_a-mlock.o)
                0x0800c5c4                __malloc_unlock
 .text.memset   0x0800c5d0       0x10 C:/ST/STM32CubeIDE_1.15.1/STM32CubeIDE/plugins/com.st.stm32cube.ide.mcu.externaltools.gnu-tools-for-stm32.12.3.rel1.win32_1.0.100.202403111256/tools/bin/../lib/gcc/arm-none-eabi/12.3.1/../../../../arm-none-eabi/lib/thumb/v7e-m/nofp\libc_nano.a(libc_a-memset.o)
                0x0800c5d0                memset
 .text.strncmp  0x0800c5e0       0x24 C:/ST/STM32CubeIDE_1.15.1/STM32CubeIDE/plugins/com.st.stm32cube.ide.mcu.externaltools.gnu-tools-for-stm32.12.3.rel1.win32_1.0.100.202403111256/tools/bin/../lib/gcc/arm-none-eabi/12.3.1/../../../../arm-none-eabi/lib/thumb/v7e-m/nofp\libc_nano.a(libc_a-strncmp.o)
                0x0800c5e0                strncmp
 .text.strncpy  0x0800c604       0x26 C:/ST/STM32CubeIDE_1.15.1/STM32CubeIDE/plugins/com.st.stm32cube.ide.mcu.externaltools.gnu-tools-for-stm32.12.3.rel1.win32_1.0.100.202403111256/tools/bin/../lib/gcc/arm-none-eabi/12.3.1/../../../../arm-none-eabi/lib/thumb/v7e-m/nofp\libc_nano.a(libc_a-strncpy.o)
                0x0800c604                strncpy
 .text.__strtok_r
                0x0800c62a       0x50 C:/ST/STM32CubeIDE_1.15.1/STM32CubeIDE/plugins/com.st.stm32cube.ide.mcu.externaltools.gnu-tools-for-stm32.12.3.rel1.win32_1.0.100.202403111256/tools/bin/../lib/gcc/arm-none-eabi/12.3.1/../../../../arm-none-eabi/lib/thumb/v7e-m/nofp\libc_nano.a(libc_a-strtok_r.o)
                0x0800c62a                __strtok_r
 .text.strtok_r
                0x0800c67a        0x6 C:/ST/STM32CubeIDE_1.15.1/STM32CubeIDE/plugins/com.st.stm32cube.ide.mcu.externaltools.gnu-tools-for-stm32.12.3.rel1.win32_1.0.100.202403111256/tools/bin/../lib/gcc/arm-none-eabi/12.3.1/../../../../arm-none-eabi/lib/thumb/v7e-m/nofp\libc_nano.a(libc_a-strtok_r.o)
                0x0800c67a                strtok_r
 .text._reclaim_reent
                0x0800c680       0xac C:/ST/STM32CubeIDE_1.15.1/STM32CubeIDE/plugins/com.st.stm32cube.ide.mcu.externaltools.gnu-tools-for-stm32.12.3.rel1.win32_1.0.100.202403111256/tools/bin/../lib/gcc/arm-none-eabi/12.3.1/../../../../arm-none-eabi/lib/thumb/v7e-m/nofp\libc_nano.a(libc_a-reent.o)
                0x0800c680                _reclaim_reent
 .text._sbrk_r  0x0800c72c       0x20 C:/ST/STM32CubeIDE_1.15.1/STM32CubeIDE/plugins/com.st.stm32cube.ide.mcu.externaltools.gnu-tools-for-stm32.12.3.rel1.win32_1.0.100.202403111256/tools/bin/../lib/gcc/arm-none-eabi/12.3.1/../../../../arm-none-eabi/lib/thumb/v7e-m/nofp\libc_nano.a(libc_a-sbrkr.o)
                0x0800c72c                _sbrk_r
 .text.__errno  0x0800c74c        0xc C:/ST/STM32CubeIDE_1.15.1/STM32CubeIDE/plugins/com.st.stm32cube.ide.mcu.externaltools.gnu-tools-for-stm32.12.3.rel1.win32_1.0.100.202403111256/tools/bin/../lib/gcc/arm-none-eabi/12.3.1/../../../../arm-none-eabi/lib/thumb/v7e-m/nofp\libc_nano.a(libc_a-errno.o)
                0x0800c74c                __errno
 .text.__libc_init_array
                0x0800c758       0x48 C:/ST/STM32CubeIDE_1.15.1/STM32CubeIDE/plugins/com.st.stm32cube.ide.mcu.externaltools.gnu-tools-for-stm32.12.3.rel1.win32_1.0.100.202403111256/tools/bin/../lib/gcc/arm-none-eabi/12.3.1/../../../../arm-none-eabi/lib/thumb/v7e-m/nofp\libc_nano.a(libc_a-init.o)
                0x0800c758                __libc_init_array
 .text.__retarget_lock_acquire_recursive
                0x0800c7a0        0x2 C:/ST/STM32CubeIDE_1.15.1/STM32CubeIDE/plugins/com.st.stm32cube.ide.mcu.externaltools.gnu-tools-for-stm32.12.3.rel1.win32_1.0.100.202403111256/tools/bin/../lib/gcc/arm-none-eabi/12.3.1/../../../../arm-none-eabi/lib/thumb/v7e-m/nofp\libc_nano.a(libc_a-lock.o)
                0x0800c7a0                __retarget_lock_acquire_recursive
 .text.__retarget_lock_release_recursive
                0x0800c7a2        0x2 C:/ST/STM32CubeIDE_1.15.1/STM32CubeIDE/plugins/com.st.stm32cube.ide.mcu.externaltools.gnu-tools-for-stm32.12.3.rel1.win32_1.0.100.202403111256/tools/bin/../lib/gcc/arm-none-eabi/12.3.1/../../../../arm-none-eabi/lib/thumb/v7e-m/nofp\libc_nano.a(libc_a-lock.o)
                0x0800c7a2                __retarget_lock_release_recursive
 .text.memcpy   0x0800c7a4       0x1c C:/ST/STM32CubeIDE_1.15.1/STM32CubeIDE/plugins/com.st.stm32cube.ide.mcu.externaltools.gnu-tools-for-stm32.12.3.rel1.win32_1.0.100.202403111256/tools/bin/../lib/gcc/arm-none-eabi/12.3.1/../../../../arm-none-eabi/lib/thumb/v7e-m/nofp\libc_nano.a(libc_a-memcpy-stub.o)
                0x0800c7a4                memcpy
 .text._free_r  0x0800c7c0       0x94 C:/ST/STM32CubeIDE_1.15.1/STM32CubeIDE/plugins/com.st.stm32cube.ide.mcu.externaltools.gnu-tools-for-stm32.12.3.rel1.win32_1.0.100.202403111256/tools/bin/../lib/gcc/arm-none-eabi/12.3.1/../../../../arm-none-eabi/lib/thumb/v7e-m/nofp\libc_nano.a(libc_a-freer.o)
                0x0800c7c0                _free_r
 *(.glue_7)
 .glue_7        0x0800c854        0x0 linker stubs
 *(.glue_7t)
 .glue_7t       0x0800c854        0x0 linker stubs
 *(.eh_frame)
 .eh_frame      0x0800c854        0x0 C:/ST/STM32CubeIDE_1.15.1/STM32CubeIDE/plugins/com.st.stm32cube.ide.mcu.externaltools.gnu-tools-for-stm32.12.3.rel1.win32_1.0.100.202403111256/tools/bin/../lib/gcc/arm-none-eabi/12.3.1/thumb/v7e-m/nofp/crtbegin.o
 *(.init)
 .init          0x0800c854        0x4 C:/ST/STM32CubeIDE_1.15.1/STM32CubeIDE/plugins/com.st.stm32cube.ide.mcu.externaltools.gnu-tools-for-stm32.12.3.rel1.win32_1.0.100.202403111256/tools/bin/../lib/gcc/arm-none-eabi/12.3.1/thumb/v7e-m/nofp/crti.o
                0x0800c854                _init
 .init          0x0800c858        0x8 C:/ST/STM32CubeIDE_1.15.1/STM32CubeIDE/plugins/com.st.stm32cube.ide.mcu.externaltools.gnu-tools-for-stm32.12.3.rel1.win32_1.0.100.202403111256/tools/bin/../lib/gcc/arm-none-eabi/12.3.1/thumb/v7e-m/nofp/crtn.o
 *(.fini)
 .fini          0x0800c860        0x4 C:/ST/STM32CubeIDE_1.15.1/STM32CubeIDE/plugins/com.st.stm32cube.ide.mcu.externaltools.gnu-tools-for-stm32.12.3.rel1.win32_1.0.100.202403111256/tools/bin/../lib/gcc/arm-none-eabi/12.3.1/thumb/v7e-m/nofp/crti.o
                0x0800c860                _fini
 .fini          0x0800c864        0x8 C:/ST/STM32CubeIDE_1.15.1/STM32CubeIDE/plugins/com.st.stm32cube.ide.mcu.externaltools.gnu-tools-for-stm32.12.3.rel1.win32_1.0.100.202403111256/tools/bin/../lib/gcc/arm-none-eabi/12.3.1/thumb/v7e-m/nofp/crtn.o
                0x0800c86c                        . = ALIGN (0x4)
                0x0800c86c                        _etext = .

.vfp11_veneer   0x0800c86c        0x0
 .vfp11_veneer  0x0800c86c        0x0 linker stubs

.v4_bx          0x0800c86c        0x0
 .v4_bx         0x0800c86c        0x0 linker stubs

.iplt           0x0800c86c        0x0
 .iplt          0x0800c86c        0x0 C:/ST/STM32CubeIDE_1.15.1/STM32CubeIDE/plugins/com.st.stm32cube.ide.mcu.externaltools.gnu-tools-for-stm32.12.3.rel1.win32_1.0.100.202403111256/tools/bin/../lib/gcc/arm-none-eabi/12.3.1/thumb/v7e-m/nofp/crtbegin.o

.rodata         0x0800c86c      0x438
                0x0800c86c                        . = ALIGN (0x4)
 *(.rodata)
 .rodata        0x0800c86c       0x96 ./Core/Src/app_freertos.o
 *fill*         0x0800c902        0x2 
 .rodata        0x0800c904       0x1c ./Drivers/STM32WLxx_HAL_Driver/Src/stm32wlxx_hal_rcc.o
 .rodata        0x0800c920        0x5 ./Middlewares/Third_Party/FreeRTOS/Source/tasks.o
 *fill*         0x0800c925        0x3 
 .rodata        0x0800c928        0xd ./Middlewares/Third_Party/FreeRTOS/Source/timers.o
 *fill*         0x0800c935        0x3 
 .rodata        0x0800c938       0x10 ./Middlewares/Third_Party/SubGHz_Phy/stm32_radio_driver/radio.o
 .rodata        0x0800c948       0x11 ./Middlewares/Third_Party/SubGHz_Phy/stm32_radio_driver/radio_driver.o
 *(.rodata*)
 *fill*         0x0800c959        0x3 
 .rodata.DefaultTask_attributes
                0x0800c95c       0x24 ./Core/Src/app_freertos.o
                0x0800c95c                DefaultTask_attributes
 .rodata.UsbSendTask_attributes
                0x0800c980       0x24 ./Core/Src/app_freertos.o
                0x0800c980                UsbSendTask_attributes
 .rodata.LoraSendTask_attributes
                0x0800c9a4       0x24 ./Core/Src/app_freertos.o
                0x0800c9a4                LoraSendTask_attributes
 .rodata.UsbReceiveTask_attributes
                0x0800c9c8       0x24 ./Core/Src/app_freertos.o
                0x0800c9c8                UsbReceiveTask_attributes
 .rodata.LoRaReceiveTask_attributes
                0x0800c9ec       0x24 ./Core/Src/app_freertos.o
                0x0800c9ec                LoRaReceiveTask_attributes
 .rodata.SendLoraQueue_attributes
                0x0800ca10       0x18 ./Core/Src/app_freertos.o
                0x0800ca10                SendLoraQueue_attributes
 .rodata.SendUsbQueue_attributes
                0x0800ca28       0x18 ./Core/Src/app_freertos.o
                0x0800ca28                SendUsbQueue_attributes
 .rodata.UsbMutex_attributes
                0x0800ca40       0x10 ./Core/Src/app_freertos.o
                0x0800ca40                UsbMutex_attributes
 .rodata.LoraMutex_attributes
                0x0800ca50       0x10 ./Core/Src/app_freertos.o
                0x0800ca50                LoraMutex_attributes
 .rodata.LoraSentEvent_attributes
                0x0800ca60       0x10 ./Core/Src/app_freertos.o
                0x0800ca60                LoraSentEvent_attributes
 .rodata.AHBPrescTable
                0x0800ca70       0x40 ./Core/Src/system_stm32wlxx.o
                0x0800ca70                AHBPrescTable
 .rodata.APBPrescTable
                0x0800cab0       0x20 ./Core/Src/system_stm32wlxx.o
                0x0800cab0                APBPrescTable
 .rodata.MSIRangeTable
                0x0800cad0       0x40 ./Core/Src/system_stm32wlxx.o
                0x0800cad0                MSIRangeTable
 .rodata.UTIL_TimerDriver
                0x0800cb10       0x2c ./Core/Src/timer_if.o
                0x0800cb10                UTIL_TimerDriver
 .rodata.UARTPrescTable
                0x0800cb3c       0x18 ./Drivers/STM32WLxx_HAL_Driver/Src/stm32wlxx_hal_uart.o
                0x0800cb3c                UARTPrescTable
 .rodata.numerator.1
                0x0800cb54        0x8 ./Drivers/STM32WLxx_HAL_Driver/Src/stm32wlxx_hal_uart_ex.o
 .rodata.denominator.0
                0x0800cb5c        0x8 ./Drivers/STM32WLxx_HAL_Driver/Src/stm32wlxx_hal_uart_ex.o
 .rodata.Radio  0x0800cb64       0x8c ./Middlewares/Third_Party/SubGHz_Phy/stm32_radio_driver/radio.o
                0x0800cb64                Radio
 .rodata.Bandwidths
                0x0800cbf0        0x3 ./Middlewares/Third_Party/SubGHz_Phy/stm32_radio_driver/radio.o
                0x0800cbf0                Bandwidths
 *fill*         0x0800cbf3        0x1 
 .rodata.FskBandwidths
                0x0800cbf4       0xb0 ./Middlewares/Third_Party/SubGHz_Phy/stm32_radio_driver/radio_driver.o
                0x0800cca4                        . = ALIGN (0x4)

.ARM.extab      0x0800cca4        0x0
                0x0800cca4                        . = ALIGN (0x4)
 *(.ARM.extab* .gnu.linkonce.armextab.*)
                0x0800cca4                        . = ALIGN (0x4)

.ARM            0x0800cca4        0x8
                0x0800cca4                        . = ALIGN (0x4)