Archive member included to satisfy reference by file (symbol)

C:/ST/STM32CubeIDE_1.15.1/STM32CubeIDE/plugins/com.st.stm32cube.ide.mcu.externaltools.gnu-tools-for-stm32.12.3.rel1.win32_1.0.100.202403111256/tools/bin/../lib/gcc/arm-none-eabi/12.3.1/../../../../arm-none-eabi/lib/thumb/v7e-m/nofp\libc_nano.a(libc_a-exit.o)
                              C:/ST/STM32CubeIDE_1.15.1/STM32CubeIDE/plugins/com.st.stm32cube.ide.mcu.externaltools.gnu-tools-for-stm32.12.3.rel1.win32_1.0.100.202403111256/tools/bin/../lib/gcc/arm-none-eabi/12.3.1/../../../../arm-none-eabi/lib/thumb/v7e-m/nofp/crt0.o (exit)
C:/ST/STM32CubeIDE_1.15.1/STM32CubeIDE/plugins/com.st.stm32cube.ide.mcu.externaltools.gnu-tools-for-stm32.12.3.rel1.win32_1.0.100.202403111256/tools/bin/../lib/gcc/arm-none-eabi/12.3.1/../../../../arm-none-eabi/lib/thumb/v7e-m/nofp\libc_nano.a(libc_a-malloc.o)
                              ./Core/Src/app_freertos.o (malloc)
C:/ST/STM32CubeIDE_1.15.1/STM32CubeIDE/plugins/com.st.stm32cube.ide.mcu.externaltools.gnu-tools-for-stm32.12.3.rel1.win32_1.0.100.202403111256/tools/bin/../lib/gcc/arm-none-eabi/12.3.1/../../../../arm-none-eabi/lib/thumb/v7e-m/nofp\libc_nano.a(libc_a-mallocr.o)
                              C:/ST/STM32CubeIDE_1.15.1/STM32CubeIDE/plugins/com.st.stm32cube.ide.mcu.externaltools.gnu-tools-for-stm32.12.3.rel1.win32_1.0.100.202403111256/tools/bin/../lib/gcc/arm-none-eabi/12.3.1/../../../../arm-none-eabi/lib/thumb/v7e-m/nofp\libc_nano.a(libc_a-malloc.o) (_malloc_r)
C:/ST/STM32CubeIDE_1.15.1/STM32CubeIDE/plugins/com.st.stm32cube.ide.mcu.externaltools.gnu-tools-for-stm32.12.3.rel1.win32_1.0.100.202403111256/tools/bin/../lib/gcc/arm-none-eabi/12.3.1/../../../../arm-none-eabi/lib/thumb/v7e-m/nofp\libc_nano.a(libc_a-mlock.o)
                              C:/ST/STM32CubeIDE_1.15.1/STM32CubeIDE/plugins/com.st.stm32cube.ide.mcu.externaltools.gnu-tools-for-stm32.12.3.rel1.win32_1.0.100.202403111256/tools/bin/../lib/gcc/arm-none-eabi/12.3.1/../../../../arm-none-eabi/lib/thumb/v7e-m/nofp\libc_nano.a(libc_a-mallocr.o) (__malloc_lock)
C:/ST/STM32CubeIDE_1.15.1/STM32CubeIDE/plugins/com.st.stm32cube.ide.mcu.externaltools.gnu-tools-for-stm32.12.3.rel1.win32_1.0.100.202403111256/tools/bin/../lib/gcc/arm-none-eabi/12.3.1/../../../../arm-none-eabi/lib/thumb/v7e-m/nofp\libc_nano.a(libc_a-findfp.o)
                              ./Middlewares/Third_Party/FreeRTOS/Source/tasks.o (__sf)
C:/ST/STM32CubeIDE_1.15.1/STM32CubeIDE/plugins/com.st.stm32cube.ide.mcu.externaltools.gnu-tools-for-stm32.12.3.rel1.win32_1.0.100.202403111256/tools/bin/../lib/gcc/arm-none-eabi/12.3.1/../../../../arm-none-eabi/lib/thumb/v7e-m/nofp\libc_nano.a(libc_a-fwalk.o)
                              C:/ST/STM32CubeIDE_1.15.1/STM32CubeIDE/plugins/com.st.stm32cube.ide.mcu.externaltools.gnu-tools-for-stm32.12.3.rel1.win32_1.0.100.202403111256/tools/bin/../lib/gcc/arm-none-eabi/12.3.1/../../../../arm-none-eabi/lib/thumb/v7e-m/nofp\libc_nano.a(libc_a-findfp.o) (_fwalk_sglue)
C:/ST/STM32CubeIDE_1.15.1/STM32CubeIDE/plugins/com.st.stm32cube.ide.mcu.externaltools.gnu-tools-for-stm32.12.3.rel1.win32_1.0.100.202403111256/tools/bin/../lib/gcc/arm-none-eabi/12.3.1/../../../../arm-none-eabi/lib/thumb/v7e-m/nofp\libc_nano.a(libc_a-sprintf.o)
                              ./SubGHz_Phy/App/subghz_phy_app.o (sprintf)
C:/ST/STM32CubeIDE_1.15.1/STM32CubeIDE/plugins/com.st.stm32cube.ide.mcu.externaltools.gnu-tools-for-stm32.12.3.rel1.win32_1.0.100.202403111256/tools/bin/../lib/gcc/arm-none-eabi/12.3.1/../../../../arm-none-eabi/lib/thumb/v7e-m/nofp\libc_nano.a(libc_a-stdio.o)
                              C:/ST/STM32CubeIDE_1.15.1/STM32CubeIDE/plugins/com.st.stm32cube.ide.mcu.externaltools.gnu-tools-for-stm32.12.3.rel1.win32_1.0.100.202403111256/tools/bin/../lib/gcc/arm-none-eabi/12.3.1/../../../../arm-none-eabi/lib/thumb/v7e-m/nofp\libc_nano.a(libc_a-findfp.o) (__sread)
C:/ST/STM32CubeIDE_1.15.1/STM32CubeIDE/plugins/com.st.stm32cube.ide.mcu.externaltools.gnu-tools-for-stm32.12.3.rel1.win32_1.0.100.202403111256/tools/bin/../lib/gcc/arm-none-eabi/12.3.1/../../../../arm-none-eabi/lib/thumb/v7e-m/nofp\libc_nano.a(libc_a-memset.o)
                              C:/ST/STM32CubeIDE_1.15.1/STM32CubeIDE/plugins/com.st.stm32cube.ide.mcu.externaltools.gnu-tools-for-stm32.12.3.rel1.win32_1.0.100.202403111256/tools/bin/../lib/gcc/arm-none-eabi/12.3.1/../../../../arm-none-eabi/lib/thumb/v7e-m/nofp/crt0.o (memset)
C:/ST/STM32CubeIDE_1.15.1/STM32CubeIDE/plugins/com.st.stm32cube.ide.mcu.externaltools.gnu-tools-for-stm32.12.3.rel1.win32_1.0.100.202403111256/tools/bin/../lib/gcc/arm-none-eabi/12.3.1/../../../../arm-none-eabi/lib/thumb/v7e-m/nofp\libc_nano.a(libc_a-strncmp.o)
                              ./Core/Src/app_freertos.o (strncmp)
C:/ST/STM32CubeIDE_1.15.1/STM32CubeIDE/plugins/com.st.stm32cube.ide.mcu.externaltools.gnu-tools-for-stm32.12.3.rel1.win32_1.0.100.202403111256/tools/bin/../lib/gcc/arm-none-eabi/12.3.1/../../../../arm-none-eabi/lib/thumb/v7e-m/nofp\libc_nano.a(libc_a-strncpy.o)
[...]
Memory Configuration

Name             Origin             Length             Attributes
RAM              0x20000000         0x00010000         xrw
RAM2             0x10000000         0x00008000         xrw
FLASH            0x08000000         0x00040000         xr
*default*        0x00000000         0xffffffff

Linker script and memory map

LOAD C:/ST/STM32CubeIDE_1.15.1/STM32CubeIDE/plugins/com.st.stm32cube.ide.mcu.externaltools.gnu-tools-for-stm32.12.3.rel1.win32_1.0.100.202403111256/tools/bin/../lib/gcc/arm-none-eabi/12.3.1/thumb/v7e-m/nofp/crti.o
LOAD C:/ST/STM32CubeIDE_1.15.1/STM32CubeIDE/plugins/com.st.stm32cube.ide.mcu.externaltools.gnu-tools-for-stm32.12.3.rel1.win32_1.0.100.202403111256/tools/bin/../lib/gcc/arm-none-eabi/12.3.1/thumb/v7e-m/nofp/crtbegin.o
LOAD C:/ST/STM32CubeIDE_1.15.1/STM32CubeIDE/plugins/com.st.stm32cube.ide.mcu.externaltools.gnu-tools-for-stm32.12.3.rel1.win32_1.0.100.202403111256/tools/bin/../lib/gcc/arm-none-eabi/12.3.1/../../../../arm-none-eabi/lib/thumb/v7e-m/nofp/crt0.o
LOAD ./Core/Src/app_freertos.o
LOAD ./Core/Src/gpio.o
LOAD ./Core/Src/main.o
LOAD ./Core/Src/stm32_adv_trace_if.o
LOAD ./Core/Src/stm32_lpm_if.o
LOAD ./Core/Src/stm32wlxx_hal_msp.o
LOAD ./Core/Src/stm32wlxx_hal_timebase_tim.o
LOAD ./Core/Src/stm32wlxx_it.o
LOAD ./Core/Src/subghz.o
LOAD ./Core/Src/sys_app.o
LOAD ./Core/Src/syscalls.o
LOAD ./Core/Src/sysmem.o
LOAD ./Core/Src/system_stm32wlxx.o
LOAD ./Core/Src/timer_if.o
LOAD ./Core/Src/usart.o
LOAD ./Core/Startup/startup_stm32wle5ccux.o
LOAD ./Drivers/STM32WLxx_HAL_Driver/Src/stm32wlxx_hal.o
LOAD ./Drivers/STM32WLxx_HAL_Driver/Src/stm32wlxx_hal_cortex.o
LOAD ./Drivers/STM32WLxx_HAL_Driver/Src/stm32wlxx_hal_dma.o
LOAD ./Drivers/STM32WLxx_HAL_Driver/Src/stm32wlxx_hal_dma_ex.o
LOAD ./Drivers/STM32WLxx_HAL_Driver/Src/stm32wlxx_hal_exti.o
LOAD ./Drivers/STM32WLxx_HAL_Driver/Src/stm32wlxx_hal_flash.o
LOAD ./Drivers/STM32WLxx_HAL_Driver/Src/stm32wlxx_hal_flash_ex.o
LOAD ./Drivers/STM32WLxx_HAL_Driver/Src/stm32wlxx_hal_gpio.o
LOAD ./Drivers/STM32WLxx_HAL_Driver/Src/stm32wlxx_hal_hsem.o
LOAD ./Drivers/STM32WLxx_HAL_Driver/Src/stm32wlxx_hal_pwr.o
LOAD ./Drivers/STM32WLxx_HAL_Driver/Src/stm32wlxx_hal_pwr_ex.o
LOAD ./Drivers/STM32WLxx_HAL_Driver/Src/stm32wlxx_hal_rcc.o
LOAD ./Drivers/STM32WLxx_HAL_Driver/Src/stm32wlxx_hal_rcc_ex.o
LOAD ./Drivers/STM32WLxx_HAL_Driver/Src/stm32wlxx_hal_subghz.o
LOAD ./Drivers/STM32WLxx_HAL_Driver/Src/stm32wlxx_hal_tim.o
LOAD ./Drivers/STM32WLxx_HAL_Driver/Src/stm32wlxx_hal_tim_ex.o
LOAD ./Drivers/STM32WLxx_HAL_Driver/Src/stm32wlxx_hal_uart.o
LOAD ./Drivers/STM32WLxx_HAL_Driver/Src/stm32wlxx_hal_uart_ex.o
LOAD ./Middlewares/Third_Party/FreeRTOS/Source/CMSIS_RTOS_V2/cmsis_os2.o
LOAD ./Middlewares/Third_Party/FreeRTOS/Source/croutine.o
LOAD ./Middlewares/Third_Party/FreeRTOS/Source/event_groups.o
LOAD ./Middlewares/Third_Party/FreeRTOS/Source/list.o
LOAD ./Middlewares/Third_Party/FreeRTOS/Source/queue.o
LOAD ./Middlewares/Third_Party/FreeRTOS/Source/stream_buffer.o
LOAD ./Middlewares/Third_Party/FreeRTOS/Source/tasks.o
LOAD ./Middlewares/Third_Party/FreeRTOS/Source/timers.o
LOAD ./Middlewares/Third_Party/FreeRTOS/Source/portable/GCC/ARM_CM3/port.o
LOAD ./Middlewares/Third_Party/FreeRTOS/Source/portable/MemMang/heap_1.o
LOAD ./Middlewares/Third_Party/SubGHz_Phy/stm32_radio_driver/lr_fhss_mac.o
LOAD ./Middlewares/Third_Party/SubGHz_Phy/stm32_radio_driver/radio.o
LOAD ./Middlewares/Third_Party/SubGHz_Phy/stm32_radio_driver/radio_driver.o
LOAD ./Middlewares/Third_Party/SubGHz_Phy/stm32_radio_driver/radio_fw.o
LOAD ./Middlewares/Third_Party/SubGHz_Phy/stm32_radio_driver/wl_lr_fhss.o
LOAD ./SubGHz_Phy/App/app_subghz_phy.o
LOAD ./SubGHz_Phy/App/subghz_phy_app.o
LOAD ./SubGHz_Phy/Target/radio_board_if.o
LOAD ./Utilities/lpm/tiny_lpm/stm32_lpm.o
LOAD ./Utilities/misc/stm32_mem.o
LOAD ./Utilities/misc/stm32_systime.o
LOAD ./Utilities/misc/stm32_tiny_sscanf.o
LOAD ./Utilities/misc/stm32_tiny_vsnprintf.o
LOAD ./Utilities/timer/stm32_timer.o
LOAD ./Utilities/trace/adv_trace/stm32_adv_trace.o
START GROUP
LOAD C:/ST/STM32CubeIDE_1.15.1/STM32CubeIDE/plugins/com.st.stm32cube.ide.mcu.externaltools.gnu-tools-for-stm32.12.3.rel1.win32_1.0.100.202403111256/tools/bin/../lib/gcc/arm-none-eabi/12.3.1/../../../../arm-none-eabi/lib/thumb/v7e-m/nofp\libc_nano.a
LOAD C:/ST/STM32CubeIDE_1.15.1/STM32CubeIDE/plugins/com.st.stm32cube.ide.mcu.externaltools.gnu-tools-for-stm32.12.3.rel1.win32_1.0.100.202403111256/tools/bin/../lib/gcc/arm-none-eabi/12.3.1/../../../../arm-none-eabi/lib/thumb/v7e-m/nofp\libm.a
END GROUP
START GROUP
LOAD C:/ST/STM32CubeIDE_1.15.1/STM32CubeIDE/plugins/com.st.stm32cube.ide.mcu.externaltools.gnu-tools-for-stm32.12.3.rel1.win32_1.0.100.202403111256/tools/bin/../lib/gcc/arm-none-eabi/12.3.1/thumb/v7e-m/nofp\libgcc.a
LOAD C:/ST/STM32CubeIDE_1.15.1/STM32CubeIDE/plugins/com.st.stm32cube.ide.mcu.externaltools.gnu-tools-for-stm32.12.3.rel1.win32_1.0.100.202403111256/tools/bin/../lib/gcc/arm-none-eabi/12.3.1/../../../../arm-none-eabi/lib/thumb/v7e-m/nofp\libc_nano.a
END GROUP
START GROUP
LOAD C:/ST/STM32CubeIDE_1.15.1/STM32CubeIDE/plugins/com.st.stm32cube.ide.mcu.externaltools.gnu-tools-for-stm32.12.3.rel1.win32_1.0.100.202403111256/tools/bin/../lib/gcc/arm-none-eabi/12.3.1/thumb/v7e-m/nofp\libgcc.a
LOAD C:/ST/STM32CubeIDE_1.15.1/STM32CubeIDE/plugins/com.st.stm32cube.ide.mcu.externaltools.gnu-tools-for-stm32.12.3.rel1.win32_1.0.100.202403111256/tools/bin/../lib/gcc/arm-none-eabi/12.3.1/../../../../arm-none-eabi/lib/thumb/v7e-m/nofp\libc_nano.a
LOAD C:/ST/STM32CubeIDE_1.15.1/STM32CubeIDE/plugins/com.st.stm32cube.ide.mcu.externaltools.gnu-tools-for-stm32.12.3.rel1.win32_1.0.100.202403111256/tools/bin/../lib/gcc/arm-none-eabi/12.3.1/../../../../arm-none-eabi/lib/thumb/v7e-m/nofp\libnosys.a
END GROUP
START GROUP
LOAD C:/ST/STM32CubeIDE_1.15.1/STM32CubeIDE/plugins/com.st.stm32cube.ide.mcu.externaltools.gnu-tools-for-stm32.12.3.rel1.win32_1.0.100.202403111256/tools/bin/../lib/gcc/arm-none-eabi/12.3.1/thumb/v7e-m/nofp\libgcc.a
LOAD C:/ST/STM32CubeIDE_1.15.1/STM32CubeIDE/plugins/com.st.stm32cube.ide.mcu.externaltools.gnu-tools-for-stm32.12.3.rel1.win32_1.0.100.202403111256/tools/bin/../lib/gcc/arm-none-eabi/12.3.1/../../../../arm-none-eabi/lib/thumb/v7e-m/nofp\libc_nano.a
LOAD C:/ST/STM32CubeIDE_1.15.1/STM32CubeIDE/plugins/com.st.stm32cube.ide.mcu.externaltools.gnu-tools-for-stm32.12.3.rel1.win32_1.0.100.202403111256/tools/bin/../lib/gcc/arm-none-eabi/12.3.1/../../../../arm-none-eabi/lib/thumb/v7e-m/nofp\libnosys.a
END GROUP
LOAD C:/ST/STM32CubeIDE_1.15.1/STM32CubeIDE/plugins/com.st.stm32cube.ide.mcu.externaltools.gnu-tools-for-stm32.12.3.rel1.win32_1.0.100.202403111256/tools/bin/../lib/gcc/arm-none-eabi/12.3.1/thumb/v7e-m/nofp/crtend.o
LOAD C:/ST/STM32CubeIDE_1.15.1/STM32CubeIDE/plugins/com.st.stm32cube.ide.mcu.externaltools.gnu-tools-for-stm32.12.3.rel1.win32_1.0.100.202403111256/tools/bin/../lib/gcc/arm-none-eabi/12.3.1/thumb/v7e-m/nofp/crtn.o
                0x20010000                        _estack = (ORIGIN (RAM) + LENGTH (RAM))
                0x00000200                        _Min_Heap_Size = 0x200
                0x00000400                        _Min_Stack_Size = 0x400

.isr_vector     0x08000000      0x138
                0x08000000                        . = ALIGN (0x4)
 *(.isr_vector)
 .isr_vector    0x08000000      0x138 ./Core/Startup/startup_stm32wle5ccux.o
                0x08000000                g_pfnVectors
                0x08000138                        . = ALIGN (0x4)

.text           0x08000140     0xc3fc
                0x08000140                        . = ALIGN (0x4)
 *(.text)
 .text          0x08000140       0x40 C:/ST/STM32CubeIDE_1.15.1/STM32CubeIDE/plugins/com.st.stm32cube.ide.mcu.externaltools.gnu-tools-for-stm32.12.3.rel1.win32_1.0.100.202403111256/tools/bin/../lib/gcc/arm-none-eabi/12.3.1/thumb/v7e-m/nofp/crtbegin.o
 .text          0x08000180       0x10 C:/ST/STM32CubeIDE_1.15.1/STM32CubeIDE/plugins/com.st.stm32cube.ide.mcu.externaltools.gnu-tools-for-stm32.12.3.rel1.win32_1.0.100.202403111256/tools/bin/../lib/gcc/arm-none-eabi/12.3.1/../../../../arm-none-eabi/lib/thumb/v7e-m/nofp\libc_nano.a(libc_a-strlen.o)
                0x08000180                strlen
 .text          0x08000190       0xa0 C:/ST/STM32CubeIDE_1.15.1/STM32CubeIDE/plugins/com.st.stm32cube.ide.mcu.externaltools.gnu-tools-for-stm32.12.3.rel1.win32_1.0.100.202403111256/tools/bin/../lib/gcc/arm-none-eabi/12.3.1/../../../../arm-none-eabi/lib/thumb/v7e-m/nofp\libc_nano.a(libc_a-memchr.o)
                0x08000190                memchr
 .text          0x08000230       0x30 C:/ST/STM32CubeIDE_1.15.1/STM32CubeIDE/plugins/com.st.stm32cube.ide.mcu.externaltools.gnu-tools-for-stm32.12.3.rel1.win32_1.0.100.202403111256/tools/bin/../lib/gcc/arm-none-eabi/12.3.1/thumb/v7e-m/nofp\libgcc.a(_aeabi_uldivmod.o)
                0x08000230                __aeabi_uldivmod
 .text          0x08000260      0x2bc C:/ST/STM32CubeIDE_1.15.1/STM32CubeIDE/plugins/com.st.stm32cube.ide.mcu.externaltools.gnu-tools-for-stm32.12.3.rel1.win32_1.0.100.202403111256/tools/bin/../lib/gcc/arm-none-eabi/12.3.1/thumb/v7e-m/nofp\libgcc.a(_udivmoddi4.o)
                0x08000260                __udivmoddi4
 .text          0x0800051c        0x4 C:/ST/STM32CubeIDE_1.15.1/STM32CubeIDE/plugins/com.st.stm32cube.ide.mcu.externaltools.gnu-tools-for-stm32.12.3.rel1.win32_1.0.100.202403111256/tools/bin/../lib/gcc/arm-none-eabi/12.3.1/thumb/v7e-m/nofp\libgcc.a(_dvmd_tls.o)
                0x0800051c                __aeabi_idiv0
                0x0800051c                __aeabi_ldiv0
 *(.text*)
 .text.vApplicationStackOverflowHook
                0x08000520       0x14 ./Core/Src/app_freertos.o
                0x08000520                vApplicationStackOverflowHook
 .text.MX_FREERTOS_Init
                0x08000534       0x8c ./Core/Src/app_freertos.o
                0x08000534                MX_FREERTOS_Init
 .text.StartDefaultTask
                0x080005c0       0x10 ./Core/Src/app_freertos.o
                0x080005c0                StartDefaultTask
 .text.StartUsbTask
                0x080005d0      0x3c0 ./Core/Src/app_freertos.o
                0x080005d0                StartUsbTask
 .text.StartLoraTask
                0x08000990       0x9c ./Core/Src/app_freertos.o
                0x08000990                StartLoraTask
 .text.LL_AHB2_GRP1_EnableClock
                0x08000a2c       0x30 ./Core/Src/gpio.o
 .text.MX_GPIO_Init
                0x08000a5c       0x50 ./Core/Src/gpio.o
                0x08000a5c                MX_GPIO_Init
 .text.main     0x08000aac       0x24 ./Core/Src/main.o
                0x08000aac                main
 .text.SystemClock_Config
                0x08000ad0       0xa4 ./Core/Src/main.o
                0x08000ad0                SystemClock_Config
 .text.HAL_TIM_PeriodElapsedCallback
                0x08000b74       0x24 ./Core/Src/main.o
                0x08000b74                HAL_TIM_PeriodElapsedCallback
 .text.Error_Handler
                0x08000b98        0xc ./Core/Src/main.o
                0x08000b98                Error_Handler
 .text.LL_AHB3_GRP1_EnableClock
                0x08000ba4       0x30 ./Core/Src/stm32wlxx_hal_msp.o
 .text.HAL_MspInit
                0x08000bd4       0x3c ./Core/Src/stm32wlxx_hal_msp.o
                0x08000bd4                HAL_MspInit
 .text.LL_APB2_GRP1_EnableClock
                0x08000c10       0x30 ./Core/Src/stm32wlxx_hal_timebase_tim.o
 .text.HAL_InitTick
                0x08000c40       0xcc ./Core/Src/stm32wlxx_hal_timebase_tim.o
                0x08000c40                HAL_InitTick
 .text.NMI_Handler
                0x08000d0c        0x8 ./Core/Src/stm32wlxx_it.o
                0x08000d0c                NMI_Handler
 .text.HardFault_Handler
                0x08000d14        0x8 ./Core/Src/stm32wlxx_it.o
                0x08000d14                HardFault_Handler
 .text.MemManage_Handler
                0x08000d1c        0x8 ./Core/Src/stm32wlxx_it.o
                0x08000d1c                MemManage_Handler
 .text.BusFault_Handler
                0x08000d24        0x8 ./Core/Src/stm32wlxx_it.o
                0x08000d24                BusFault_Handler
 .text.UsageFault_Handler
                0x08000d2c        0x8 ./Core/Src/stm32wlxx_it.o
                0x08000d2c                UsageFault_Handler
 .text.DebugMon_Handler
                0x08000d34        0xc ./Core/Src/stm32wlxx_it.o
                0x08000d34                DebugMon_Handler
 .text.RCC_IRQHandler
                0x08000d40        0xc ./Core/Src/stm32wlxx_it.o
                0x08000d40                RCC_IRQHandler
 .text.TIM1_UP_IRQHandler
                0x08000d4c       0x14 ./Core/Src/stm32wlxx_it.o
                0x08000d4c                TIM1_UP_IRQHandler
 .text.USART1_IRQHandler
                0x08000d60       0x14 ./Core/Src/stm32wlxx_it.o
                0x08000d60                USART1_IRQHandler
 .text.HSEM_IRQHandler
                0x08000d74        0xc ./Core/Src/stm32wlxx_it.o
                0x08000d74                HSEM_IRQHandler
 .text.SUBGHZ_Radio_IRQHandler
                0x08000d80       0x14 ./Core/Src/stm32wlxx_it.o
                0x08000d80                SUBGHZ_Radio_IRQHandler
 .text.LL_APB3_GRP1_EnableClock
                0x08000d94       0x30 ./Core/Src/subghz.o
 .text.MX_SUBGHZ_Init
                0x08000dc4       0x24 ./Core/Src/subghz.o
                0x08000dc4                MX_SUBGHZ_Init
 .text.HAL_SUBGHZ_MspInit
                0x08000de8       0x26 ./Core/Src/subghz.o
                0x08000de8                HAL_SUBGHZ_MspInit
 .text.SystemApp_Init
                0x08000e0e        0xc ./Core/Src/sys_app.o
                0x08000e0e                SystemApp_Init
 *fill*         0x08000e1a        0x2 
 .text.HAL_GetTick
                0x08000e1c       0x28 ./Core/Src/sys_app.o
                0x08000e1c                HAL_GetTick
 .text.HAL_Delay
                0x08000e44       0x18 ./Core/Src/sys_app.o
                0x08000e44                HAL_Delay
 .text._sbrk    0x08000e5c       0x6c ./Core/Src/sysmem.o
                0x08000e5c                _sbrk
 .text.SystemInit
                0x08000ec8        0xc ./Core/Src/system_stm32wlxx.o
                0x08000ec8                SystemInit
 .text.TIMER_IF_Init
                0x08000ed4       0x16 ./Core/Src/timer_if.o
                0x08000ed4                TIMER_IF_Init
 .text.TIMER_IF_StartTimer
                0x08000eea       0x18 ./Core/Src/timer_if.o
                0x08000eea                TIMER_IF_StartTimer
 .text.TIMER_IF_StopTimer
                0x08000f02       0x16 ./Core/Src/timer_if.o
                0x08000f02                TIMER_IF_StopTimer
 .text.TIMER_IF_SetTimerContext
                0x08000f18       0x14 ./Core/Src/timer_if.o
                0x08000f18                TIMER_IF_SetTimerContext
 .text.TIMER_IF_GetTimerContext
                0x08000f2c       0x14 ./Core/Src/timer_if.o
                0x08000f2c                TIMER_IF_GetTimerContext
 .text.TIMER_IF_GetTimerElapsedTime
                0x08000f40       0x16 ./Core/Src/timer_if.o
                0x08000f40                TIMER_IF_GetTimerElapsedTime
 .text.TIMER_IF_GetTimerValue
                0x08000f56       0x16 ./Core/Src/timer_if.o
                0x08000f56                TIMER_IF_GetTimerValue
 .text.TIMER_IF_GetMinimumTimeout
                0x08000f6c       0x16 ./Core/Src/timer_if.o
                0x08000f6c                TIMER_IF_GetMinimumTimeout
 .text.TIMER_IF_Convert_ms2Tick
                0x08000f82       0x18 ./Core/Src/timer_if.o
                0x08000f82                TIMER_IF_Convert_ms2Tick
 .text.TIMER_IF_Convert_Tick2ms
                0x08000f9a       0x18 ./Core/Src/timer_if.o
                0x08000f9a                TIMER_IF_Convert_Tick2ms
 .text.TIMER_IF_DelayMs
                0x08000fb2       0x12 ./Core/Src/timer_if.o
                0x08000fb2                TIMER_IF_DelayMs
 .text.LL_AHB2_GRP1_EnableClock
                0x08000fc4       0x30 ./Core/Src/usart.o
 .text.LL_APB2_GRP1_EnableClock
                0x08000ff4       0x30 ./Core/Src/usart.o
 .text.MX_USART1_UART_Init
                0x08001024       0x9c ./Core/Src/usart.o
                0x08001024                MX_USART1_UART_Init
 .text.HAL_UART_MspInit
                0x080010c0       0x9c ./Core/Src/usart.o
                0x080010c0                HAL_UART_MspInit
 .text.Reset_Handler
                0x0800115c       0x50 ./Core/Startup/startup_stm32wle5ccux.o
                0x0800115c                Reset_Handler
 .text.Default_Handler
                0x080011ac        0x2 ./Core/Startup/startup_stm32wle5ccux.o
                0x080011ac                RTC_Alarm_IRQHandler
                0x080011ac                EXTI2_IRQHandler
                0x080011ac                TIM1_CC_IRQHandler
                0x080011ac                EXTI3_IRQHandler
                0x080011ac                LPTIM2_IRQHandler
                0x080011ac                I2C3_ER_IRQHandler
                0x080011ac                LPTIM3_IRQHandler
                0x080011ac                EXTI0_IRQHandler
                0x080011ac                I2C2_EV_IRQHandler
                0x080011ac                TAMP_STAMP_LSECSS_SSRU_IRQHandler
                0x080011ac                SPI1_IRQHandler
                0x080011ac                DMA2_Channel2_IRQHandler
                0x080011ac                DMA1_Channel4_IRQHandler
                0x080011ac                PKA_IRQHandler
                0x080011ac                TIM17_IRQHandler
                0x080011ac                DMA1_Channel7_IRQHandler
                0x080011ac                SUBGHZSPI_IRQHandler
                0x080011ac                DMA2_Channel1_IRQHandler
                0x080011ac                I2C1_EV_IRQHandler
                0x080011ac                DMAMUX1_OVR_IRQHandler
                0x080011ac                DMA1_Channel6_IRQHandler
                0x080011ac                TIM16_IRQHandler
                0x080011ac                DMA2_Channel4_IRQHandler
                0x080011ac                TIM1_TRG_COM_IRQHandler
                0x080011ac                DMA1_Channel1_IRQHandler
                0x080011ac                Default_Handler
                0x080011ac                DMA2_Channel7_IRQHandler
                0x080011ac                EXTI15_10_IRQHandler
                0x080011ac                ADC_IRQHandler
                0x080011ac                I2C3_EV_IRQHandler
                0x080011ac                EXTI9_5_IRQHandler
                0x080011ac                RTC_WKUP_IRQHandler
                0x080011ac                PVD_PVM_IRQHandler
                0x080011ac                SPI2_IRQHandler
                0x080011ac                DMA2_Channel5_IRQHandler
                0x080011ac                DMA1_Channel5_IRQHandler
                0x080011ac                EXTI4_IRQHandler
                0x080011ac                RNG_IRQHandler
                0x080011ac                DMA1_Channel3_IRQHandler
                0x080011ac                COMP_IRQHandler
                0x080011ac                WWDG_IRQHandler
                0x080011ac                LPUART1_IRQHandler
                0x080011ac                DMA2_Channel6_IRQHandler
                0x080011ac                TIM2_IRQHandler
                0x080011ac                TIM1_BRK_IRQHandler
                0x080011ac                DAC_IRQHandler
                0x080011ac                EXTI1_IRQHandler
                0x080011ac                AES_IRQHandler
                0x080011ac                USART2_IRQHandler
                0x080011ac                I2C2_ER_IRQHandler
                0x080011ac                DMA1_Channel2_IRQHandler
                0x080011ac                FLASH_IRQHandler
                0x080011ac                I2C1_ER_IRQHandler
                0x080011ac                LPTIM1_IRQHandler
                0x080011ac                DMA2_Channel3_IRQHandler
 *fill*         0x080011ae        0x2 
 .text.HAL_Init
                0x080011b0       0x40 ./Drivers/STM32WLxx_HAL_Driver/Src/stm32wlxx_hal.o
                0x080011b0                HAL_Init
 .text.HAL_IncTick
                0x080011f0       0x24 ./Drivers/STM32WLxx_HAL_Driver/Src/stm32wlxx_hal.o
                0x080011f0                HAL_IncTick
 .text.__NVIC_SetPriorityGrouping
                0x08001214       0x48 ./Drivers/STM32WLxx_HAL_Driver/Src/stm32wlxx_hal_cortex.o
 .text.__NVIC_GetPriorityGrouping
                0x0800125c       0x1c ./Drivers/STM32WLxx_HAL_Driver/Src/stm32wlxx_hal_cortex.o
 .text.__NVIC_EnableIRQ
                0x08001278       0x38 ./Drivers/STM32WLxx_HAL_Driver/Src/stm32wlxx_hal_cortex.o
 .text.__NVIC_SetPriority
                0x080012b0       0x54 ./Drivers/STM32WLxx_HAL_Driver/Src/stm32wlxx_hal_cortex.o
 .text.NVIC_EncodePriority
                0x08001304       0x64 ./Drivers/STM32WLxx_HAL_Driver/Src/stm32wlxx_hal_cortex.o
 .text.HAL_NVIC_SetPriorityGrouping
                0x08001368       0x16 ./Drivers/STM32WLxx_HAL_Driver/Src/stm32wlxx_hal_cortex.o
                0x08001368                HAL_NVIC_SetPriorityGrouping
 .text.HAL_NVIC_SetPriority
                0x0800137e       0x34 ./Drivers/STM32WLxx_HAL_Driver/Src/stm32wlxx_hal_cortex.o
                0x0800137e                HAL_NVIC_SetPriority
 .text.HAL_NVIC_EnableIRQ
                0x080013b2       0x1c ./Drivers/STM32WLxx_HAL_Driver/Src/stm32wlxx_hal_cortex.o
                0x080013b2                HAL_NVIC_EnableIRQ
 .text.HAL_DMA_Abort
                0x080013ce       0xbc ./Drivers/STM32WLxx_HAL_Driver/Src/stm32wlxx_hal_dma.o
                0x080013ce                HAL_DMA_Abort
 .text.HAL_DMA_Abort_IT
                0x0800148a       0xbe ./Drivers/STM32WLxx_HAL_Driver/Src/stm32wlxx_hal_dma.o
                0x0800148a                HAL_DMA_Abort_IT
 .text.HAL_GPIO_Init
                0x08001548      0x2c0 ./Drivers/STM32WLxx_HAL_Driver/Src/stm32wlxx_hal_gpio.o
                0x08001548                HAL_GPIO_Init
 .text.HAL_GPIO_WritePin
                0x08001808       0x2e ./Drivers/STM32WLxx_HAL_Driver/Src/stm32wlxx_hal_gpio.o
                0x08001808                HAL_GPIO_WritePin
 *fill*         0x08001836        0x2 
 .text.HAL_HSEM_IRQHandler
                0x08001838       0x34 ./Drivers/STM32WLxx_HAL_Driver/Src/stm32wlxx_hal_hsem.o
                0x08001838                HAL_HSEM_IRQHandler
 .text.HAL_HSEM_FreeCallback
                0x0800186c       0x12 ./Drivers/STM32WLxx_HAL_Driver/Src/stm32wlxx_hal_hsem.o
                0x0800186c                HAL_HSEM_FreeCallback
 *fill*         0x0800187e        0x2 
 .text.HAL_PWR_EnableBkUpAccess
                0x08001880       0x1c ./Drivers/STM32WLxx_HAL_Driver/Src/stm32wlxx_hal_pwr.o
                0x08001880                HAL_PWR_EnableBkUpAccess
 .text.HAL_PWREx_GetVoltageRange
                0x0800189c       0x18 ./Drivers/STM32WLxx_HAL_Driver/Src/stm32wlxx_hal_pwr_ex.o
                0x0800189c                HAL_PWREx_GetVoltageRange
 .text.LL_PWR_IsEnabledBkUpAccess
                0x080018b4       0x24 ./Drivers/STM32WLxx_HAL_Driver/Src/stm32wlxx_hal_rcc.o
 .text.LL_RCC_HSE_EnableTcxo
                0x080018d8       0x1c ./Drivers/STM32WLxx_HAL_Driver/Src/stm32wlxx_hal_rcc.o
 .text.LL_RCC_HSE_DisableTcxo
                0x080018f4       0x1c ./Drivers/STM32WLxx_HAL_Driver/Src/stm32wlxx_hal_rcc.o
 .text.LL_RCC_HSE_IsEnabledDiv2
                0x08001910       0x22 ./Drivers/STM32WLxx_HAL_Driver/Src/stm32wlxx_hal_rcc.o
 .text.LL_RCC_HSE_Enable
                0x08001932       0x1c ./Drivers/STM32WLxx_HAL_Driver/Src/stm32wlxx_hal_rcc.o
 .text.LL_RCC_HSE_Disable
                0x0800194e       0x1c ./Drivers/STM32WLxx_HAL_Driver/Src/stm32wlxx_hal_rcc.o
 .text.LL_RCC_HSE_IsReady
                0x0800196a       0x22 ./Drivers/STM32WLxx_HAL_Driver/Src/stm32wlxx_hal_rcc.o
 .text.LL_RCC_HSI_Enable
                0x0800198c       0x1c ./Drivers/STM32WLxx_HAL_Driver/Src/stm32wlxx_hal_rcc.o
 .text.LL_RCC_HSI_Disable
                0x080019a8       0x1c ./Drivers/STM32WLxx_HAL_Driver/Src/stm32wlxx_hal_rcc.o
 .text.LL_RCC_HSI_IsReady
                0x080019c4       0x22 ./Drivers/STM32WLxx_HAL_Driver/Src/stm32wlxx_hal_rcc.o
 .text.LL_RCC_HSI_SetCalibTrimming
                0x080019e6       0x28 ./Drivers/STM32WLxx_HAL_Driver/Src/stm32wlxx_hal_rcc.o
 .text.LL_RCC_LSE_IsReady
                0x08001a0e       0x22 ./Drivers/STM32WLxx_HAL_Driver/Src/stm32wlxx_hal_rcc.o
 .text.LL_RCC_LSI_Enable
                0x08001a30       0x20 ./Drivers/STM32WLxx_HAL_Driver/Src/stm32wlxx_hal_rcc.o
 .text.LL_RCC_LSI_Disable
                0x08001a50       0x20 ./Drivers/STM32WLxx_HAL_Driver/Src/stm32wlxx_hal_rcc.o
 .text.LL_RCC_LSI_IsReady
                0x08001a70       0x22 ./Drivers/STM32WLxx_HAL_Driver/Src/stm32wlxx_hal_rcc.o
 .text.LL_RCC_MSI_Enable
                0x08001a92       0x1c ./Drivers/STM32WLxx_HAL_Driver/Src/stm32wlxx_hal_rcc.o
 .text.LL_RCC_MSI_Disable
                0x08001aae       0x1c ./Drivers/STM32WLxx_HAL_Driver/Src/stm32wlxx_hal_rcc.o
 .text.LL_RCC_MSI_IsReady
                0x08001aca       0x20 ./Drivers/STM32WLxx_HAL_Driver/Src/stm32wlxx_hal_rcc.o
 .text.LL_RCC_MSI_IsEnabledRangeSelect
                0x08001aea       0x20 ./Drivers/STM32WLxx_HAL_Driver/Src/stm32wlxx_hal_rcc.o
 .text.LL_RCC_MSI_GetRange
                0x08001b0a       0x16 ./Drivers/STM32WLxx_HAL_Driver/Src/stm32wlxx_hal_rcc.o
 .text.LL_RCC_MSI_GetRangeAfterStandby
                0x08001b20       0x18 ./Drivers/STM32WLxx_HAL_Driver/Src/stm32wlxx_hal_rcc.o
 .text.LL_RCC_MSI_SetCalibTrimming
                0x08001b38       0x28 ./Drivers/STM32WLxx_HAL_Driver/Src/stm32wlxx_hal_rcc.o
 .text.LL_RCC_SetSysClkSource
                0x08001b60       0x26 ./Drivers/STM32WLxx_HAL_Driver/Src/stm32wlxx_hal_rcc.o
 .text.LL_RCC_GetSysClkSource
                0x08001b86       0x16 ./Drivers/STM32WLxx_HAL_Driver/Src/stm32wlxx_hal_rcc.o
 .text.LL_RCC_SetAHBPrescaler
                0x08001b9c       0x26 ./Drivers/STM32WLxx_HAL_Driver/Src/stm32wlxx_hal_rcc.o
 .text.LL_RCC_SetAHB3Prescaler
                0x08001bc2       0x2c ./Drivers/STM32WLxx_HAL_Driver/Src/stm32wlxx_hal_rcc.o
 .text.LL_RCC_SetAPB1Prescaler
                0x08001bee       0x26 ./Drivers/STM32WLxx_HAL_Driver/Src/stm32wlxx_hal_rcc.o
 .text.LL_RCC_SetAPB2Prescaler
                0x08001c14       0x26 ./Drivers/STM32WLxx_HAL_Driver/Src/stm32wlxx_hal_rcc.o
 .text.LL_RCC_GetAHBPrescaler
                0x08001c3a       0x16 ./Drivers/STM32WLxx_HAL_Driver/Src/stm32wlxx_hal_rcc.o
 .text.LL_RCC_GetAHB3Prescaler
                0x08001c50       0x1a ./Drivers/STM32WLxx_HAL_Driver/Src/stm32wlxx_hal_rcc.o
 .text.LL_RCC_GetAPB1Prescaler
                0x08001c6a       0x16 ./Drivers/STM32WLxx_HAL_Driver/Src/stm32wlxx_hal_rcc.o
 .text.LL_RCC_GetAPB2Prescaler
                0x08001c80       0x16 ./Drivers/STM32WLxx_HAL_Driver/Src/stm32wlxx_hal_rcc.o
 .text.LL_RCC_PLL_Enable
                0x08001c96       0x1c ./Drivers/STM32WLxx_HAL_Driver/Src/stm32wlxx_hal_rcc.o
 .text.LL_RCC_PLL_Disable
                0x08001cb2       0x1c ./Drivers/STM32WLxx_HAL_Driver/Src/stm32wlxx_hal_rcc.o
 .text.LL_RCC_PLL_IsReady
                0x08001cce       0x22 ./Drivers/STM32WLxx_HAL_Driver/Src/stm32wlxx_hal_rcc.o
 .text.LL_RCC_PLL_GetN
                0x08001cf0       0x18 ./Drivers/STM32WLxx_HAL_Driver/Src/stm32wlxx_hal_rcc.o
 .text.LL_RCC_PLL_GetR
                0x08001d08       0x16 ./Drivers/STM32WLxx_HAL_Driver/Src/stm32wlxx_hal_rcc.o
 .text.LL_RCC_PLL_GetDivider
                0x08001d1e       0x16 ./Drivers/STM32WLxx_HAL_Driver/Src/stm32wlxx_hal_rcc.o
 .text.LL_RCC_PLL_GetMainSource
                0x08001d34       0x16 ./Drivers/STM32WLxx_HAL_Driver/Src/stm32wlxx_hal_rcc.o
 .text.LL_RCC_IsActiveFlag_HPRE
                0x08001d4a       0x22 ./Drivers/STM32WLxx_HAL_Driver/Src/stm32wlxx_hal_rcc.o
 .text.LL_RCC_IsActiveFlag_SHDHPRE
                0x08001d6c       0x24 ./Drivers/STM32WLxx_HAL_Driver/Src/stm32wlxx_hal_rcc.o
 .text.LL_RCC_IsActiveFlag_PPRE1
                0x08001d90       0x22 ./Drivers/STM32WLxx_HAL_Driver/Src/stm32wlxx_hal_rcc.o
 .text.LL_RCC_IsActiveFlag_PPRE2
                0x08001db2       0x22 ./Drivers/STM32WLxx_HAL_Driver/Src/stm32wlxx_hal_rcc.o
 .text.HAL_RCC_OscConfig
                0x08001dd4      0x704 ./Drivers/STM32WLxx_HAL_Driver/Src/stm32wlxx_hal_rcc.o
                0x08001dd4                HAL_RCC_OscConfig
 .text.HAL_RCC_ClockConfig
                0x080024d8      0x248 ./Drivers/STM32WLxx_HAL_Driver/Src/stm32wlxx_hal_rcc.o
                0x080024d8                HAL_RCC_ClockConfig
 .text.HAL_RCC_GetSysClockFreq
                0x08002720      0x140 ./Drivers/STM32WLxx_HAL_Driver/Src/stm32wlxx_hal_rcc.o
                0x08002720                HAL_RCC_GetSysClockFreq
 .text.HAL_RCC_GetHCLKFreq
                0x08002860       0x28 ./Drivers/STM32WLxx_HAL_Driver/Src/stm32wlxx_hal_rcc.o
                0x08002860                HAL_RCC_GetHCLKFreq
 .text.HAL_RCC_GetPCLK1Freq
                0x08002888       0x24 ./Drivers/STM32WLxx_HAL_Driver/Src/stm32wlxx_hal_rcc.o
                0x08002888                HAL_RCC_GetPCLK1Freq
 .text.HAL_RCC_GetPCLK2Freq
                0x080028ac       0x24 ./Drivers/STM32WLxx_HAL_Driver/Src/stm32wlxx_hal_rcc.o
                0x080028ac                HAL_RCC_GetPCLK2Freq
 .text.HAL_RCC_GetClockConfig
                0x080028d0       0x7c ./Drivers/STM32WLxx_HAL_Driver/Src/stm32wlxx_hal_rcc.o
                0x080028d0                HAL_RCC_GetClockConfig
 .text.RCC_SetFlashLatencyFromMSIRange
                0x0800294c       0x60 ./Drivers/STM32WLxx_HAL_Driver/Src/stm32wlxx_hal_rcc.o
 .text.RCC_SetFlashLatency
                0x080029ac      0x104 ./Drivers/STM32WLxx_HAL_Driver/Src/stm32wlxx_hal_rcc.o
 .text.LL_RCC_LSE_IsReady
                0x08002ab0       0x22 ./Drivers/STM32WLxx_HAL_Driver/Src/stm32wlxx_hal_rcc_ex.o
 .text.LL_RCC_SetUSARTClockSource
                0x08002ad2       0x30 ./Drivers/STM32WLxx_HAL_Driver/Src/stm32wlxx_hal_rcc_ex.o
 .text.LL_RCC_SetI2SClockSource
                0x08002b02       0x2a ./Drivers/STM32WLxx_HAL_Driver/Src/stm32wlxx_hal_rcc_ex.o
 .text.LL_RCC_SetLPUARTClockSource
                0x08002b2c       0x2a ./Drivers/STM32WLxx_HAL_Driver/Src/stm32wlxx_hal_rcc_ex.o
 .text.LL_RCC_SetI2CClockSource
                0x08002b56       0x38 ./Drivers/STM32WLxx_HAL_Driver/Src/stm32wlxx_hal_rcc_ex.o
 .text.LL_RCC_SetLPTIMClockSource
                0x08002b8e       0x32 ./Drivers/STM32WLxx_HAL_Driver/Src/stm32wlxx_hal_rcc_ex.o
 .text.LL_RCC_SetRNGClockSource
                0x08002bc0       0x2a ./Drivers/STM32WLxx_HAL_Driver/Src/stm32wlxx_hal_rcc_ex.o
 .text.LL_RCC_SetADCClockSource
                0x08002bea       0x2a ./Drivers/STM32WLxx_HAL_Driver/Src/stm32wlxx_hal_rcc_ex.o
 .text.LL_RCC_SetRTCClockSource
                0x08002c14       0x2a ./Drivers/STM32WLxx_HAL_Driver/Src/stm32wlxx_hal_rcc_ex.o
 .text.LL_RCC_GetRTCClockSource
                0x08002c3e       0x18 ./Drivers/STM32WLxx_HAL_Driver/Src/stm32wlxx_hal_rcc_ex.o
 .text.LL_RCC_ForceBackupDomainReset
                0x08002c56       0x20 ./Drivers/STM32WLxx_HAL_Driver/Src/stm32wlxx_hal_rcc_ex.o
 .text.LL_RCC_ReleaseBackupDomainReset
                0x08002c76       0x20 ./Drivers/STM32WLxx_HAL_Driver/Src/stm32wlxx_hal_rcc_ex.o
 *fill*         0x08002c96        0x2 
 .text.HAL_RCCEx_PeriphCLKConfig
                0x08002c98      0x234 ./Drivers/STM32WLxx_HAL_Driver/Src/stm32wlxx_hal_rcc_ex.o
                0x08002c98                HAL_RCCEx_PeriphCLKConfig
 .text.LL_PWR_SetRadioBusyTrigger
                0x08002ecc       0x28 ./Drivers/STM32WLxx_HAL_Driver/Src/stm32wlxx_hal_subghz.o
 .text.LL_PWR_UnselectSUBGHZSPI_NSS
                0x08002ef4       0x20 ./Drivers/STM32WLxx_HAL_Driver/Src/stm32wlxx_hal_subghz.o
 .text.LL_PWR_SelectSUBGHZSPI_NSS
                0x08002f14       0x20 ./Drivers/STM32WLxx_HAL_Driver/Src/stm32wlxx_hal_subghz.o
 .text.LL_PWR_ClearFlag_RFBUSY
                0x08002f34       0x18 ./Drivers/STM32WLxx_HAL_Driver/Src/stm32wlxx_hal_subghz.o
 .text.LL_PWR_IsActiveFlag_RFBUSYS
                0x08002f4c       0x24 ./Drivers/STM32WLxx_HAL_Driver/Src/stm32wlxx_hal_subghz.o
 .text.LL_PWR_IsActiveFlag_RFBUSYMS
                0x08002f70       0x24 ./Drivers/STM32WLxx_HAL_Driver/Src/stm32wlxx_hal_subghz.o
 .text.LL_RCC_RF_DisableReset
                0x08002f94       0x20 ./Drivers/STM32WLxx_HAL_Driver/Src/stm32wlxx_hal_subghz.o
 .text.LL_RCC_IsRFUnderReset
                0x08002fb4       0x24 ./Drivers/STM32WLxx_HAL_Driver/Src/stm32wlxx_hal_subghz.o
 .text.LL_EXTI_EnableIT_32_63
                0x08002fd8       0x28 ./Drivers/STM32WLxx_HAL_Driver/Src/stm32wlxx_hal_subghz.o
 .text.HAL_SUBGHZ_Init
                0x08003000       0xc8 ./Drivers/STM32WLxx_HAL_Driver/Src/stm32wlxx_hal_subghz.o
                0x08003000                HAL_SUBGHZ_Init
 .text.HAL_SUBGHZ_WriteRegisters
                0x080030c8       0xbe ./Drivers/STM32WLxx_HAL_Driver/Src/stm32wlxx_hal_subghz.o
                0x080030c8                HAL_SUBGHZ_WriteRegisters
 .text.HAL_SUBGHZ_ReadRegisters
                0x08003186       0xc2 ./Drivers/STM32WLxx_HAL_Driver/Src/stm32wlxx_hal_subghz.o
                0x08003186                HAL_SUBGHZ_ReadRegisters
 .text.HAL_SUBGHZ_ExecSetCmd
                0x08003248       0xbe ./Drivers/STM32WLxx_HAL_Driver/Src/stm32wlxx_hal_subghz.o
                0x08003248                HAL_SUBGHZ_ExecSetCmd
 .text.HAL_SUBGHZ_ExecGetCmd
                0x08003306       0xa8 ./Drivers/STM32WLxx_HAL_Driver/Src/stm32wlxx_hal_subghz.o
                0x08003306                HAL_SUBGHZ_ExecGetCmd
 .text.HAL_SUBGHZ_WriteBuffer
                0x080033ae       0xa6 ./Drivers/STM32WLxx_HAL_Driver/Src/stm32wlxx_hal_subghz.o
                0x080033ae                HAL_SUBGHZ_WriteBuffer
 .text.HAL_SUBGHZ_ReadBuffer
                0x08003454       0xb0 ./Drivers/STM32WLxx_HAL_Driver/Src/stm32wlxx_hal_subghz.o
                0x08003454                HAL_SUBGHZ_ReadBuffer
 .text.HAL_SUBGHZ_IRQHandler
                0x08003504       0xfa ./Drivers/STM32WLxx_HAL_Driver/Src/stm32wlxx_hal_subghz.o
                0x08003504                HAL_SUBGHZ_IRQHandler
 *fill*         0x080035fe        0x2 
 .text.SUBGHZSPI_Init
                0x08003600       0x40 ./Drivers/STM32WLxx_HAL_Driver/Src/stm32wlxx_hal_subghz.o
                0x08003600                SUBGHZSPI_Init
 .text.SUBGHZSPI_Transmit
                0x08003640       0xac ./Drivers/STM32WLxx_HAL_Driver/Src/stm32wlxx_hal_subghz.o
                0x08003640                SUBGHZSPI_Transmit
 .text.SUBGHZSPI_Receive
                0x080036ec       0xb0 ./Drivers/STM32WLxx_HAL_Driver/Src/stm32wlxx_hal_subghz.o
                0x080036ec                SUBGHZSPI_Receive
 .text.SUBGHZ_CheckDeviceReady
                0x0800379c       0x48 ./Drivers/STM32WLxx_HAL_Driver/Src/stm32wlxx_hal_subghz.o
                0x0800379c                SUBGHZ_CheckDeviceReady
 .text.SUBGHZ_WaitOnBusy
                0x080037e4       0x5c ./Drivers/STM32WLxx_HAL_Driver/Src/stm32wlxx_hal_subghz.o
                0x080037e4                SUBGHZ_WaitOnBusy
 .text.HAL_TIM_Base_Init
                0x08003840       0xae ./Drivers/STM32WLxx_HAL_Driver/Src/stm32wlxx_hal_tim.o
                0x08003840                HAL_TIM_Base_Init
 .text.HAL_TIM_Base_MspInit
                0x080038ee       0x12 ./Drivers/STM32WLxx_HAL_Driver/Src/stm32wlxx_hal_tim.o
                0x080038ee                HAL_TIM_Base_MspInit
 .text.HAL_TIM_Base_Start_IT
                0x08003900       0x98 ./Drivers/STM32WLxx_HAL_Driver/Src/stm32wlxx_hal_tim.o
                0x08003900                HAL_TIM_Base_Start_IT
 .text.HAL_TIM_IRQHandler
                0x08003998      0x23e ./Drivers/STM32WLxx_HAL_Driver/Src/stm32wlxx_hal_tim.o
                0x08003998                HAL_TIM_IRQHandler
 .text.HAL_TIM_OC_DelayElapsedCallback
                0x08003bd6       0x12 ./Drivers/STM32WLxx_HAL_Driver/Src/stm32wlxx_hal_tim.o
                0x08003bd6                HAL_TIM_OC_DelayElapsedCallback
 .text.HAL_TIM_IC_CaptureCallback
                0x08003be8       0x12 ./Drivers/STM32WLxx_HAL_Driver/Src/stm32wlxx_hal_tim.o
                0x08003be8                HAL_TIM_IC_CaptureCallback
 .text.HAL_TIM_PWM_PulseFinishedCallback
                0x08003bfa       0x12 ./Drivers/STM32WLxx_HAL_Driver/Src/stm32wlxx_hal_tim.o
                0x08003bfa                HAL_TIM_PWM_PulseFinishedCallback
 .text.HAL_TIM_TriggerCallback
                0x08003c0c       0x12 ./Drivers/STM32WLxx_HAL_Driver/Src/stm32wlxx_hal_tim.o
                0x08003c0c                HAL_TIM_TriggerCallback
 *fill*         0x08003c1e        0x2 
 .text.TIM_Base_SetConfig
                0x08003c20       0xc4 ./Drivers/STM32WLxx_HAL_Driver/Src/stm32wlxx_hal_tim.o
                0x08003c20                TIM_Base_SetConfig
 .text.HAL_TIMEx_CommutCallback
                0x08003ce4       0x12 ./Drivers/STM32WLxx_HAL_Driver/Src/stm32wlxx_hal_tim_ex.o
                0x08003ce4                HAL_TIMEx_CommutCallback
 .text.HAL_TIMEx_BreakCallback
                0x08003cf6       0x12 ./Drivers/STM32WLxx_HAL_Driver/Src/stm32wlxx_hal_tim_ex.o
                0x08003cf6                HAL_TIMEx_BreakCallback
 .text.HAL_TIMEx_Break2Callback
                0x08003d08       0x12 ./Drivers/STM32WLxx_HAL_Driver/Src/stm32wlxx_hal_tim_ex.o
                0x08003d08                HAL_TIMEx_Break2Callback
 .text.LL_RCC_GetUSARTClockSource
                0x08003d1a       0x24 ./Drivers/STM32WLxx_HAL_Driver/Src/stm32wlxx_hal_uart.o
 .text.LL_RCC_GetLPUARTClockSource
                0x08003d3e       0x1e ./Drivers/STM32WLxx_HAL_Driver/Src/stm32wlxx_hal_uart.o
 .text.HAL_UART_Init
                0x08003d5c       0xa0 ./Drivers/STM32WLxx_HAL_Driver/Src/stm32wlxx_hal_uart.o
                0x08003d5c                HAL_UART_Init
 .text.HAL_UART_Transmit
                0x08003dfc      0x10c ./Drivers/STM32WLxx_HAL_Driver/Src/stm32wlxx_hal_uart.o
                0x08003dfc                HAL_UART_Transmit
 .text.HAL_UART_Receive
                0x08003f08      0x188 ./Drivers/STM32WLxx_HAL_Driver/Src/stm32wlxx_hal_uart.o
                0x08003f08                HAL_UART_Receive
 .text.HAL_UART_IRQHandler
                0x08004090      0x648 ./Drivers/STM32WLxx_HAL_Driver/Src/stm32wlxx_hal_uart.o
                0x08004090                HAL_UART_IRQHandler
 .text.HAL_UART_TxCpltCallback
                0x080046d8       0x12 ./Drivers/STM32WLxx_HAL_Driver/Src/stm32wlxx_hal_uart.o
                0x080046d8                HAL_UART_TxCpltCallback
 .text.HAL_UART_ErrorCallback
                0x080046ea       0x12 ./Drivers/STM32WLxx_HAL_Driver/Src/stm32wlxx_hal_uart.o
                0x080046ea                HAL_UART_ErrorCallback
 .text.HAL_UARTEx_RxEventCallback
                0x080046fc       0x16 ./Drivers/STM32WLxx_HAL_Driver/Src/stm32wlxx_hal_uart.o
                0x080046fc                HAL_UARTEx_RxEventCallback
 *fill*         0x08004712        0x2 
 .text.UART_SetConfig
                0x08004714      0x4e8 ./Drivers/STM32WLxx_HAL_Driver/Src/stm32wlxx_hal_uart.o
                0x08004714                UART_SetConfig
 .text.UART_AdvFeatureConfig
                0x08004bfc      0x142 ./Drivers/STM32WLxx_HAL_Driver/Src/stm32wlxx_hal_uart.o
                0x08004bfc                UART_AdvFeatureConfig
 .text.UART_CheckIdleState
                0x08004d3e       0x9c ./Drivers/STM32WLxx_HAL_Driver/Src/stm32wlxx_hal_uart.o
                0x08004d3e                UART_CheckIdleState
 .text.UART_WaitOnFlagUntilTimeout
                0x08004dda      0x190 ./Drivers/STM32WLxx_HAL_Driver/Src/stm32wlxx_hal_uart.o
                0x08004dda                UART_WaitOnFlagUntilTimeout
 .text.UART_EndRxTransfer
                0x08004f6a       0xca ./Drivers/STM32WLxx_HAL_Driver/Src/stm32wlxx_hal_uart.o
 .text.UART_DMAAbortOnError
                0x08005034       0x2c ./Drivers/STM32WLxx_HAL_Driver/Src/stm32wlxx_hal_uart.o
 .text.UART_EndTransmit_IT
                0x08005060       0x56 ./Drivers/STM32WLxx_HAL_Driver/Src/stm32wlxx_hal_uart.o
 .text.HAL_UARTEx_WakeupCallback
                0x080050b6       0x12 ./Drivers/STM32WLxx_HAL_Driver/Src/stm32wlxx_hal_uart_ex.o
                0x080050b6                HAL_UARTEx_WakeupCallback
 .text.HAL_UARTEx_RxFifoFullCallback
                0x080050c8       0x12 ./Drivers/STM32WLxx_HAL_Driver/Src/stm32wlxx_hal_uart_ex.o
                0x080050c8                HAL_UARTEx_RxFifoFullCallback
 .text.HAL_UARTEx_TxFifoEmptyCallback
                0x080050da       0x12 ./Drivers/STM32WLxx_HAL_Driver/Src/stm32wlxx_hal_uart_ex.o
                0x080050da                HAL_UARTEx_TxFifoEmptyCallback
 .text.HAL_UARTEx_EnableFifoMode
                0x080050ec       0x76 ./Drivers/STM32WLxx_HAL_Driver/Src/stm32wlxx_hal_uart_ex.o
                0x080050ec                HAL_UARTEx_EnableFifoMode
 .text.HAL_UARTEx_SetTxFifoThreshold
                0x08005162       0x7c ./Drivers/STM32WLxx_HAL_Driver/Src/stm32wlxx_hal_uart_ex.o
                0x08005162                HAL_UARTEx_SetTxFifoThreshold
 .text.HAL_UARTEx_SetRxFifoThreshold
                0x080051de       0x7c ./Drivers/STM32WLxx_HAL_Driver/Src/stm32wlxx_hal_uart_ex.o
                0x080051de                HAL_UARTEx_SetRxFifoThreshold
 *fill*         0x0800525a        0x2 
 .text.UARTEx_SetNbDataToProcess
                0x0800525c       0x98 ./Drivers/STM32WLxx_HAL_Driver/Src/stm32wlxx_hal_uart_ex.o
 .text.SVC_Setup
                0x080052f4        0xc ./Middlewares/Third_Party/FreeRTOS/Source/CMSIS_RTOS_V2/cmsis_os2.o
 .text.osKernelInitialize
                0x08005300       0x64 ./Middlewares/Third_Party/FreeRTOS/Source/CMSIS_RTOS_V2/cmsis_os2.o
                0x08005300                osKernelInitialize
 .text.osKernelStart
                0x08005364       0x6c ./Middlewares/Third_Party/FreeRTOS/Source/CMSIS_RTOS_V2/cmsis_os2.o
                0x08005364                osKernelStart
 .text.osThreadNew
                0x080053d0      0x14c ./Middlewares/Third_Party/FreeRTOS/Source/CMSIS_RTOS_V2/cmsis_os2.o
                0x080053d0                osThreadNew
 .text.osDelay  0x0800551c       0x5c ./Middlewares/Third_Party/FreeRTOS/Source/CMSIS_RTOS_V2/cmsis_os2.o
                0x0800551c                osDelay
 .text.osMessageQueueNew
                0x08005578      0x10c ./Middlewares/Third_Party/FreeRTOS/Source/CMSIS_RTOS_V2/cmsis_os2.o
                0x08005578                osMessageQueueNew
 .text.osMessageQueuePut
                0x08005684       0xe8 ./Middlewares/Third_Party/FreeRTOS/Source/CMSIS_RTOS_V2/cmsis_os2.o
                0x08005684                osMessageQueuePut
 .text.osMessageQueueGet
                0x0800576c       0xe4 ./Middlewares/Third_Party/FreeRTOS/Source/CMSIS_RTOS_V2/cmsis_os2.o
                0x0800576c                osMessageQueueGet
 .text.vApplicationGetIdleTaskMemory
                0x08005850       0x30 ./Middlewares/Third_Party/FreeRTOS/Source/CMSIS_RTOS_V2/cmsis_os2.o
                0x08005850                vApplicationGetIdleTaskMemory
 .text.vApplicationGetTimerTaskMemory
                0x08005880       0x34 ./Middlewares/Third_Party/FreeRTOS/Source/CMSIS_RTOS_V2/cmsis_os2.o
                0x08005880                vApplicationGetTimerTaskMemory
 .text.vListInitialise
                0x080058b4       0x3e ./Middlewares/Third_Party/FreeRTOS/Source/list.o
                0x080058b4                vListInitialise
 .text.vListInitialiseItem
                0x080058f2       0x18 ./Middlewares/Third_Party/FreeRTOS/Source/list.o
                0x080058f2                vListInitialiseItem
 .text.vListInsertEnd
                0x0800590a       0x46 ./Middlewares/Third_Party/FreeRTOS/Source/list.o
                0x0800590a                vListInsertEnd
 .text.vListInsert
                0x08005950       0x70 ./Middlewares/Third_Party/FreeRTOS/Source/list.o
                0x08005950                vListInsert
 .text.uxListRemove
                0x080059c0       0x52 ./Middlewares/Third_Party/FreeRTOS/Source/list.o
                0x080059c0                uxListRemove
 *fill*         0x08005a12        0x2 
 .text.xQueueGenericReset
                0x08005a14       0xd4 ./Middlewares/Third_Party/FreeRTOS/Source/queue.o
                0x08005a14                xQueueGenericReset
 .text.xQueueGenericCreateStatic
                0x08005ae8       0xfa ./Middlewares/Third_Party/FreeRTOS/Source/queue.o
                0x08005ae8                xQueueGenericCreateStatic
 .text.xQueueGenericCreate
                0x08005be2       0x82 ./Middlewares/Third_Party/FreeRTOS/Source/queue.o
                0x08005be2                xQueueGenericCreate
 .text.prvInitialiseNewQueue
                0x08005c64       0x46 ./Middlewares/Third_Party/FreeRTOS/Source/queue.o
 *fill*         0x08005caa        0x2 
 .text.xQueueGenericSend
                0x08005cac      0x204 ./Middlewares/Third_Party/FreeRTOS/Source/queue.o
                0x08005cac                xQueueGenericSend
 .text.xQueueGenericSendFromISR
                0x08005eb0      0x136 ./Middlewares/Third_Party/FreeRTOS/Source/queue.o
                0x08005eb0                xQueueGenericSendFromISR
 *fill*         0x08005fe6        0x2 
 .text.xQueueReceive
                0x08005fe8      0x1c4 ./Middlewares/Third_Party/FreeRTOS/Source/queue.o
                0x08005fe8                xQueueReceive
 .text.xQueueReceiveFromISR
                0x080061ac      0x104 ./Middlewares/Third_Party/FreeRTOS/Source/queue.o
                0x080061ac                xQueueReceiveFromISR
 .text.prvCopyDataToQueue
                0x080062b0       0xd4 ./Middlewares/Third_Party/FreeRTOS/Source/queue.o
 .text.prvCopyDataFromQueue
                0x08006384       0x4c ./Middlewares/Third_Party/FreeRTOS/Source/queue.o
 .text.prvUnlockQueue
                0x080063d0       0xa4 ./Middlewares/Third_Party/FreeRTOS/Source/queue.o
 .text.prvIsQueueEmpty
                0x08006474       0x2c ./Middlewares/Third_Party/FreeRTOS/Source/queue.o
 .text.prvIsQueueFull
                0x080064a0       0x30 ./Middlewares/Third_Party/FreeRTOS/Source/queue.o
 .text.vQueueAddToRegistry
                0x080064d0       0x50 ./Middlewares/Third_Party/FreeRTOS/Source/queue.o
                0x080064d0                vQueueAddToRegistry
 .text.vQueueWaitForMessageRestricted
                0x08006520       0x68 ./Middlewares/Third_Party/FreeRTOS/Source/queue.o
                0x08006520                vQueueWaitForMessageRestricted
 .text.xTaskCreateStatic
                0x08006588       0xc0 ./Middlewares/Third_Party/FreeRTOS/Source/tasks.o
                0x08006588                xTaskCreateStatic
 .text.xTaskCreate
                0x08006648       0x8a ./Middlewares/Third_Party/FreeRTOS/Source/tasks.o
                0x08006648                xTaskCreate
 *fill*         0x080066d2        0x2 
 .text.prvInitialiseNewTask
                0x080066d4      0x150 ./Middlewares/Third_Party/FreeRTOS/Source/tasks.o
 .text.prvAddNewTaskToReadyList
                0x08006824       0xe0 ./Middlewares/Third_Party/FreeRTOS/Source/tasks.o
 .text.vTaskDelay
                0x08006904       0x6c ./Middlewares/Third_Party/FreeRTOS/Source/tasks.o
                0x08006904                vTaskDelay
 .text.vTaskStartScheduler
                0x08006970       0xe0 ./Middlewares/Third_Party/FreeRTOS/Source/tasks.o
                0x08006970                vTaskStartScheduler
 .text.vTaskSuspendAll
                0x08006a50       0x1c ./Middlewares/Third_Party/FreeRTOS/Source/tasks.o
                0x08006a50                vTaskSuspendAll
 .text.xTaskResumeAll
                0x08006a6c      0x13c ./Middlewares/Third_Party/FreeRTOS/Source/tasks.o
                0x08006a6c                xTaskResumeAll
 .text.xTaskGetTickCount
                0x08006ba8       0x1c ./Middlewares/Third_Party/FreeRTOS/Source/tasks.o
                0x08006ba8                xTaskGetTickCount
 .text.xTaskIncrementTick
                0x08006bc4      0x174 ./Middlewares/Third_Party/FreeRTOS/Source/tasks.o
                0x08006bc4                xTaskIncrementTick
 .text.vTaskSwitchContext
                0x08006d38       0xe8 ./Middlewares/Third_Party/FreeRTOS/Source/tasks.o
                0x08006d38                vTaskSwitchContext
 .text.vTaskPlaceOnEventList
                0x08006e20       0x4c ./Middlewares/Third_Party/FreeRTOS/Source/tasks.o
                0x08006e20                vTaskPlaceOnEventList
 .text.vTaskPlaceOnEventListRestricted
                0x08006e6c       0x58 ./Middlewares/Third_Party/FreeRTOS/Source/tasks.o
                0x08006e6c                vTaskPlaceOnEventListRestricted
 .text.xTaskRemoveFromEventList
                0x08006ec4       0xc8 ./Middlewares/Third_Party/FreeRTOS/Source/tasks.o
                0x08006ec4                xTaskRemoveFromEventList
 .text.vTaskInternalSetTimeOutState
                0x08006f8c       0x2c ./Middlewares/Third_Party/FreeRTOS/Source/tasks.o
                0x08006f8c                vTaskInternalSetTimeOutState
 .text.xTaskCheckForTimeOut
                0x08006fb8       0xc8 ./Middlewares/Third_Party/FreeRTOS/Source/tasks.o
                0x08006fb8                xTaskCheckForTimeOut
 .text.vTaskMissedYield
                0x08007080       0x18 ./Middlewares/Third_Party/FreeRTOS/Source/tasks.o
                0x08007080                vTaskMissedYield
 .text.prvIdleTask
                0x08007098       0x30 ./Middlewares/Third_Party/FreeRTOS/Source/tasks.o
 .text.prvInitialiseTaskLists
                0x080070c8       0x80 ./Middlewares/Third_Party/FreeRTOS/Source/tasks.o
 .text.prvCheckTasksWaitingTermination
                0x08007148       0x5c ./Middlewares/Third_Party/FreeRTOS/Source/tasks.o
 .text.prvDeleteTCB
                0x080071a4       0x6a ./Middlewares/Third_Party/FreeRTOS/Source/tasks.o
 *fill*         0x0800720e        0x2 
 .text.prvResetNextTaskUnblockTime
                0x08007210       0x40 ./Middlewares/Third_Party/FreeRTOS/Source/tasks.o
 .text.xTaskGetSchedulerState
                0x08007250       0x3c ./Middlewares/Third_Party/FreeRTOS/Source/tasks.o
                0x08007250                xTaskGetSchedulerState
 .text.xTaskPriorityDisinherit
                0x0800728c       0xe0 ./Middlewares/Third_Party/FreeRTOS/Source/tasks.o
                0x0800728c                xTaskPriorityDisinherit
 .text.prvAddCurrentTaskToDelayedList
                0x0800736c       0xa8 ./Middlewares/Third_Party/FreeRTOS/Source/tasks.o
 .text.xTimerCreateTimerTask
                0x08007414       0x94 ./Middlewares/Third_Party/FreeRTOS/Source/timers.o
                0x08007414                xTimerCreateTimerTask
 .text.xTimerGenericCommand
                0x080074a8       0x9c ./Middlewares/Third_Party/FreeRTOS/Source/timers.o
                0x080074a8                xTimerGenericCommand
 .text.prvProcessExpiredTimer
                0x08007544       0x9c ./Middlewares/Third_Party/FreeRTOS/Source/timers.o
 .text.prvTimerTask
                0x080075e0       0x26 ./Middlewares/Third_Party/FreeRTOS/Source/timers.o
 *fill*         0x08007606        0x2 
 .text.prvProcessTimerOrBlockTask
                0x08007608       0x9c ./Middlewares/Third_Party/FreeRTOS/Source/timers.o
 .text.prvGetNextExpireTime
                0x080076a4       0x44 ./Middlewares/Third_Party/FreeRTOS/Source/timers.o
 .text.prvSampleTimeNow
                0x080076e8       0x40 ./Middlewares/Third_Party/FreeRTOS/Source/timers.o
 .text.prvInsertTimerInActiveList
                0x08007728       0x84 ./Middlewares/Third_Party/FreeRTOS/Source/timers.o
 .text.prvProcessReceivedCommands
                0x080077ac      0x1cc ./Middlewares/Third_Party/FreeRTOS/Source/timers.o
 .text.prvSwitchTimerLists
                0x08007978       0xcc ./Middlewares/Third_Party/FreeRTOS/Source/timers.o
 .text.prvCheckForValidListAndQueue
                0x08007a44       0x80 ./Middlewares/Third_Party/FreeRTOS/Source/timers.o
 .text.pxPortInitialiseStack
                0x08007ac4       0x58 ./Middlewares/Third_Party/FreeRTOS/Source/portable/GCC/ARM_CM3/port.o
                0x08007ac4                pxPortInitialiseStack
 .text.prvTaskExitError
                0x08007b1c       0x58 ./Middlewares/Third_Party/FreeRTOS/Source/portable/GCC/ARM_CM3/port.o
 *fill*         0x08007b74        0xc 
 .text.SVC_Handler
                0x08007b80       0x28 ./Middlewares/Third_Party/FreeRTOS/Source/portable/GCC/ARM_CM3/port.o
                0x08007b80                SVC_Handler
 .text.prvPortStartFirstTask
                0x08007ba8       0x20 ./Middlewares/Third_Party/FreeRTOS/Source/portable/GCC/ARM_CM3/port.o
 .text.xPortStartScheduler
                0x08007bc8       0xe4 ./Middlewares/Third_Party/FreeRTOS/Source/portable/GCC/ARM_CM3/port.o
                0x08007bc8                xPortStartScheduler
 .text.vPortEnterCritical
                0x08007cac       0x60 ./Middlewares/Third_Party/FreeRTOS/Source/portable/GCC/ARM_CM3/port.o
                0x08007cac                vPortEnterCritical
 .text.vPortExitCritical
                0x08007d0c       0x54 ./Middlewares/Third_Party/FreeRTOS/Source/portable/GCC/ARM_CM3/port.o
                0x08007d0c                vPortExitCritical
 .text.PendSV_Handler
                0x08007d60       0x48 ./Middlewares/Third_Party/FreeRTOS/Source/portable/GCC/ARM_CM3/port.o
                0x08007d60                PendSV_Handler
 .text.SysTick_Handler
                0x08007da8       0x44 ./Middlewares/Third_Party/FreeRTOS/Source/portable/GCC/ARM_CM3/port.o
                0x08007da8                SysTick_Handler
 .text.vPortSetupTimerInterrupt
                0x08007dec       0x44 ./Middlewares/Third_Party/FreeRTOS/Source/portable/GCC/ARM_CM3/port.o
                0x08007dec                vPortSetupTimerInterrupt
 .text.vPortValidateInterruptPriority
                0x08007e30       0x80 ./Middlewares/Third_Party/FreeRTOS/Source/portable/GCC/ARM_CM3/port.o
                0x08007e30                vPortValidateInterruptPriority
 .text.pvPortMalloc
                0x08007eb0       0x8c ./Middlewares/Third_Party/FreeRTOS/Source/portable/MemMang/heap_1.o
                0x08007eb0                pvPortMalloc
 .text.vPortFree
                0x08007f3c       0x30 ./Middlewares/Third_Party/FreeRTOS/Source/portable/MemMang/heap_1.o
                0x08007f3c                vPortFree
 .text.RadioInit
                0x08007f6c       0xb8 ./Middlewares/Third_Party/SubGHz_Phy/stm32_radio_driver/radio.o
 .text.RadioGetStatus
                0x08008024       0x2e ./Middlewares/Third_Party/SubGHz_Phy/stm32_radio_driver/radio.o
 *fill*         0x08008052        0x2 
 .text.RadioSetModem
                0x08008054       0xb8 ./Middlewares/Third_Party/SubGHz_Phy/stm32_radio_driver/radio.o
 .text.RadioSetChannel
                0x0800810c       0x16 ./Middlewares/Third_Party/SubGHz_Phy/stm32_radio_driver/radio.o
 .text.RadioIsChannelFree
                0x08008122       0xb4 ./Middlewares/Third_Party/SubGHz_Phy/stm32_radio_driver/radio.o
 .text.RadioRandom
                0x080081d6       0x26 ./Middlewares/Third_Party/SubGHz_Phy/stm32_radio_driver/radio.o
 .text.RadioSetRxConfig
                0x080081fc      0x418 ./Middlewares/Third_Party/SubGHz_Phy/stm32_radio_driver/radio.o
 .text.RadioSetTxConfig
                0x08008614      0x224 ./Middlewares/Third_Party/SubGHz_Phy/stm32_radio_driver/radio.o
 .text.RadioCheckRfFrequency
                0x08008838       0x14 ./Middlewares/Third_Party/SubGHz_Phy/stm32_radio_driver/radio.o
 .text.RadioGetLoRaBandwidthInHz
                0x0800884c       0xac ./Middlewares/Third_Party/SubGHz_Phy/stm32_radio_driver/radio.o
 .text.RadioGetGfskTimeOnAirNumerator
                0x080088f8       0x54 ./Middlewares/Third_Party/SubGHz_Phy/stm32_radio_driver/radio.o
 .text.RadioGetLoRaTimeOnAirNumerator
                0x0800894c      0x102 ./Middlewares/Third_Party/SubGHz_Phy/stm32_radio_driver/radio.o
 *fill*         0x08008a4e        0x2 
 .text.RadioTimeOnAir
                0x08008a50       0xb0 ./Middlewares/Third_Party/SubGHz_Phy/stm32_radio_driver/radio.o
 .text.RadioSend
                0x08008b00      0x1f0 ./Middlewares/Third_Party/SubGHz_Phy/stm32_radio_driver/radio.o
 .text.RadioSleep
                0x08008cf0       0x26 ./Middlewares/Third_Party/SubGHz_Phy/stm32_radio_driver/radio.o
 .text.RadioStandby
                0x08008d16        0xe ./Middlewares/Third_Party/SubGHz_Phy/stm32_radio_driver/radio.o
 .text.RadioRx  0x08008d24       0x80 ./Middlewares/Third_Party/SubGHz_Phy/stm32_radio_driver/radio.o
 .text.RadioRxBoosted
                0x08008da4       0x80 ./Middlewares/Third_Party/SubGHz_Phy/stm32_radio_driver/radio.o
 .text.RadioSetRxDutyCycle
                0x08008e24       0x48 ./Middlewares/Third_Party/SubGHz_Phy/stm32_radio_driver/radio.o
 .text.RadioStartCad
                0x08008e6c       0x30 ./Middlewares/Third_Party/SubGHz_Phy/stm32_radio_driver/radio.o
 .text.RadioSetTxContinuousWave
                0x08008e9c       0x64 ./Middlewares/Third_Party/SubGHz_Phy/stm32_radio_driver/radio.o
 .text.RadioRssi
                0x08008f00       0x18 ./Middlewares/Third_Party/SubGHz_Phy/stm32_radio_driver/radio.o
 .text.RadioWrite
                0x08008f18       0x24 ./Middlewares/Third_Party/SubGHz_Phy/stm32_radio_driver/radio.o
 .text.RadioRead
                0x08008f3c       0x1c ./Middlewares/Third_Party/SubGHz_Phy/stm32_radio_driver/radio.o
 .text.RadioWriteRegisters
                0x08008f58       0x26 ./Middlewares/Third_Party/SubGHz_Phy/stm32_radio_driver/radio.o
 .text.RadioReadRegisters
                0x08008f7e       0x26 ./Middlewares/Third_Party/SubGHz_Phy/stm32_radio_driver/radio.o
 .text.RadioSetMaxPayloadLength
                0x08008fa4       0x5c ./Middlewares/Third_Party/SubGHz_Phy/stm32_radio_driver/radio.o
 .text.RadioSetPublicNetwork
                0x08009000       0x5c ./Middlewares/Third_Party/SubGHz_Phy/stm32_radio_driver/radio.o
 .text.RadioGetWakeupTime
                0x0800905c       0x10 ./Middlewares/Third_Party/SubGHz_Phy/stm32_radio_driver/radio.o
 .text.RadioOnTxTimeoutIrq
                0x0800906c       0x14 ./Middlewares/Third_Party/SubGHz_Phy/stm32_radio_driver/radio.o
 .text.RadioOnRxTimeoutIrq
                0x08009080       0x14 ./Middlewares/Third_Party/SubGHz_Phy/stm32_radio_driver/radio.o
 .text.RadioOnTxTimeoutProcess
                0x08009094       0x28 ./Middlewares/Third_Party/SubGHz_Phy/stm32_radio_driver/radio.o
 .text.RadioOnRxTimeoutProcess
                0x080090bc       0x28 ./Middlewares/Third_Party/SubGHz_Phy/stm32_radio_driver/radio.o
 .text.RadioOnDioIrq
                0x080090e4       0x24 ./Middlewares/Third_Party/SubGHz_Phy/stm32_radio_driver/radio.o
 .text.RadioIrqProcess
                0x08009108      0x3e8 ./Middlewares/Third_Party/SubGHz_Phy/stm32_radio_driver/radio.o
 .text.RadioTxPrbs
                0x080094f0       0x38 ./Middlewares/Third_Party/SubGHz_Phy/stm32_radio_driver/radio.o
 .text.RadioTxCw
                0x08009528       0x38 ./Middlewares/Third_Party/SubGHz_Phy/stm32_radio_driver/radio.o
 .text.payload_integration
                0x08009560      0x120 ./Middlewares/Third_Party/SubGHz_Phy/stm32_radio_driver/radio.o
 .text.RadioSetRxGenericConfig
                0x08009680      0x388 ./Middlewares/Third_Party/SubGHz_Phy/stm32_radio_driver/radio.o
 .text.RadioSetTxGenericConfig
                0x08009a08      0x46c ./Middlewares/Third_Party/SubGHz_Phy/stm32_radio_driver/radio.o
 .text.RadioLrFhssSetCfg
                0x08009e74       0x18 ./Middlewares/Third_Party/SubGHz_Phy/stm32_radio_driver/radio.o
 .text.RadioLrFhssGetTimeOnAirInMs
                0x08009e8c       0x16 ./Middlewares/Third_Party/SubGHz_Phy/stm32_radio_driver/radio.o
 *fill*         0x08009ea2        0x2 
 .text.SUBGRF_Init
                0x08009ea4       0x90 ./Middlewares/Third_Party/SubGHz_Phy/stm32_radio_driver/radio_driver.o
                0x08009ea4                SUBGRF_Init
 .text.SUBGRF_GetOperatingMode
                0x08009f34       0x14 ./Middlewares/Third_Party/SubGHz_Phy/stm32_radio_driver/radio_driver.o
                0x08009f34                SUBGRF_GetOperatingMode
 .text.SUBGRF_SetPayload
                0x08009f48       0x20 ./Middlewares/Third_Party/SubGHz_Phy/stm32_radio_driver/radio_driver.o
                0x08009f48                SUBGRF_SetPayload
 .text.SUBGRF_GetPayload
                0x08009f68       0x44 ./Middlewares/Third_Party/SubGHz_Phy/stm32_radio_driver/radio_driver.o
                0x08009f68                SUBGRF_GetPayload
 .text.SUBGRF_SendPayload
                0x08009fac       0x26 ./Middlewares/Third_Party/SubGHz_Phy/stm32_radio_driver/radio_driver.o
                0x08009fac                SUBGRF_SendPayload
 .text.SUBGRF_SetSyncWord
                0x08009fd2       0x1e ./Middlewares/Third_Party/SubGHz_Phy/stm32_radio_driver/radio_driver.o
                0x08009fd2                SUBGRF_SetSyncWord
 .text.SUBGRF_SetCrcSeed
                0x08009ff0       0x40 ./Middlewares/Third_Party/SubGHz_Phy/stm32_radio_driver/radio_driver.o
                0x08009ff0                SUBGRF_SetCrcSeed
 .text.SUBGRF_SetCrcPolynomial
                0x0800a030       0x40 ./Middlewares/Third_Party/SubGHz_Phy/stm32_radio_driver/radio_driver.o
                0x0800a030                SUBGRF_SetCrcPolynomial
 .text.SUBGRF_SetWhiteningSeed
                0x0800a070       0x66 ./Middlewares/Third_Party/SubGHz_Phy/stm32_radio_driver/radio_driver.o
                0x0800a070                SUBGRF_SetWhiteningSeed
 .text.SUBGRF_GetRandom
                0x0800a0d6       0x8c ./Middlewares/Third_Party/SubGHz_Phy/stm32_radio_driver/radio_driver.o
                0x0800a0d6                SUBGRF_GetRandom
 *fill*         0x0800a162        0x2 
 .text.SUBGRF_SetSleep
                0x0800a164       0x64 ./Middlewares/Third_Party/SubGHz_Phy/stm32_radio_driver/radio_driver.o
                0x0800a164                SUBGRF_SetSleep
 .text.SUBGRF_SetStandby
                0x0800a1c8       0x38 ./Middlewares/Third_Party/SubGHz_Phy/stm32_radio_driver/radio_driver.o
                0x0800a1c8                SUBGRF_SetStandby
 .text.SUBGRF_SetTx
                0x0800a200       0x40 ./Middlewares/Third_Party/SubGHz_Phy/stm32_radio_driver/radio_driver.o
                0x0800a200                SUBGRF_SetTx
 .text.SUBGRF_SetRx
                0x0800a240       0x40 ./Middlewares/Third_Party/SubGHz_Phy/stm32_radio_driver/radio_driver.o
                0x0800a240                SUBGRF_SetRx
 .text.SUBGRF_SetRxBoosted
                0x0800a280       0x48 ./Middlewares/Third_Party/SubGHz_Phy/stm32_radio_driver/radio_driver.o
                0x0800a280                SUBGRF_SetRxBoosted
 .text.SUBGRF_SetRxDutyCycle
                0x0800a2c8       0x58 ./Middlewares/Third_Party/SubGHz_Phy/stm32_radio_driver/radio_driver.o
                0x0800a2c8                SUBGRF_SetRxDutyCycle
 .text.SUBGRF_SetCad
                0x0800a320       0x1c ./Middlewares/Third_Party/SubGHz_Phy/stm32_radio_driver/radio_driver.o
                0x0800a320                SUBGRF_SetCad
 .text.SUBGRF_SetTxContinuousWave
                0x0800a33c       0x12 ./Middlewares/Third_Party/SubGHz_Phy/stm32_radio_driver/radio_driver.o
                0x0800a33c                SUBGRF_SetTxContinuousWave
 .text.SUBGRF_SetTxInfinitePreamble
                0x0800a34e       0x12 ./Middlewares/Third_Party/SubGHz_Phy/stm32_radio_driver/radio_driver.o
                0x0800a34e                SUBGRF_SetTxInfinitePreamble
 .text.SUBGRF_SetStopRxTimerOnPreambleDetect
                0x0800a360       0x1e ./Middlewares/Third_Party/SubGHz_Phy/stm32_radio_driver/radio_driver.o
                0x0800a360                SUBGRF_SetStopRxTimerOnPreambleDetect
 .text.SUBGRF_SetLoRaSymbNumTimeout
                0x0800a37e       0x5e ./Middlewares/Third_Party/SubGHz_Phy/stm32_radio_driver/radio_driver.o
                0x0800a37e                SUBGRF_SetLoRaSymbNumTimeout
 .text.SUBGRF_SetRegulatorMode
                0x0800a3dc       0x2e ./Middlewares/Third_Party/SubGHz_Phy/stm32_radio_driver/radio_driver.o
                0x0800a3dc                SUBGRF_SetRegulatorMode
 .text.SUBGRF_Calibrate
                0x0800a40a       0x8c ./Middlewares/Third_Party/SubGHz_Phy/stm32_radio_driver/radio_driver.o
                0x0800a40a                SUBGRF_Calibrate
 *fill*         0x0800a496        0x2 
 .text.SUBGRF_CalibrateImage
                0x0800a498       0x94 ./Middlewares/Third_Party/SubGHz_Phy/stm32_radio_driver/radio_driver.o
                0x0800a498                SUBGRF_CalibrateImage
 .text.SUBGRF_SetPaConfig
                0x0800a52c       0x44 ./Middlewares/Third_Party/SubGHz_Phy/stm32_radio_driver/radio_driver.o
                0x0800a52c                SUBGRF_SetPaConfig
 .text.SUBGRF_SetDioIrqParams
                0x0800a570       0x74 ./Middlewares/Third_Party/SubGHz_Phy/stm32_radio_driver/radio_driver.o
                0x0800a570                SUBGRF_SetDioIrqParams
 .text.SUBGRF_SetTcxoMode
                0x0800a5e4       0x42 ./Middlewares/Third_Party/SubGHz_Phy/stm32_radio_driver/radio_driver.o
                0x0800a5e4                SUBGRF_SetTcxoMode
 *fill*         0x0800a626        0x2 
 .text.SUBGRF_SetRfFrequency
                0x0800a628       0x94 ./Middlewares/Third_Party/SubGHz_Phy/stm32_radio_driver/radio_driver.o
                0x0800a628                SUBGRF_SetRfFrequency
 .text.SUBGRF_SetPacketType
                0x0800a6bc       0x38 ./Middlewares/Third_Party/SubGHz_Phy/stm32_radio_driver/radio_driver.o
                0x0800a6bc                SUBGRF_SetPacketType
 .text.SUBGRF_GetPacketType
                0x0800a6f4       0x14 ./Middlewares/Third_Party/SubGHz_Phy/stm32_radio_driver/radio_driver.o
                0x0800a6f4                SUBGRF_GetPacketType
 .text.SUBGRF_SetTxParams
                0x0800a708      0x19a ./Middlewares/Third_Party/SubGHz_Phy/stm32_radio_driver/radio_driver.o
                0x0800a708                SUBGRF_SetTxParams
 *fill*         0x0800a8a2        0x6 
 .text.SUBGRF_SetModulationParams
                0x0800a8a8      0x1ac ./Middlewares/Third_Party/SubGHz_Phy/stm32_radio_driver/radio_driver.o
                0x0800a8a8                SUBGRF_SetModulationParams
 .text.SUBGRF_SetPacketParams
                0x0800aa54      0x13c ./Middlewares/Third_Party/SubGHz_Phy/stm32_radio_driver/radio_driver.o
                0x0800aa54                SUBGRF_SetPacketParams
 .text.SUBGRF_SetBufferBaseAddress
                0x0800ab90       0x2e ./Middlewares/Third_Party/SubGHz_Phy/stm32_radio_driver/radio_driver.o
                0x0800ab90                SUBGRF_SetBufferBaseAddress
 .text.SUBGRF_GetRssiInst
                0x0800abbe       0x2a ./Middlewares/Third_Party/SubGHz_Phy/stm32_radio_driver/radio_driver.o
                0x0800abbe                SUBGRF_GetRssiInst
 .text.SUBGRF_GetRxBufferStatus
                0x0800abe8       0x58 ./Middlewares/Third_Party/SubGHz_Phy/stm32_radio_driver/radio_driver.o
                0x0800abe8                SUBGRF_GetRxBufferStatus
 .text.SUBGRF_GetPacketStatus
                0x0800ac40       0xa4 ./Middlewares/Third_Party/SubGHz_Phy/stm32_radio_driver/radio_driver.o
                0x0800ac40                SUBGRF_GetPacketStatus
 .text.SUBGRF_WriteRegister
                0x0800ace4       0x28 ./Middlewares/Third_Party/SubGHz_Phy/stm32_radio_driver/radio_driver.o
                0x0800ace4                SUBGRF_WriteRegister
 .text.SUBGRF_ReadRegister
                0x0800ad0c       0x28 ./Middlewares/Third_Party/SubGHz_Phy/stm32_radio_driver/radio_driver.o
                0x0800ad0c                SUBGRF_ReadRegister
 .text.SUBGRF_WriteRegisters
                0x0800ad34       0x44 ./Middlewares/Third_Party/SubGHz_Phy/stm32_radio_driver/radio_driver.o
                0x0800ad34                SUBGRF_WriteRegisters
 .text.SUBGRF_ReadRegisters
                0x0800ad78       0x44 ./Middlewares/Third_Party/SubGHz_Phy/stm32_radio_driver/radio_driver.o
                0x0800ad78                SUBGRF_ReadRegisters
 .text.SUBGRF_WriteBuffer
                0x0800adbc       0x44 ./Middlewares/Third_Party/SubGHz_Phy/stm32_radio_driver/radio_driver.o
                0x0800adbc                SUBGRF_WriteBuffer
 .text.SUBGRF_ReadBuffer
                0x0800ae00       0x44 ./Middlewares/Third_Party/SubGHz_Phy/stm32_radio_driver/radio_driver.o
                0x0800ae00                SUBGRF_ReadBuffer
 .text.SUBGRF_WriteCommand
                0x0800ae44       0x44 ./Middlewares/Third_Party/SubGHz_Phy/stm32_radio_driver/radio_driver.o
                0x0800ae44                SUBGRF_WriteCommand
 .text.SUBGRF_ReadCommand
                0x0800ae88       0x44 ./Middlewares/Third_Party/SubGHz_Phy/stm32_radio_driver/radio_driver.o
                0x0800ae88                SUBGRF_ReadCommand
 .text.SUBGRF_SetSwitch
                0x0800aecc       0x50 ./Middlewares/Third_Party/SubGHz_Phy/stm32_radio_driver/radio_driver.o
                0x0800aecc                SUBGRF_SetSwitch
 .text.SUBGRF_SetRfTxPower
                0x0800af1c       0x68 ./Middlewares/Third_Party/SubGHz_Phy/stm32_radio_driver/radio_driver.o
                0x0800af1c                SUBGRF_SetRfTxPower
 .text.SUBGRF_GetRadioWakeUpTime
                0x0800af84        0xe ./Middlewares/Third_Party/SubGHz_Phy/stm32_radio_driver/radio_driver.o
                0x0800af84                SUBGRF_GetRadioWakeUpTime
 *fill*         0x0800af92        0x2 
 .text.HAL_SUBGHZ_TxCpltCallback
                0x0800af94       0x1c ./Middlewares/Third_Party/SubGHz_Phy/stm32_radio_driver/radio_driver.o
                0x0800af94                HAL_SUBGHZ_TxCpltCallback
 .text.HAL_SUBGHZ_RxCpltCallback
                0x0800afb0       0x1c ./Middlewares/Third_Party/SubGHz_Phy/stm32_radio_driver/radio_driver.o
                0x0800afb0                HAL_SUBGHZ_RxCpltCallback
 .text.HAL_SUBGHZ_CRCErrorCallback
                0x0800afcc       0x1c ./Middlewares/Third_Party/SubGHz_Phy/stm32_radio_driver/radio_driver.o
                0x0800afcc                HAL_SUBGHZ_CRCErrorCallback
 .text.HAL_SUBGHZ_CADStatusCallback
                0x0800afe8       0x3c ./Middlewares/Third_Party/SubGHz_Phy/stm32_radio_driver/radio_driver.o
                0x0800afe8                HAL_SUBGHZ_CADStatusCallback
 .text.HAL_SUBGHZ_RxTxTimeoutCallback
                0x0800b024       0x20 ./Middlewares/Third_Party/SubGHz_Phy/stm32_radio_driver/radio_driver.o
                0x0800b024                HAL_SUBGHZ_RxTxTimeoutCallback
 .text.HAL_SUBGHZ_HeaderErrorCallback
                0x0800b044       0x1c ./Middlewares/Third_Party/SubGHz_Phy/stm32_radio_driver/radio_driver.o
                0x0800b044                HAL_SUBGHZ_HeaderErrorCallback
 .text.HAL_SUBGHZ_PreambleDetectedCallback
                0x0800b060       0x1c ./Middlewares/Third_Party/SubGHz_Phy/stm32_radio_driver/radio_driver.o
                0x0800b060                HAL_SUBGHZ_PreambleDetectedCallback
 .text.HAL_SUBGHZ_SyncWordValidCallback
                0x0800b07c       0x1c ./Middlewares/Third_Party/SubGHz_Phy/stm32_radio_driver/radio_driver.o
                0x0800b07c                HAL_SUBGHZ_SyncWordValidCallback
 .text.HAL_SUBGHZ_HeaderValidCallback
                0x0800b098       0x1c ./Middlewares/Third_Party/SubGHz_Phy/stm32_radio_driver/radio_driver.o
                0x0800b098                HAL_SUBGHZ_HeaderValidCallback
 .text.HAL_SUBGHZ_LrFhssHopCallback
                0x0800b0b4       0x20 ./Middlewares/Third_Party/SubGHz_Phy/stm32_radio_driver/radio_driver.o
                0x0800b0b4                HAL_SUBGHZ_LrFhssHopCallback
 .text.Radio_SMPS_Set
                0x0800b0d4       0x42 ./Middlewares/Third_Party/SubGHz_Phy/stm32_radio_driver/radio_driver.o
 *fill*         0x0800b116        0x2 
 .text.SUBGRF_GetFskBandwidthRegValue
                0x0800b118       0x50 ./Middlewares/Third_Party/SubGHz_Phy/stm32_radio_driver/radio_driver.o
                0x0800b118                SUBGRF_GetFskBandwidthRegValue
 .text.SUBGRF_GetCFO
                0x0800b168       0xe8 ./Middlewares/Third_Party/SubGHz_Phy/stm32_radio_driver/radio_driver.o
                0x0800b168                SUBGRF_GetCFO
 .text.RFW_TransmitLongPacket
                0x0800b250       0x24 ./Middlewares/Third_Party/SubGHz_Phy/stm32_radio_driver/radio_fw.o
                0x0800b250                RFW_TransmitLongPacket
 .text.RFW_ReceiveLongPacket
                0x0800b274       0x24 ./Middlewares/Third_Party/SubGHz_Phy/stm32_radio_driver/radio_fw.o
                0x0800b274                RFW_ReceiveLongPacket
 .text.RFW_Init
                0x0800b298       0x1a ./Middlewares/Third_Party/SubGHz_Phy/stm32_radio_driver/radio_fw.o
                0x0800b298                RFW_Init
 .text.RFW_DeInit
                0x0800b2b2        0xc ./Middlewares/Third_Party/SubGHz_Phy/stm32_radio_driver/radio_fw.o
                0x0800b2b2                RFW_DeInit
 .text.RFW_Is_Init
                0x0800b2be        0xe ./Middlewares/Third_Party/SubGHz_Phy/stm32_radio_driver/radio_fw.o
                0x0800b2be                RFW_Is_Init
 .text.RFW_Is_LongPacketModeEnabled
                0x0800b2cc        0xe ./Middlewares/Third_Party/SubGHz_Phy/stm32_radio_driver/radio_fw.o
                0x0800b2cc                RFW_Is_LongPacketModeEnabled
 .text.RFW_SetAntSwitch
                0x0800b2da       0x14 ./Middlewares/Third_Party/SubGHz_Phy/stm32_radio_driver/radio_fw.o
                0x0800b2da                RFW_SetAntSwitch
 .text.RFW_TransmitInit
                0x0800b2ee       0x20 ./Middlewares/Third_Party/SubGHz_Phy/stm32_radio_driver/radio_fw.o
                0x0800b2ee                RFW_TransmitInit
 .text.RFW_ReceiveInit
                0x0800b30e       0x10 ./Middlewares/Third_Party/SubGHz_Phy/stm32_radio_driver/radio_fw.o
                0x0800b30e                RFW_ReceiveInit
 .text.RFW_DeInit_TxLongPacket
                0x0800b31e        0xc ./Middlewares/Third_Party/SubGHz_Phy/stm32_radio_driver/radio_fw.o
                0x0800b31e                RFW_DeInit_TxLongPacket
 .text.RFW_ReceivePayload
                0x0800b32a        0xc ./Middlewares/Third_Party/SubGHz_Phy/stm32_radio_driver/radio_fw.o
                0x0800b32a                RFW_ReceivePayload
 .text.RFW_SetRadioModem
                0x0800b336       0x14 ./Middlewares/Third_Party/SubGHz_Phy/stm32_radio_driver/radio_fw.o
                0x0800b336                RFW_SetRadioModem
 .text.MX_SubGHz_Phy_Init
                0x0800b34a       0x10 ./SubGHz_Phy/App/app_subghz_phy.o
                0x0800b34a                MX_SubGHz_Phy_Init
 *fill*         0x0800b35a        0x2 
 .text.SubghzApp_Init
                0x0800b35c       0xd4 ./SubGHz_Phy/App/subghz_phy_app.o
                0x0800b35c                SubghzApp_Init
 .text.OnTxDone
                0x0800b430       0x2c ./SubGHz_Phy/App/subghz_phy_app.o
 .text.OnRxDone
                0x0800b45c       0xb8 ./SubGHz_Phy/App/subghz_phy_app.o
 .text.OnTxTimeout
                0x0800b514       0x2c ./SubGHz_Phy/App/subghz_phy_app.o
 .text.OnRxTimeout
                0x0800b540       0x14 ./SubGHz_Phy/App/subghz_phy_app.o
 .text.OnRxError
                0x0800b554       0x2c ./SubGHz_Phy/App/subghz_phy_app.o
 .text.RBI_Init
                0x0800b580       0x16 ./SubGHz_Phy/Target/radio_board_if.o
                0x0800b580                RBI_Init
 .text.RBI_ConfigRFSwitch
                0x0800b596       0x56 ./SubGHz_Phy/Target/radio_board_if.o
                0x0800b596                RBI_ConfigRFSwitch
 .text.RBI_GetTxConfig
                0x0800b5ec       0x16 ./SubGHz_Phy/Target/radio_board_if.o
                0x0800b5ec                RBI_GetTxConfig
 .text.RBI_IsTCXO
                0x0800b602       0x16 ./SubGHz_Phy/Target/radio_board_if.o
                0x0800b602                RBI_IsTCXO
 .text.RBI_IsDCDC
                0x0800b618       0x16 ./SubGHz_Phy/Target/radio_board_if.o
                0x0800b618                RBI_IsDCDC
 .text.RBI_GetRFOMaxPowerConfig
                0x0800b62e       0x2a ./SubGHz_Phy/Target/radio_board_if.o
                0x0800b62e                RBI_GetRFOMaxPowerConfig
 .text.UTIL_MEM_cpy_8
                0x0800b658       0x3e ./Utilities/misc/stm32_mem.o
                0x0800b658                UTIL_MEM_cpy_8
 .text.UTIL_MEM_set_8
                0x0800b696       0x36 ./Utilities/misc/stm32_mem.o
                0x0800b696                UTIL_MEM_set_8
 .text.UTIL_TIMER_Create
                0x0800b6cc       0x6c ./Utilities/timer/stm32_timer.o
                0x0800b6cc                UTIL_TIMER_Create
 .text.UTIL_TIMER_Start
                0x0800b738       0xdc ./Utilities/timer/stm32_timer.o
                0x0800b738                UTIL_TIMER_Start
 .text.UTIL_TIMER_Stop
                0x0800b814       0xe0 ./Utilities/timer/stm32_timer.o
                0x0800b814                UTIL_TIMER_Stop
 .text.UTIL_TIMER_SetPeriod
                0x0800b8f4       0x54 ./Utilities/timer/stm32_timer.o
                0x0800b8f4                UTIL_TIMER_SetPeriod
 .text.UTIL_TIMER_GetCurrentTime
                0x0800b948       0x24 ./Utilities/timer/stm32_timer.o
                0x0800b948                UTIL_TIMER_GetCurrentTime
 .text.UTIL_TIMER_GetElapsedTime
                0x0800b96c       0x38 ./Utilities/timer/stm32_timer.o
                0x0800b96c                UTIL_TIMER_GetElapsedTime
 .text.TimerExists
                0x0800b9a4       0x38 ./Utilities/timer/stm32_timer.o
                0x0800b9a4                TimerExists
 .text.TimerSetTimeout
                0x0800b9dc       0x54 ./Utilities/timer/stm32_timer.o
                0x0800b9dc                TimerSetTimeout
 .text.TimerInsertTimer
                0x0800ba30       0x60 ./Utilities/timer/stm32_timer.o
                0x0800ba30                TimerInsertTimer
 .text.TimerInsertNewHeadTimer
                0x0800ba90       0x3c ./Utilities/timer/stm32_timer.o
                0x0800ba90                TimerInsertNewHeadTimer
 .text.malloc   0x0800bacc       0x10 C:/ST/STM32CubeIDE_1.15.1/STM32CubeIDE/plugins/com.st.stm32cube.ide.mcu.externaltools.gnu-tools-for-stm32.12.3.rel1.win32_1.0.100.202403111256/tools/bin/../lib/gcc/arm-none-eabi/12.3.1/../../../../arm-none-eabi/lib/thumb/v7e-m/nofp\libc_nano.a(libc_a-malloc.o)
                0x0800bacc                malloc
 .text.free     0x0800badc       0x10 C:/ST/STM32CubeIDE_1.15.1/STM32CubeIDE/plugins/com.st.stm32cube.ide.mcu.externaltools.gnu-tools-for-stm32.12.3.rel1.win32_1.0.100.202403111256/tools/bin/../lib/gcc/arm-none-eabi/12.3.1/../../../../arm-none-eabi/lib/thumb/v7e-m/nofp\libc_nano.a(libc_a-malloc.o)
                0x0800badc                free
 .text.sbrk_aligned
                0x0800baec       0x44 C:/ST/STM32CubeIDE_1.15.1/STM32CubeIDE/plugins/com.st.stm32cube.ide.mcu.externaltools.gnu-tools-for-stm32.12.3.rel1.win32_1.0.100.202403111256/tools/bin/../lib/gcc/arm-none-eabi/12.3.1/../../../../arm-none-eabi/lib/thumb/v7e-m/nofp\libc_nano.a(libc_a-mallocr.o)
 .text._malloc_r
                0x0800bb30      0x100 C:/ST/STM32CubeIDE_1.15.1/STM32CubeIDE/plugins/com.st.stm32cube.ide.mcu.externaltools.gnu-tools-for-stm32.12.3.rel1.win32_1.0.100.202403111256/tools/bin/../lib/gcc/arm-none-eabi/12.3.1/../../../../arm-none-eabi/lib/thumb/v7e-m/nofp\libc_nano.a(libc_a-mallocr.o)
                0x0800bb30                _malloc_r
 .text.__malloc_lock
                0x0800bc30        0xc C:/ST/STM32CubeIDE_1.15.1/STM32CubeIDE/plugins/com.st.stm32cube.ide.mcu.externaltools.gnu-tools-for-stm32.12.3.rel1.win32_1.0.100.202403111256/tools/bin/../lib/gcc/arm-none-eabi/12.3.1/../../../../arm-none-eabi/lib/thumb/v7e-m/nofp\libc_nano.a(libc_a-mlock.o)
                0x0800bc30                __malloc_lock
 .text.__malloc_unlock
                0x0800bc3c        0xc C:/ST/STM32CubeIDE_1.15.1/STM32CubeIDE/plugins/com.st.stm32cube.ide.mcu.externaltools.gnu-tools-for-stm32.12.3.rel1.win32_1.0.100.202403111256/tools/bin/../lib/gcc/arm-none-eabi/12.3.1/../../../../arm-none-eabi/lib/thumb/v7e-m/nofp\libc_nano.a(libc_a-mlock.o)
                0x0800bc3c                __malloc_unlock
 .text.sprintf  0x0800bc48       0x40 C:/ST/STM32CubeIDE_1.15.1/STM32CubeIDE/plugins/com.st.stm32cube.ide.mcu.externaltools.gnu-tools-for-stm32.12.3.rel1.win32_1.0.100.202403111256/tools/bin/../lib/gcc/arm-none-eabi/12.3.1/../../../../arm-none-eabi/lib/thumb/v7e-m/nofp\libc_nano.a(libc_a-sprintf.o)
                0x0800bc48                siprintf
                0x0800bc48                sprintf
 .text.memset   0x0800bc88       0x10 C:/ST/STM32CubeIDE_1.15.1/STM32CubeIDE/plugins/com.st.stm32cube.ide.mcu.externaltools.gnu-tools-for-stm32.12.3.rel1.win32_1.0.100.202403111256/tools/bin/../lib/gcc/arm-none-eabi/12.3.1/../../../../arm-none-eabi/lib/thumb/v7e-m/nofp\libc_nano.a(libc_a-memset.o)
                0x0800bc88                memset
 .text.strncmp  0x0800bc98       0x24 C:/ST/STM32CubeIDE_1.15.1/STM32CubeIDE/plugins/com.st.stm32cube.ide.mcu.externaltools.gnu-tools-for-stm32.12.3.rel1.win32_1.0.100.202403111256/tools/bin/../lib/gcc/arm-none-eabi/12.3.1/../../../../arm-none-eabi/lib/thumb/v7e-m/nofp\libc_nano.a(libc_a-strncmp.o)
                0x0800bc98                strncmp
 .text.strncpy  0x0800bcbc       0x26 C:/ST/STM32CubeIDE_1.15.1/STM32CubeIDE/plugins/com.st.stm32cube.ide.mcu.externaltools.gnu-tools-for-stm32.12.3.rel1.win32_1.0.100.202403111256/tools/bin/../lib/gcc/arm-none-eabi/12.3.1/../../../../arm-none-eabi/lib/thumb/v7e-m/nofp\libc_nano.a(libc_a-strncpy.o)
                0x0800bcbc                strncpy
 *fill*         0x0800bce2        0x2 
 .text._reclaim_reent
                0x0800bce4       0xac C:/ST/STM32CubeIDE_1.15.1/STM32CubeIDE/plugins/com.st.stm32cube.ide.mcu.externaltools.gnu-tools-for-stm32.12.3.rel1.win32_1.0.100.202403111256/tools/bin/../lib/gcc/arm-none-eabi/12.3.1/../../../../arm-none-eabi/lib/thumb/v7e-m/nofp\libc_nano.a(libc_a-reent.o)
                0x0800bce4                _reclaim_reent
 .text._sbrk_r  0x0800bd90       0x20 C:/ST/STM32CubeIDE_1.15.1/STM32CubeIDE/plugins/com.st.stm32cube.ide.mcu.externaltools.gnu-tools-for-stm32.12.3.rel1.win32_1.0.100.202403111256/tools/bin/../lib/gcc/arm-none-eabi/12.3.1/../../../../arm-none-eabi/lib/thumb/v7e-m/nofp\libc_nano.a(libc_a-sbrkr.o)
                0x0800bd90                _sbrk_r
 .text.__errno  0x0800bdb0        0xc C:/ST/STM32CubeIDE_1.15.1/STM32CubeIDE/plugins/com.st.stm32cube.ide.mcu.externaltools.gnu-tools-for-stm32.12.3.rel1.win32_1.0.100.202403111256/tools/bin/../lib/gcc/arm-none-eabi/12.3.1/../../../../arm-none-eabi/lib/thumb/v7e-m/nofp\libc_nano.a(libc_a-errno.o)
                0x0800bdb0                __errno
 .text.__libc_init_array
                0x0800bdbc       0x48 C:/ST/STM32CubeIDE_1.15.1/STM32CubeIDE/plugins/com.st.stm32cube.ide.mcu.externaltools.gnu-tools-for-stm32.12.3.rel1.win32_1.0.100.202403111256/tools/bin/../lib/gcc/arm-none-eabi/12.3.1/../../../../arm-none-eabi/lib/thumb/v7e-m/nofp\libc_nano.a(libc_a-init.o)
                0x0800bdbc                __libc_init_array
 .text.__retarget_lock_acquire_recursive
                0x0800be04        0x2 C:/ST/STM32CubeIDE_1.15.1/STM32CubeIDE/plugins/com.st.stm32cube.ide.mcu.externaltools.gnu-tools-for-stm32.12.3.rel1.win32_1.0.100.202403111256/tools/bin/../lib/gcc/arm-none-eabi/12.3.1/../../../../arm-none-eabi/lib/thumb/v7e-m/nofp\libc_nano.a(libc_a-lock.o)
                0x0800be04                __retarget_lock_acquire_recursive
 .text.__retarget_lock_release_recursive
                0x0800be06        0x2 C:/ST/STM32CubeIDE_1.15.1/STM32CubeIDE/plugins/com.st.stm32cube.ide.mcu.externaltools.gnu-tools-for-stm32.12.3.rel1.win32_1.0.100.202403111256/tools/bin/../lib/gcc/arm-none-eabi/12.3.1/../../../../arm-none-eabi/lib/thumb/v7e-m/nofp\libc_nano.a(libc_a-lock.o)
                0x0800be06                __retarget_lock_release_recursive
 .text.memcpy   0x0800be08       0x1c C:/ST/STM32CubeIDE_1.15.1/STM32CubeIDE/plugins/com.st.stm32cube.ide.mcu.externaltools.gnu-tools-for-stm32.12.3.rel1.win32_1.0.100.202403111256/tools/bin/../lib/gcc/arm-none-eabi/12.3.1/../../../../arm-none-eabi/lib/thumb/v7e-m/nofp\libc_nano.a(libc_a-memcpy-stub.o)
                0x0800be08                memcpy
 .text._free_r  0x0800be24       0x94 C:/ST/STM32CubeIDE_1.15.1/STM32CubeIDE/plugins/com.st.stm32cube.ide.mcu.externaltools.gnu-tools-for-stm32.12.3.rel1.win32_1.0.100.202403111256/tools/bin/../lib/gcc/arm-none-eabi/12.3.1/../../../../arm-none-eabi/lib/thumb/v7e-m/nofp\libc_nano.a(libc_a-freer.o)
                0x0800be24                _free_r
 .text.__ssputs_r
                0x0800beb8       0xb6 C:/ST/STM32CubeIDE_1.15.1/STM32CubeIDE/plugins/com.st.stm32cube.ide.mcu.externaltools.gnu-tools-for-stm32.12.3.rel1.win32_1.0.100.202403111256/tools/bin/../lib/gcc/arm-none-eabi/12.3.1/../../../../arm-none-eabi/lib/thumb/v7e-m/nofp\libc_nano.a(libc_a-nano-svfprintf.o)
                0x0800beb8                __ssputs_r
 *fill*         0x0800bf6e        0x2 
 .text._svfprintf_r
                0x0800bf70      0x1f8 C:/ST/STM32CubeIDE_1.15.1/STM32CubeIDE/plugins/com.st.stm32cube.ide.mcu.externaltools.gnu-tools-for-stm32.12.3.rel1.win32_1.0.100.202403111256/tools/bin/../lib/gcc/arm-none-eabi/12.3.1/../../../../arm-none-eabi/lib/thumb/v7e-m/nofp\libc_nano.a(libc_a-nano-svfprintf.o)
                0x0800bf70                _svfiprintf_r
                0x0800bf70                _svfprintf_r
 .text._printf_common
                0x0800c168       0xda C:/ST/STM32CubeIDE_1.15.1/STM32CubeIDE/plugins/com.st.stm32cube.ide.mcu.externaltools.gnu-tools-for-stm32.12.3.rel1.win32_1.0.100.202403111256/tools/bin/../lib/gcc/arm-none-eabi/12.3.1/../../../../arm-none-eabi/lib/thumb/v7e-m/nofp\libc_nano.a(libc_a-nano-vfprintf_i.o)
                0x0800c168                _printf_common
 *fill*         0x0800c242        0x2 
 .text._printf_i
                0x0800c244      0x240 C:/ST/STM32CubeIDE_1.15.1/STM32CubeIDE/plugins/com.st.stm32cube.ide.mcu.externaltools.gnu-tools-for-stm32.12.3.rel1.win32_1.0.100.202403111256/tools/bin/../lib/gcc/arm-none-eabi/12.3.1/../../../../arm-none-eabi/lib/thumb/v7e-m/nofp\libc_nano.a(libc_a-nano-vfprintf_i.o)
                0x0800c244                _printf_i
 .text.memmove  0x0800c484       0x34 C:/ST/STM32CubeIDE_1.15.1/STM32CubeIDE/plugins/com.st.stm32cube.ide.mcu.externaltools.gnu-tools-for-stm32.12.3.rel1.win32_1.0.100.202403111256/tools/bin/../lib/gcc/arm-none-eabi/12.3.1/../../../../arm-none-eabi/lib/thumb/v7e-m/nofp\libc_nano.a(libc_a-memmove.o)
                0x0800c484                memmove
 .text._realloc_r
                0x0800c4b8       0x5c C:/ST/STM32CubeIDE_1.15.1/STM32CubeIDE/plugins/com.st.stm32cube.ide.mcu.externaltools.gnu-tools-for-stm32.12.3.rel1.win32_1.0.100.202403111256/tools/bin/../lib/gcc/arm-none-eabi/12.3.1/../../../../arm-none-eabi/lib/thumb/v7e-m/nofp\libc_nano.a(libc_a-reallocr.o)
                0x0800c4b8                _realloc_r
 .text._malloc_usable_size_r
                0x0800c514       0x10 C:/ST/STM32CubeIDE_1.15.1/STM32CubeIDE/plugins/com.st.stm32cube.ide.mcu.externaltools.gnu-tools-for-stm32.12.3.rel1.win32_1.0.100.202403111256/tools/bin/../lib/gcc/arm-none-eabi/12.3.1/../../../../arm-none-eabi/lib/thumb/v7e-m/nofp\libc_nano.a(libc_a-msizer.o)
                0x0800c514                _malloc_usable_size_r
 *(.glue_7)
 .glue_7        0x0800c524        0x0 linker stubs
 *(.glue_7t)
 .glue_7t       0x0800c524        0x0 linker stubs
 *(.eh_frame)
 .eh_frame      0x0800c524        0x0 C:/ST/STM32CubeIDE_1.15.1/STM32CubeIDE/plugins/com.st.stm32cube.ide.mcu.externaltools.gnu-tools-for-stm32.12.3.rel1.win32_1.0.100.202403111256/tools/bin/../lib/gcc/arm-none-eabi/12.3.1/thumb/v7e-m/nofp/crtbegin.o
 *(.init)
 .init          0x0800c524        0x4 C:/ST/STM32CubeIDE_1.15.1/STM32CubeIDE/plugins/com.st.stm32cube.ide.mcu.externaltools.gnu-tools-for-stm32.12.3.rel1.win32_1.0.100.202403111256/tools/bin/../lib/gcc/arm-none-eabi/12.3.1/thumb/v7e-m/nofp/crti.o
                0x0800c524                _init
 .init          0x0800c528        0x8 C:/ST/STM32CubeIDE_1.15.1/STM32CubeIDE/plugins/com.st.stm32cube.ide.mcu.externaltools.gnu-tools-for-stm32.12.3.rel1.win32_1.0.100.202403111256/tools/bin/../lib/gcc/arm-none-eabi/12.3.1/thumb/v7e-m/nofp/crtn.o
 *(.fini)
 .fini          0x0800c530        0x4 C:/ST/STM32CubeIDE_1.15.1/STM32CubeIDE/plugins/com.st.stm32cube.ide.mcu.externaltools.gnu-tools-for-stm32.12.3.rel1.win32_1.0.100.202403111256/tools/bin/../lib/gcc/arm-none-eabi/12.3.1/thumb/v7e-m/nofp/crti.o
                0x0800c530                _fini
 .fini          0x0800c534        0x8 C:/ST/STM32CubeIDE_1.15.1/STM32CubeIDE/plugins/com.st.stm32cube.ide.mcu.externaltools.gnu-tools-for-stm32.12.3.rel1.win32_1.0.100.202403111256/tools/bin/../lib/gcc/arm-none-eabi/12.3.1/thumb/v7e-m/nofp/crtn.o
                0x0800c53c                        . = ALIGN (0x4)
                0x0800c53c                        _etext = .

.vfp11_veneer   0x0800c53c        0x0
 .vfp11_veneer  0x0800c53c        0x0 linker stubs

.v4_bx          0x0800c53c        0x0
 .v4_bx         0x0800c53c        0x0 linker stubs

.iplt           0x0800c53c        0x0
 .iplt          0x0800c53c        0x0 C:/ST/STM32CubeIDE_1.15.1/STM32CubeIDE/plugins/com.st.stm32cube.ide.mcu.externaltools.gnu-tools-for-stm32.12.3.rel1.win32_1.0.100.202403111256/tools/bin/../lib/gcc/arm-none-eabi/12.3.1/thumb/v7e-m/nofp/crtbegin.o

.rodata         0x0800c53c     0x1104
                0x0800c53c                        . = ALIGN (0x4)
 *(.rodata)
 .rodata        0x0800c53c      0xd43 ./Core/Src/app_freertos.o
 *fill*         0x0800d27f        0x1 
 .rodata        0x0800d280       0x1c ./Drivers/STM32WLxx_HAL_Driver/Src/stm32wlxx_hal_rcc.o
 .rodata        0x0800d29c        0x5 ./Middlewares/Third_Party/FreeRTOS/Source/tasks.o
 *fill*         0x0800d2a1        0x3 
 .rodata        0x0800d2a4        0xd ./Middlewares/Third_Party/FreeRTOS/Source/timers.o
 *fill*         0x0800d2b1        0x3 
 .rodata        0x0800d2b4       0x10 ./Middlewares/Third_Party/SubGHz_Phy/stm32_radio_driver/radio.o
 .rodata        0x0800d2c4       0x11 ./Middlewares/Third_Party/SubGHz_Phy/stm32_radio_driver/radio_driver.o
 *fill*         0x0800d2d5        0x3 
 .rodata        0x0800d2d8       0x64 ./SubGHz_Phy/App/subghz_phy_app.o
 *(.rodata*)
 .rodata.defaultTask_attributes
                0x0800d33c       0x24 ./Core/Src/app_freertos.o
                0x0800d33c                defaultTask_attributes
 .rodata.UsbTask_attributes
                0x0800d360       0x24 ./Core/Src/app_freertos.o
                0x0800d360                UsbTask_attributes
 .rodata.LoraTask_attributes
                0x0800d384       0x24 ./Core/Src/app_freertos.o
                0x0800d384                LoraTask_attributes
 .rodata.SendLoraQueue_attributes
                0x0800d3a8       0x18 ./Core/Src/app_freertos.o
                0x0800d3a8                SendLoraQueue_attributes
 .rodata.SendUsbQueue_attributes
                0x0800d3c0       0x18 ./Core/Src/app_freertos.o
                0x0800d3c0                SendUsbQueue_attributes
 .rodata.AHBPrescTable
                0x0800d3d8       0x40 ./Core/Src/system_stm32wlxx.o
                0x0800d3d8                AHBPrescTable
 .rodata.APBPrescTable
                0x0800d418       0x20 ./Core/Src/system_stm32wlxx.o
                0x0800d418                APBPrescTable
 .rodata.MSIRangeTable
                0x0800d438       0x40 ./Core/Src/system_stm32wlxx.o
                0x0800d438                MSIRangeTable
 .rodata.UTIL_TimerDriver
                0x0800d478       0x2c ./Core/Src/timer_if.o
                0x0800d478                UTIL_TimerDriver
 .rodata.UARTPrescTable
                0x0800d4a4       0x18 ./Drivers/STM32WLxx_HAL_Driver/Src/stm32wlxx_hal_uart.o
                0x0800d4a4                UARTPrescTable
 .rodata.numerator.1
                0x0800d4bc        0x8 ./Drivers/STM32WLxx_HAL_Driver/Src/stm32wlxx_hal_uart_ex.o
 .rodata.denominator.0
                0x0800d4c4        0x8 ./Drivers/STM32WLxx_HAL_Driver/Src/stm32wlxx_hal_uart_ex.o
 .rodata.Radio  0x0800d4cc       0x8c ./Middlewares/Third_Party/SubGHz_Phy/stm32_radio_driver/radio.o
                0x0800d4cc                Radio
 .rodata.Bandwidths
                0x0800d558        0x3 ./Middlewares/Third_Party/SubGHz_Phy/stm32_radio_driver/radio.o
                0x0800d558                Bandwidths
 *fill*         0x0800d55b        0x1 
 .rodata.FskBandwidths
                0x0800d55c       0xb0 ./Middlewares/Third_Party/SubGHz_Phy/stm32_radio_driver/radio_driver.o
 .rodata._svfprintf_r.str1.1
                0x0800d60c       0x11 C:/ST/STM32CubeIDE_1.15.1/STM32CubeIDE/plugins/com.st.stm32cube.ide.mcu.externaltools.gnu-tools-for-stm32.12.3.rel1.win32_1.0.100.202403111256/tools/bin/../lib/gcc/arm-none-eabi/12.3.1/../../../../arm-none-eabi/lib/thumb/v7e-m/nofp\libc_nano.a(libc_a-nano-svfprintf.o)
 .rodata._printf_i.str1.1
                0x0800d61d       0x22 C:/ST/STM32CubeIDE_1.15.1/STM32CubeIDE/plugins/com.st.stm32cube.ide.mcu.externaltools.gnu-tools-for-stm32.12.3.rel1.win32_1.0.100.202403111256/tools/bin/../lib/gcc/arm-none-eabi/12.3.1/../../../../arm-none-eabi/lib/thumb/v7e-m/nofp\libc_nano.a(libc_a-nano-vfprintf_i.o)
                0x0800d640                        . = ALIGN (0x4)
 *fill*         0x0800d63f        0x1 

.ARM.extab      0x0800d640        0x0
                0x0800d640                        . = ALIGN (0x4)
 *(.ARM.extab* .gnu.linkonce.armextab.*)
                0x0800d640                        . = ALIGN (0x4)

.ARM            0x0800d640        0x8
                0x0800d640                        . = ALIGN (0x4)
                0x0800d640                        __exidx_start = .
 *(.ARM.exidx*)
 .ARM.exidx     0x0800d640        0x8 C:/ST/STM32CubeIDE_1.15.1/STM32CubeIDE/plugins/com.st.stm32cube.ide.mcu.externaltools.gnu-tools-for-stm32.12.3.rel1.win32_1.0.100.202403111256/tools/bin/../lib/gcc/arm-none-eabi/12.3.1/../../../../arm-none-eabi/lib/thumb/v7e-m/nofp\libc_nano.a(libc_a-strlen.o)